 native

 Timestamp is 5d9d4774 (Tue Oct  8 22:35:32 2019)

 Preferred load address is 0000000180000000

 Start         Length     Name                   Class
 0001:00000000 00000110H .text$di                CODE
 0001:00000110 0001ed10H .text$mn                CODE
 0001:0001ee20 00000020H .text$mn$00             CODE
 0001:0001ee40 000005f0H .text$x                 CODE
 0001:0001f430 0000012cH .text$yd                CODE
 0002:00000000 000002a0H .idata$5                DATA
 0002:000002a0 00000010H .00cfg                  DATA
 0002:000002b0 00000008H .CRT$XCA                DATA
 0002:000002b8 00000038H .CRT$XCC                DATA
 0002:000002f0 00000010H .CRT$XCL                DATA
 0002:00000300 00000008H .CRT$XCU                DATA
 0002:00000308 00000008H .CRT$XCZ                DATA
 0002:00000310 00000008H .CRT$XIA                DATA
 0002:00000318 00000028H .CRT$XIC                DATA
 0002:00000340 00000008H .CRT$XIZ                DATA
 0002:00000348 00000008H .CRT$XPA                DATA
 0002:00000350 00000010H .CRT$XPX                DATA
 0002:00000360 00000008H .CRT$XPXA               DATA
 0002:00000368 00000008H .CRT$XPZ                DATA
 0002:00000370 00000008H .CRT$XTA                DATA
 0002:00000378 00000008H .CRT$XTZ                DATA
 0002:00000380 00000000H .gfids$y                DATA
 0002:00000380 00010b90H .rdata                  DATA
 0002:00010f10 00000ebcH .rdata$r                DATA
 0002:00011dcc 000003fcH .rdata$zzzdbg           DATA
 0002:000121c8 00000008H .rtc$IAA                DATA
 0002:000121d0 00000008H .rtc$IZZ                DATA
 0002:000121d8 00000008H .rtc$TAA                DATA
 0002:000121e0 00000010H .rtc$TZZ                DATA
 0002:000121f0 00001e00H .xdata                  DATA
 0002:00013ff0 0000044cH .xdata$x                DATA
 0002:0001443c 00000020H .didat$2                DATA
 0002:0001445c 00000024H .didat$3                DATA
 0002:00014480 000000e8H .didat$4                DATA
 0002:00014568 000002c8H .didat$6                DATA
 0002:00014830 000000f0H .didat$7                DATA
 0002:00014920 00000050H .edata                  DATA
 0002:00014970 00000014H .idata$2                DATA
 0002:00014984 00000014H .idata$3                DATA
 0002:00014998 000002a0H .idata$4                DATA
 0002:00014c38 00000606H .idata$6                DATA
 0003:00000000 00001030H .data                   DATA
 0003:00001030 00000618H .data$r                 DATA
 0003:00001648 000000e8H .didat$5                DATA
 0003:00001730 00003b78H .bss                    DATA
 0004:00000000 00001eb4H .pdata                  DATA
 0005:00000000 00000060H .rsrc$01                DATA
 0005:00000060 00000180H .rsrc$02                DATA

  Address         Publics by Value              Rva+Base               Lib:Object

 0000:00000000       __hybrid_code_map_count    0000000000000000     <absolute>
 0000:00000000       __hybrid_code_map          0000000000000000     <absolute>
 0000:00000000       __guard_iat_count          0000000000000000     <absolute>
 0000:00000000       __guard_longjmp_count      0000000000000000     <absolute>
 0000:00000000       __volatile_metadata        0000000000000000     <absolute>
 0000:00000000       __guard_longjmp_table      0000000000000000     <absolute>
 0000:00000000       __guard_iat_table          0000000000000000     <absolute>
 0000:00000000       __guard_fids_count         0000000000000000     <absolute>
 0000:00000000       ___safe_se_handler_count   0000000000000000     <absolute>
 0000:00000000       __enclave_config           0000000000000000     <absolute>
 0000:00000000       ___safe_se_handler_table   0000000000000000     <absolute>
 0000:00000000       __guard_fids_table         0000000000000000     <absolute>
 0000:00000000       __hybrid_auxiliary_iat     0000000000000000     <absolute>
 0000:00000000       __dynamic_value_reloc_table 0000000000000000     <absolute>
 0000:00000100       __guard_flags              0000000000000100     <absolute>
 0000:00000000       __ImageBase                0000000180000000     <linker-defined>
 0001:00000110       ??0exception@stdext@@QEAA@AEBV01@@Z 0000000180001110 f i binding.obj
 0001:00000130       ?what@exception@stdext@@UEBAPEBDXZ 0000000180001130 f i binding.obj
 0001:00000150       ?_Raise@exception@stdext@@QEBAXXZ 0000000180001150 f i binding.obj
 0001:00000190       ?_Unlock@?$basic_streambuf@DU?$char_traits@D@std@@@std@@UEAAXXZ 0000000180001190 f i libcpmt:cout.obj
 0001:00000190       _guard_check_icall_nop     0000000180001190 f i LIBCMT:guard_support.obj
 0001:00000190       ?_Doraise@exception@stdext@@MEBAXXZ 0000000180001190 f i binding.obj
 0001:00000190       ?imbue@?$basic_streambuf@DU?$char_traits@D@std@@@std@@MEAAXAEBVlocale@2@@Z 0000000180001190 f i libcpmt:cout.obj
 0001:00000190       ?_Lock@?$basic_streambuf@DU?$char_traits@D@std@@@std@@UEAAXXZ 0000000180001190 f i libcpmt:cout.obj
 0001:000001a0       ??_Gexception@stdext@@UEAAPEAXI@Z 00000001800011a0 f i binding.obj
 0001:000001a0       ??_Eruntime_error@std@@UEAAPEAXI@Z 00000001800011a0 f i * CIL library *:* CIL module *
 0001:000001a0       ??_Gruntime_error@std@@UEAAPEAXI@Z 00000001800011a0 f i binding.obj
 0001:000001a0       ??_Eexception@stdext@@UEAAPEAXI@Z 00000001800011a0 f i * CIL library *:* CIL module *
 0001:000001d0       __local_stdio_printf_options 00000001800011d0 f i binding.obj
 0001:000001e0       ??1failure@ios_base@std@@UEAA@XZ 00000001800011e0 f i binding.obj
 0001:000001e0       ??1runtime_error@std@@UEAA@XZ 00000001800011e0 f i binding.obj
 0001:000001f0       ?default_error_condition@error_category@std@@UEBA?AVerror_condition@2@H@Z 00000001800011f0 f i binding.obj
 0001:00000200       ?equivalent@error_category@std@@UEBA_NHAEBVerror_condition@2@@Z 0000000180001200 f i binding.obj
 0001:00000240       ?equivalent@error_category@std@@UEBA_NAEBVerror_code@2@H@Z 0000000180001240 f i binding.obj
 0001:00000260       ?make_error_code@std@@YA?AVerror_code@1@W4io_errc@1@@Z 0000000180001260 f i binding.obj
 0001:000002b0       ??0_System_error@std@@IEAA@Verror_code@1@AEBV?$basic_string@DU?$char_traits@D@std@@V?$allocator@D@2@@1@@Z 00000001800012b0 f i binding.obj
 0001:000004e0       ??_G_System_error@std@@UEAAPEAXI@Z 00000001800014e0 f i binding.obj
 0001:000004e0       ??_E_System_error@std@@UEAAPEAXI@Z 00000001800014e0 f i * CIL library *:* CIL module *
 0001:000004e0       ??_Esystem_error@std@@UEAAPEAXI@Z 00000001800014e0 f i * CIL library *:* CIL module *
 0001:000004e0       ??_Efailure@ios_base@std@@UEAAPEAXI@Z 00000001800014e0 f i * CIL library *:* CIL module *
 0001:000004e0       ??_Gsystem_error@std@@UEAAPEAXI@Z 00000001800014e0 f i binding.obj
 0001:000004e0       ??_Gfailure@ios_base@std@@UEAAPEAXI@Z 00000001800014e0 f i binding.obj
 0001:00000510       ?name@_Iostream_error_category@std@@UEBAPEBDXZ 0000000180001510 f i binding.obj
 0001:00000520       ?message@_Iostream_error_category@std@@UEBA?AV?$basic_string@DU?$char_traits@D@std@@V?$allocator@D@2@@2@H@Z 0000000180001520 f i binding.obj
 0001:00000570       ??_G_Iostream_error_category@std@@UEAAPEAXI@Z 0000000180001570 f i binding.obj
 0001:00000570       ??_E_Iostream_error_category@std@@UEAAPEAXI@Z 0000000180001570 f i * CIL library *:* CIL module *
 0001:000005a0       ??0failure@ios_base@std@@QEAA@PEBDAEBVerror_code@2@@Z 00000001800015a0 f i binding.obj
 0001:00000650       ??1Error@Napi@@UEAA@XZ     0000000180001650 f i binding.obj
 0001:000006e0       ?New@Error@Napi@@SA?AV12@PEAUnapi_env__@@@Z 00000001800016e0 f i binding.obj
 0001:000008e0       ??_GError@Napi@@UEAAPEAXI@Z 00000001800018e0 f i binding.obj
 0001:000008e0       ??_EError@Napi@@UEAAPEAXI@Z 00000001800018e0 f i * CIL library *:* CIL module *
 0001:00000920       ??0Error@Napi@@QEAA@AEBV01@@Z 0000000180001920 f i binding.obj
 0001:00000a80       ?Message@Error@Napi@@QEBAAEBV?$basic_string@DU?$char_traits@D@std@@V?$allocator@D@2@@std@@XZ 0000000180001a80 f i binding.obj
 0001:00000ce0       ?ThrowAsJavaScriptException@Error@Napi@@QEBAXXZ 0000000180001ce0 f i binding.obj
 0001:00000de0       ?what@Error@Napi@@UEBAPEBDXZ 0000000180001de0 f i binding.obj
 0001:00000e00       ??0ObjectReference@Napi@@IEAA@AEBV01@@Z 0000000180001e00 f i binding.obj
 0001:00000e00       ??0?$Reference@VObject@Napi@@@Napi@@IEAA@AEBV01@@Z 0000000180001e00 f i binding.obj
 0001:00000f30       ?Get@ObjectReference@Napi@@QEBA?AVValue@2@PEBD@Z 0000000180001f30 f i binding.obj
 0001:000010c0       ??0CallbackInfo@Napi@@QEAA@PEAUnapi_env__@@PEAUnapi_callback_info__@@@Z 00000001800020c0 f i binding.obj
 0001:000011f0       ?makesystem@@YA?AUplansys@@PEAUseedtype@@@Z 00000001800021f0 f   binding.obj
 0001:00001450       ?buildgalaxy@@YAXG@Z       0000000180002450 f   binding.obj
 0001:000015c0       ?Method@@YA?AVString@Napi@@AEBVCallbackInfo@2@@Z 00000001800025c0 f   binding.obj
 0001:00001670       ?TestMethod@@YA?AVObject@Napi@@AEBVCallbackInfo@2@@Z 0000000180002670 f   binding.obj
 0001:00001820       ?Init@@YA?AVObject@Napi@@VEnv@2@V12@@Z 0000000180002820 f   binding.obj
 0001:00001b80       ?__napi_Init@@YAPEAUnapi_value__@@PEAUnapi_env__@@PEAU1@@Z 0000000180002b80 f   binding.obj
 0001:00001bf0       ?reserve@?$basic_string@DU?$char_traits@D@std@@V?$allocator@D@2@@std@@QEAAX_K@Z 0000000180002bf0 f i binding.obj
 0001:00001db0       ??1?$basic_string@DU?$char_traits@D@std@@V?$allocator@D@2@@std@@QEAA@XZ 0000000180002db0 f i binding.obj
 0001:00001e10       ??4?$basic_string@DU?$char_traits@D@std@@V?$allocator@D@2@@std@@QEAAAEAV01@$$QEAV01@@Z 0000000180002e10 f i binding.obj
 0001:00001ea0       ??0?$basic_string@DU?$char_traits@D@std@@V?$allocator@D@2@@std@@QEAA@QEBD@Z 0000000180002ea0 f i binding.obj
 0001:00002010       ?append@?$basic_string@DU?$char_traits@D@std@@V?$allocator@D@2@@std@@QEAAAEAV12@QEBD_K@Z 0000000180003010 f i binding.obj
 0001:00002090       ??$WrapCallback@V<lambda_8c7377a71108815b2eee34f099f4cb99>@@@details@Napi@@YAPEAUnapi_value__@@V<lambda_8c7377a71108815b2eee34f099f4cb99>@@@Z 0000000180003090 f i binding.obj
 0001:000020e0       ??$?6U?$char_traits@D@std@@@std@@YAAEAV?$basic_ostream@DU?$char_traits@D@std@@@0@AEAV10@PEBD@Z 00000001800030e0 f i binding.obj
 0001:00002370       ??$_Reallocate_grow_by@V<lambda_e1befb086ad3257e3f042a63030725f7>@@_KD@?$basic_string@DU?$char_traits@D@std@@V?$allocator@D@2@@std@@QEAAAEAV01@_KV<lambda_e1befb086ad3257e3f042a63030725f7>@@_KD@Z 0000000180003370 f i binding.obj
 0001:000024f0       ??$_Reallocate_grow_by@V<lambda_65e615be2a453ca0576c979606f46740>@@PEBD_K@?$basic_string@DU?$char_traits@D@std@@V?$allocator@D@2@@std@@QEAAAEAV01@_KV<lambda_65e615be2a453ca0576c979606f46740>@@PEBD_K@Z 00000001800034f0 f i binding.obj
 0001:00002670       ?Wrapper@?$CallbackData@P6A?AVString@Napi@@AEBVCallbackInfo@2@@ZV12@@details@Napi@@SAPEAUnapi_value__@@PEAUnapi_env__@@PEAUnapi_callback_info__@@@Z 0000000180003670 f i binding.obj
 0001:00002670       ?Wrapper@?$CallbackData@P6A?AVObject@Napi@@AEBVCallbackInfo@2@@ZV12@@details@Napi@@SAPEAUnapi_value__@@PEAUnapi_env__@@PEAUnapi_callback_info__@@@Z 0000000180003670 f i binding.obj
 0001:000026b0       ??0sentry@?$basic_ostream@DU?$char_traits@D@std@@@std@@QEAA@AEAV12@@Z 00000001800036b0 f i binding.obj
 0001:000027e0       ?_Xlen@?$basic_string@DU?$char_traits@D@std@@V?$allocator@D@2@@std@@SAXXZ 00000001800037e0 f i binding.obj
 0001:00002800       ?setstate@?$basic_ios@DU?$char_traits@D@std@@@std@@QEAAXH_N@Z 0000000180003800 f i binding.obj
 0001:00002880       ??$_Immortalize_impl@V_Iostream_error_category@std@@@std@@YAHPEAX0PEAPEAX@Z 0000000180003880 f i binding.obj
 0001:000028a0       ??$WrapCallback@V<lambda_6f109283bb3487c094c6ead15e4bed03>@@@details@Napi@@YAPEAUnapi_value__@@V<lambda_6f109283bb3487c094c6ead15e4bed03>@@@Z 00000001800038a0 f i binding.obj
 0001:000028a0       ??$WrapCallback@V<lambda_1e7beed46a13b5db275532e749255f2a>@@@details@Napi@@YAPEAUnapi_value__@@V<lambda_1e7beed46a13b5db275532e749255f2a>@@@Z 00000001800038a0 f i binding.obj
 0001:0000297c       __imp_load_napi_create_function 000000018000397c f   node:node.exe
 0001:00002988       __tailMerge_node_exe       0000000180003988     node:node.exe
 0001:00002a01       __imp_load_napi_open_handle_scope 0000000180003a01 f   node:node.exe
 0001:00002a0d       __imp_load_napi_get_last_error_info 0000000180003a0d f   node:node.exe
 0001:00002a19       __imp_load_napi_create_error 0000000180003a19 f   node:node.exe
 0001:00002a25       __imp_load_napi_delete_reference 0000000180003a25 f   node:node.exe
 0001:00002a31       __imp_load_napi_fatal_error 0000000180003a31 f   node:node.exe
 0001:00002a3d       __imp_load_napi_is_exception_pending 0000000180003a3d f   node:node.exe
 0001:00002a49       __imp_load_napi_create_symbol 0000000180003a49 f   node:node.exe
 0001:00002a55       __imp_load_napi_get_value_string_utf8 0000000180003a55 f   node:node.exe
 0001:00002a61       __imp_load_napi_close_escapable_handle_scope 0000000180003a61 f   node:node.exe
 0001:00002a6d       __imp_load_napi_escape_handle 0000000180003a6d f   node:node.exe
 0001:00002a79       __imp_load_napi_create_type_error 0000000180003a79 f   node:node.exe
 0001:00002a85       __imp_load_napi_create_external 0000000180003a85 f   node:node.exe
 0001:00002a91       __imp_load_napi_create_string_utf8 0000000180003a91 f   node:node.exe
 0001:00002a9d       __imp_load_napi_module_register 0000000180003a9d f   node:node.exe
 0001:00002aa9       __imp_load_napi_set_named_property 0000000180003aa9 f   node:node.exe
 0001:00002ab5       __imp_load_napi_get_named_property 0000000180003ab5 f   node:node.exe
 0001:00002ac1       __imp_load_napi_define_properties 0000000180003ac1 f   node:node.exe
 0001:00002acd       __imp_load_napi_throw      0000000180003acd f   node:node.exe
 0001:00002ad9       __imp_load_napi_get_and_clear_last_exception 0000000180003ad9 f   node:node.exe
 0001:00002ae5       __imp_load_napi_create_object 0000000180003ae5 f   node:node.exe
 0001:00002af1       __imp_load_napi_set_property 0000000180003af1 f   node:node.exe
 0001:00002afd       __imp_load_napi_get_cb_info 0000000180003afd f   node:node.exe
 0001:00002b09       __imp_load_napi_open_escapable_handle_scope 0000000180003b09 f   node:node.exe
 0001:00002b15       __imp_load_napi_create_reference 0000000180003b15 f   node:node.exe
 0001:00002b21       __imp_load_napi_close_handle_scope 0000000180003b21 f   node:node.exe
 0001:00002b2d       __imp_load_napi_create_double 0000000180003b2d f   node:node.exe
 0001:00002b39       __imp_load_napi_get_reference_value 0000000180003b39 f   node:node.exe
 0001:00002b48       ??0_System_error@std@@QEAA@AEBV01@@Z 0000000180003b48 f i libcpmt:xonce.obj
 0001:00002b9c       ??0exception@std@@QEAA@AEBV01@@Z 0000000180003b9c f i libcpmt:xonce.obj
 0001:00002bd4       ??0runtime_error@std@@QEAA@AEBV01@@Z 0000000180003bd4 f i libcpmt:xonce.obj
 0001:00002c14       ??0system_error@std@@QEAA@AEBV01@@Z 0000000180003c14 f i libcpmt:xonce.obj
 0001:00002c70       ??_Ebad_alloc@std@@UEAAPEAXI@Z 0000000180003c70 f i libcpmt:xthrow.obj
 0001:00002c70       ??_Ebad_cast@std@@UEAAPEAXI@Z 0000000180003c70 f i libcpmt:cout.obj
 0001:00002c70       ??_Elength_error@std@@UEAAPEAXI@Z 0000000180003c70 f i libcpmt:xthrow.obj
 0001:00002c70       ??_Ebad_exception@std@@UEAAPEAXI@Z 0000000180003c70 f i libvcruntime:frame.obj
 0001:00002c70       ??_Glength_error@std@@UEAAPEAXI@Z 0000000180003c70 f i libcpmt:xthrow.obj
 0001:00002c70       ??_Ebad_array_new_length@std@@UEAAPEAXI@Z 0000000180003c70 f i LIBCMT:throw_bad_alloc.obj
 0001:00002c70       ??_Eexception@std@@UEAAPEAXI@Z 0000000180003c70 f i libcpmt:xonce.obj
 0001:00002c70       ??_Glogic_error@std@@UEAAPEAXI@Z 0000000180003c70 f i libcpmt:xthrow.obj
 0001:00002c70       ??_Gbad_alloc@std@@UEAAPEAXI@Z 0000000180003c70 f i libcpmt:xthrow.obj
 0001:00002c70       ??_Gbad_exception@std@@UEAAPEAXI@Z 0000000180003c70 f i libvcruntime:frame.obj
 0001:00002c70       ??_Elogic_error@std@@UEAAPEAXI@Z 0000000180003c70 f i libcpmt:xthrow.obj
 0001:00002c70       ??_Gbad_array_new_length@std@@UEAAPEAXI@Z 0000000180003c70 f i LIBCMT:throw_bad_alloc.obj
 0001:00002c70       ??_Gexception@std@@UEAAPEAXI@Z 0000000180003c70 f i libcpmt:xonce.obj
 0001:00002c70       ??_Gbad_cast@std@@UEAAPEAXI@Z 0000000180003c70 f i libcpmt:cout.obj
 0001:00002cb4       ?_Execute_once@std@@YAHAEAUonce_flag@1@P6AHPEAX1PEAPEAX@Z1@Z 0000000180003cb4 f   libcpmt:xonce.obj
 0001:00002cbc       ?what@exception@std@@UEBAPEBDXZ 0000000180003cbc f i libcpmt:xonce.obj
 0001:00002e2c       ??$use_facet@V?$codecvt@DDU_Mbstatet@@@std@@@std@@YAAEBV?$codecvt@DDU_Mbstatet@@@0@AEBVlocale@0@@Z 0000000180003e2c f i libcpmt:cout.obj
 0001:00002f60       ??$use_facet@V?$ctype@D@std@@@std@@YAAEBV?$ctype@D@0@AEBVlocale@0@@Z 0000000180003f60 f i libcpmt:cout.obj
 0001:00003094       ??0?$basic_ostream@DU?$char_traits@D@std@@@std@@QEAA@PEAV?$basic_streambuf@DU?$char_traits@D@std@@@1@_N@Z 0000000180004094 f i libcpmt:cout.obj
 0001:00003110       ??0?$basic_streambuf@DU?$char_traits@D@std@@@std@@IEAA@XZ 0000000180004110 f i libcpmt:cout.obj
 0001:000031c0       ??0_Init_cout@std@@QEAA@XZ 00000001800041c0 f i libcpmt:cout.obj
 0001:0000322c       ??0_Locinfo@std@@QEAA@PEBD@Z 000000018000422c f i libcpmt:cout.obj
 0001:000032c4       ??0bad_cast@std@@QEAA@AEBV01@@Z 00000001800042c4 f i libcpmt:cout.obj
 0001:00003304       ??0bad_cast@std@@QEAA@XZ   0000000180004304 f i libcpmt:cout.obj
 0001:00003324       ??0failure@ios_base@std@@QEAA@AEBV012@@Z 0000000180004324 f i libcpmt:cout.obj
 0001:00003380       ??0runtime_error@std@@QEAA@PEBD@Z 0000000180004380 f i libcpmt:cout.obj
 0001:000033cc       ??1?$_Yarn@_W@std@@QEAA@XZ 00000001800043cc f i libcpmt:cout.obj
 0001:000033cc       ??1?$_Yarn@D@std@@QEAA@XZ  00000001800043cc f i libcpmt:cout.obj
 0001:000033ec       ??1?$basic_filebuf@DU?$char_traits@D@std@@@std@@UEAA@XZ 00000001800043ec f i libcpmt:cout.obj
 0001:00003484       ??1?$basic_ios@DU?$char_traits@D@std@@@std@@UEAA@XZ 0000000180004484 f i libcpmt:cout.obj
 0001:000034a8       ??1?$basic_streambuf@DU?$char_traits@D@std@@@std@@UEAA@XZ 00000001800044a8 f i libcpmt:cout.obj
 0001:00003510       ??1?$unique_ptr@V_Facet_base@std@@U?$default_delete@V_Facet_base@std@@@2@@std@@QEAA@XZ 0000000180004510 f i libcpmt:cout.obj
 0001:00003534       ??1_Locinfo@std@@QEAA@XZ   0000000180004534 f i libcpmt:cout.obj
 0001:000035d4       ??1bad_alloc@std@@UEAA@XZ  00000001800045d4 f i libcpmt:xthrow.obj
 0001:000035d4       ??1bad_array_new_length@std@@UEAA@XZ 00000001800045d4 f i LIBCMT:throw_bad_alloc.obj
 0001:000035d4       ??1bad_exception@std@@UEAA@XZ 00000001800045d4 f i libvcruntime:frame.obj
 0001:000035d4       ??1bad_cast@std@@UEAA@XZ   00000001800045d4 f i libcpmt:cout.obj
 0001:000035d4       ??1length_error@std@@UEAA@XZ 00000001800045d4 f i libcpmt:xthrow.obj
 0001:000035e8       ??1locale@std@@QEAA@XZ     00000001800045e8 f i libcpmt:cout.obj
 0001:00003630       ??_E?$basic_ostream@DU?$char_traits@D@std@@@std@@$4PPPPPPPM@A@EAAPEAXI@Z 0000000180004630 f i libcpmt:cout.obj
 0001:0000363c       ??_E?$basic_filebuf@DU?$char_traits@D@std@@@std@@UEAAPEAXI@Z 000000018000463c f i libcpmt:cout.obj
 0001:0000363c       ??_G?$basic_filebuf@DU?$char_traits@D@std@@@std@@UEAAPEAXI@Z 000000018000463c f i libcpmt:cout.obj
 0001:00003670       ??_E?$basic_ios@DU?$char_traits@D@std@@@std@@UEAAPEAXI@Z 0000000180004670 f i libcpmt:cout.obj
 0001:00003670       ??_G?$basic_ios@DU?$char_traits@D@std@@@std@@UEAAPEAXI@Z 0000000180004670 f i libcpmt:cout.obj
 0001:000036bc       ??_G?$basic_ostream@DU?$char_traits@D@std@@@std@@UEAAPEAXI@Z 00000001800046bc f i libcpmt:cout.obj
 0001:000036bc       ??_E?$basic_ostream@DU?$char_traits@D@std@@@std@@UEAAPEAXI@Z 00000001800046bc f i libcpmt:cout.obj
 0001:0000372c       ??_E?$basic_streambuf@DU?$char_traits@D@std@@@std@@UEAAPEAXI@Z 000000018000472c f i libcpmt:cout.obj
 0001:0000372c       ??_G?$basic_streambuf@DU?$char_traits@D@std@@@std@@UEAAPEAXI@Z 000000018000472c f i libcpmt:cout.obj
 0001:00003760       ??_E?$codecvt@DDU_Mbstatet@@@std@@MEAAPEAXI@Z 0000000180004760 f i libcpmt:cout.obj
 0001:00003760       ??_G?$codecvt@DDU_Mbstatet@@@std@@MEAAPEAXI@Z 0000000180004760 f i libcpmt:cout.obj
 0001:0000378c       ??_E?$ctype@D@std@@MEAAPEAXI@Z 000000018000478c f i libcpmt:cout.obj
 0001:0000378c       ??_G?$ctype@D@std@@MEAAPEAXI@Z 000000018000478c f i libcpmt:cout.obj
 0001:000037f8       ??_G_Facet_base@std@@UEAAPEAXI@Z 00000001800047f8 f i libcpmt:cout.obj
 0001:000037f8       ??_E_Facet_base@std@@UEAAPEAXI@Z 00000001800047f8 f i libcpmt:cout.obj
 0001:00003824       ??_Eios_base@std@@UEAAPEAXI@Z 0000000180004824 f i libcpmt:cout.obj
 0001:00003824       ??_Gios_base@std@@UEAAPEAXI@Z 0000000180004824 f i libcpmt:cout.obj
 0001:00003870       ?_Decref@facet@locale@std@@UEAAPEAV_Facet_base@3@XZ 0000000180004870 f i libcpmt:cout.obj
 0001:00003880       ?_Endwrite@?$basic_filebuf@DU?$char_traits@D@std@@@std@@IEAA_NXZ 0000000180004880 f i libcpmt:cout.obj
 0001:00003958       ?_Getcat@?$codecvt@DDU_Mbstatet@@@std@@SA_KPEAPEBVfacet@locale@2@PEBV42@@Z 0000000180004958 f i libcpmt:cout.obj
 0001:00003a1c       ?_Getcat@?$ctype@D@std@@SA_KPEAPEBVfacet@locale@2@PEBV42@@Z 0000000180004a1c f i libcpmt:cout.obj
 0001:00003b00       ?_Incref@facet@locale@std@@UEAAXXZ 0000000180004b00 f i libcpmt:cout.obj
 0001:00003b08       ?_Init@?$basic_filebuf@DU?$char_traits@D@std@@@std@@IEAAXPEAU_iobuf@@W4_Initfl@12@@Z 0000000180004b08 f i libcpmt:cout.obj
 0001:00003bf4       ?_Init@ios_base@std@@IEAAXXZ 0000000180004bf4 f i libcpmt:cout.obj
 0001:00003c70       ?_Initcvt@?$basic_filebuf@DU?$char_traits@D@std@@@std@@IEAAXAEBV?$codecvt@DDU_Mbstatet@@@2@@Z 0000000180004c70 f i libcpmt:cout.obj
 0001:00003d00       ?_Lock@?$basic_filebuf@DU?$char_traits@D@std@@@std@@UEAAXXZ 0000000180004d00 f i libcpmt:cout.obj
 0001:00003d1c       ?_Unlock@?$basic_filebuf@DU?$char_traits@D@std@@@std@@UEAAXXZ 0000000180004d1c f i libcpmt:cout.obj
 0001:00003d38       ?clear@ios_base@std@@QEAAXH@Z 0000000180004d38 f i libcpmt:cout.obj
 0001:00003da4       __acrt_uninitialize_command_line 0000000180004da4 f i libucrt:argv_data.obj
 0001:00003da4       ?do_always_noconv@?$codecvt@DDU_Mbstatet@@@std@@MEBA_NXZ 0000000180004da4 f i libcpmt:cout.obj
 0001:00003da8       ?do_encoding@codecvt_base@std@@MEBAHXZ 0000000180004da8 f i libcpmt:cout.obj
 0001:00003da8       DllMain                    0000000180004da8 f i LIBCMT:dll_dllmain_stub.obj
 0001:00003da8       _get_startup_argv_mode     0000000180004da8 f i LIBCMT:argv_mode.obj
 0001:00003da8       ?do_max_length@codecvt_base@std@@MEBAHXZ 0000000180004da8 f i libcpmt:cout.obj
 0001:00003db0       ?do_in@?$codecvt@DDU_Mbstatet@@@std@@MEBAHAEAU_Mbstatet@@PEBD1AEAPEBDPEAD3AEAPEAD@Z 0000000180004db0 f i libcpmt:cout.obj
 0001:00003db0       ?do_out@?$codecvt@DDU_Mbstatet@@@std@@MEBAHAEAU_Mbstatet@@PEBD1AEAPEBDPEAD3AEAPEAD@Z 0000000180004db0 f i libcpmt:cout.obj
 0001:00003dcc       ?do_length@?$codecvt@DDU_Mbstatet@@@std@@MEBAHAEAU_Mbstatet@@PEBD1_K@Z 0000000180004dcc f i libcpmt:cout.obj
 0001:00003ddc       ?do_widen@?$ctype@D@std@@MEBADD@Z 0000000180004ddc f i libcpmt:cout.obj
 0001:00003ddc       ?do_narrow@?$ctype@D@std@@MEBADDD@Z 0000000180004ddc f i libcpmt:cout.obj
 0001:00003de0       ?do_narrow@?$ctype@D@std@@MEBAPEBDPEBD0DPEAD@Z 0000000180004de0 f i libcpmt:cout.obj
 0001:00003e00       ?do_tolower@?$ctype@D@std@@MEBADD@Z 0000000180004e00 f i libcpmt:cout.obj
 0001:00003e10       ?do_tolower@?$ctype@D@std@@MEBAPEBDPEADPEBD@Z 0000000180004e10 f i libcpmt:cout.obj
 0001:00003e70       ?do_toupper@?$ctype@D@std@@MEBADD@Z 0000000180004e70 f i libcpmt:cout.obj
 0001:00003e80       ?do_toupper@?$ctype@D@std@@MEBAPEBDPEADPEBD@Z 0000000180004e80 f i libcpmt:cout.obj
 0001:00003ee0       ?do_unshift@?$codecvt@DDU_Mbstatet@@@std@@MEBAHAEAU_Mbstatet@@PEAD1AEAPEAD@Z 0000000180004ee0 f i libcpmt:cout.obj
 0001:00003eec       ?do_widen@?$ctype@D@std@@MEBAPEBDPEBD0PEAD@Z 0000000180004eec f i libcpmt:cout.obj
 0001:00003f0c       ?imbue@?$basic_filebuf@DU?$char_traits@D@std@@@std@@MEAAXAEBVlocale@2@@Z 0000000180004f0c f i libcpmt:cout.obj
 0001:00003f30       ?init@?$basic_ios@DU?$char_traits@D@std@@@std@@IEAAXPEAV?$basic_streambuf@DU?$char_traits@D@std@@@2@_N@Z 0000000180004f30 f i libcpmt:cout.obj
 0001:00003ff0       ?overflow@?$basic_filebuf@DU?$char_traits@D@std@@@std@@MEAAHH@Z 0000000180004ff0 f i libcpmt:cout.obj
 0001:00004178       ?pbackfail@?$basic_streambuf@DU?$char_traits@D@std@@@std@@MEAAHH@Z 0000000180005178 f i libcpmt:cout.obj
 0001:00004178       ?overflow@?$basic_streambuf@DU?$char_traits@D@std@@@std@@MEAAHH@Z 0000000180005178 f i libcpmt:cout.obj
 0001:00004178       ?underflow@?$basic_streambuf@DU?$char_traits@D@std@@@std@@MEAAHXZ 0000000180005178 f i libcpmt:cout.obj
 0001:0000417c       ?pbackfail@?$basic_filebuf@DU?$char_traits@D@std@@@std@@MEAAHH@Z 000000018000517c f i libcpmt:cout.obj
 0001:00004248       ?seekoff@?$basic_filebuf@DU?$char_traits@D@std@@@std@@MEAA?AV?$fpos@U_Mbstatet@@@2@_JHH@Z 0000000180005248 f i libcpmt:cout.obj
 0001:0000432c       ?seekpos@?$basic_streambuf@DU?$char_traits@D@std@@@std@@MEAA?AV?$fpos@U_Mbstatet@@@2@V32@H@Z 000000018000532c f i libcpmt:cout.obj
 0001:0000432c       ?seekoff@?$basic_streambuf@DU?$char_traits@D@std@@@std@@MEAA?AV?$fpos@U_Mbstatet@@@2@_JHH@Z 000000018000532c f i libcpmt:cout.obj
 0001:00004340       ?seekpos@?$basic_filebuf@DU?$char_traits@D@std@@@std@@MEAA?AV?$fpos@U_Mbstatet@@@2@V32@H@Z 0000000180005340 f i libcpmt:cout.obj
 0001:000043fc       ?setbuf@?$basic_filebuf@DU?$char_traits@D@std@@@std@@MEAAPEAV?$basic_streambuf@DU?$char_traits@D@std@@@2@PEAD_J@Z 00000001800053fc f i libcpmt:cout.obj
 0001:00004450       ?setbuf@?$basic_streambuf@DU?$char_traits@D@std@@@std@@MEAAPEAV12@PEAD_J@Z 0000000180005450 f i libcpmt:cout.obj
 0001:00004454       ?sync@?$basic_streambuf@DU?$char_traits@D@std@@@std@@MEAAHXZ 0000000180005454 f i libcpmt:cout.obj
 0001:00004454       ?showmanyc@?$basic_streambuf@DU?$char_traits@D@std@@@std@@MEAA_JXZ 0000000180005454 f i libcpmt:cout.obj
 0001:00004458       ?sync@?$basic_filebuf@DU?$char_traits@D@std@@@std@@MEAAHXZ 0000000180005458 f i libcpmt:cout.obj
 0001:000044a4       ?uflow@?$basic_filebuf@DU?$char_traits@D@std@@@std@@MEAAHXZ 00000001800054a4 f i libcpmt:cout.obj
 0001:0000475c       ?uflow@?$basic_streambuf@DU?$char_traits@D@std@@@std@@MEAAHXZ 000000018000575c f i libcpmt:cout.obj
 0001:00004798       ?underflow@?$basic_filebuf@DU?$char_traits@D@std@@@std@@MEAAHXZ 0000000180005798 f i libcpmt:cout.obj
 0001:000047fc       ?widen@?$basic_ios@DU?$char_traits@D@std@@@std@@QEBADD@Z 00000001800057fc f i libcpmt:cout.obj
 0001:00004890       ?xsgetn@?$basic_filebuf@DU?$char_traits@D@std@@@std@@MEAA_JPEAD_J@Z 0000000180005890 f i libcpmt:cout.obj
 0001:00004990       ?xsgetn@?$basic_streambuf@DU?$char_traits@D@std@@@std@@MEAA_JPEAD_J@Z 0000000180005990 f i libcpmt:cout.obj
 0001:00004a4c       ?xsputn@?$basic_filebuf@DU?$char_traits@D@std@@@std@@MEAA_JPEBD_J@Z 0000000180005a4c f i libcpmt:cout.obj
 0001:00004b10       ?xsputn@?$basic_streambuf@DU?$char_traits@D@std@@@std@@MEAA_JPEBD_J@Z 0000000180005b10 f i libcpmt:cout.obj
 0001:00004bd0       ??0bad_alloc@std@@QEAA@AEBV01@@Z 0000000180005bd0 f i libcpmt:xthrow.obj
 0001:00004c10       ??0bad_alloc@std@@QEAA@XZ  0000000180005c10 f i libcpmt:xthrow.obj
 0001:00004c30       ??0length_error@std@@QEAA@AEBV01@@Z 0000000180005c30 f i libcpmt:xthrow.obj
 0001:00004c70       ??0length_error@std@@QEAA@PEBD@Z 0000000180005c70 f i libcpmt:xthrow.obj
 0001:00004cbc       ??0logic_error@std@@QEAA@AEBV01@@Z 0000000180005cbc f i libcpmt:xthrow.obj
 0001:00004cfc       ?_Xlength_error@std@@YAXPEBD@Z 0000000180005cfc f   libcpmt:xthrow.obj
 0001:00004d20       ?_Syserror_map@std@@YAPEBDH@Z 0000000180005d20 f   libcpmt:syserror.obj
 0001:00005218       __crtInitOnceExecuteOnce   0000000180006218 f   libcpmt:winapisupp.obj
 0001:000052e4       __crtInitializeCriticalSectionEx 00000001800062e4 f   libcpmt:winapisupp.obj
 0001:00005314       ??0_Init_locks@std@@QEAA@XZ 0000000180006314 f   libcpmt:xlock.obj
 0001:00005360       ??0_Lockit@std@@QEAA@H@Z   0000000180006360 f   libcpmt:xlock.obj
 0001:0000539c       ??1_Init_locks@std@@QEAA@XZ 000000018000639c f   libcpmt:xlock.obj
 0001:000053e0       ??1_Lockit@std@@QEAA@XZ    00000001800063e0 f   libcpmt:xlock.obj
 0001:00005414       _Getctype                  0000000180006414 f   libcpmt:_tolower.obj
 0001:000054dc       _Tolower                   00000001800064dc f   libcpmt:_tolower.obj
 0001:0000560c       _Toupper                   000000018000660c f   libcpmt:_toupper.obj
 0001:0000574c       ??1_Fac_tidy_reg_t@std@@QEAA@XZ 000000018000674c f i libcpmt:locale0.obj
 0001:000057b4       ??4?$_Yarn@D@std@@QEAAAEAV01@PEBD@Z 00000001800067b4 f i libcpmt:locale0.obj
 0001:0000582c       ??_E_Locimp@locale@std@@MEAAPEAXI@Z 000000018000682c f i libcpmt:locale0.obj
 0001:0000582c       ??_G_Locimp@locale@std@@MEAAPEAXI@Z 000000018000682c f i libcpmt:locale0.obj
 0001:00005898       ?_Facet_Register@std@@YAXPEAV_Facet_base@1@@Z 0000000180006898 f   libcpmt:locale0.obj
 0001:000058d0       ?_Getgloballocale@locale@std@@CAPEAV_Locimp@12@XZ 00000001800068d0 f   libcpmt:locale0.obj
 0001:000058d8       ?_Init@locale@std@@CAPEAV_Locimp@12@_N@Z 00000001800068d8 f   libcpmt:locale0.obj
 0001:00005984       ?_Locimp_dtor@_Locimp@locale@std@@CAXPEAV123@@Z 0000000180006984 f   libcpmt:locale0.obj
 0001:00005a0c       ?_Locinfo_ctor@_Locinfo@std@@SAXPEAV12@PEBD@Z 0000000180006a0c f   libcpmt:locale0.obj
 0001:00005a78       ?_Locinfo_dtor@_Locinfo@std@@SAXPEAV12@@Z 0000000180006a78 f   libcpmt:locale0.obj
 0001:00005a94       ?_New_Locimp@_Locimp@locale@std@@CAPEAV123@_N@Z 0000000180006a94 f   libcpmt:locale0.obj
 0001:00005b04       ?_Setgloballocale@locale@std@@CAXPEAX@Z 0000000180006b04 f   libcpmt:locale0.obj
 0001:00005b38       _Deletegloballocale        0000000180006b38 f   libcpmt:locale0.obj
 0001:00005ba8       ?_Addstd@ios_base@std@@SAXPEAV12@@Z 0000000180006ba8 f   libcpmt:ios.obj
 0001:00005c20       ?_Ios_base_dtor@ios_base@std@@CAXPEAV12@@Z 0000000180006c20 f   libcpmt:ios.obj
 0001:00005ca0       ?_Tidy@ios_base@std@@AEAAXXZ 0000000180006ca0 f i libcpmt:ios.obj
 0001:00005d20       ?_Atexit@@YAXP6AXXZ@Z      0000000180006d20 f   libcpmt:iosptrs.obj
 0001:00005d60       _Mtxdst                    0000000180006d60 f   libcpmt:xmtx.obj
 0001:00005d68       _Mtxinit                   0000000180006d68 f   libcpmt:xmtx.obj
 0001:00005d78       _Mtxlock                   0000000180006d78 f   libcpmt:xmtx.obj
 0001:00005d80       _Mtxunlock                 0000000180006d80 f   libcpmt:xmtx.obj
 0001:00005d88       __crtLCMapStringA          0000000180006d88 f   libcpmt:StlLCMapStringA.obj
 0001:0000603c       GetTableIndexFromLocaleName 000000018000703c f   libcpmt:winapinls.obj
 0001:000060cc       __crtDownlevelLocaleNameToLCID 00000001800070cc f   libcpmt:winapinls.obj
 0001:00006100       __crtLCMapStringEx         0000000180007100 f   libcpmt:winapinls.obj
 0001:0000619c       __wcsnicmp_ascii           000000018000719c f   libcpmt:winapinls.obj
 0001:00006220       __security_check_cookie    0000000180007220 f   LIBCMT:amdsecgs.obj
 0001:00006244       ??_V@YAXPEAX@Z             0000000180007244 f   LIBCMT:delete_array.obj
 0001:00006244       ??3@YAXPEAX_K@Z            0000000180007244 f   LIBCMT:delete_scalar_size.obj
 0001:0000624c       ??2@YAPEAX_K@Z             000000018000724c f   LIBCMT:new_scalar.obj
 0001:00006288       ??_U@YAPEAX_K@Z            0000000180007288 f   LIBCMT:new_array.obj
 0001:00006290       ??_Gtype_info@@UEAAPEAXI@Z 0000000180007290 f i LIBCMT:std_type_info_static.obj
 0001:00006290       ??_Etype_info@@UEAAPEAXI@Z 0000000180007290 f i LIBCMT:std_type_info_static.obj
 0001:000065ec       _DllMainCRTStartup         00000001800075ec f   LIBCMT:dll_dllmain.obj
 0001:0000662c       __GSHandlerCheck           000000018000762c f   LIBCMT:gshandler.obj
 0001:0000664c       __GSHandlerCheckCommon     000000018000764c f   LIBCMT:gshandler.obj
 0001:000066a8       __GSHandlerCheck_EH        00000001800076a8 f   LIBCMT:gshandlereh.obj
 0001:00006728       __scrt_acquire_startup_lock 0000000180007728 f   LIBCMT:utility.obj
 0001:00006764       __scrt_dllmain_after_initialize_c 0000000180007764 f   LIBCMT:utility.obj
 0001:00006798       __scrt_dllmain_before_initialize_c 0000000180007798 f   LIBCMT:utility.obj
 0001:000067b0       __scrt_dllmain_crt_thread_attach 00000001800077b0 f   LIBCMT:utility.obj
 0001:000067d8       __scrt_dllmain_crt_thread_detach 00000001800077d8 f   LIBCMT:utility.obj
 0001:000067f0       __scrt_dllmain_exception_filter 00000001800077f0 f   LIBCMT:utility.obj
 0001:00006850       __scrt_dllmain_uninitialize_c 0000000180007850 f   LIBCMT:utility.obj
 0001:00006880       __scrt_dllmain_uninitialize_critical 0000000180007880 f   LIBCMT:utility.obj
 0001:00006894       __scrt_initialize_crt      0000000180007894 f   LIBCMT:utility.obj
 0001:000068e0       __scrt_initialize_onexit_tables 00000001800078e0 f   LIBCMT:utility.obj
 0001:000069b8       __scrt_is_nonwritable_in_current_image 00000001800079b8 f   LIBCMT:utility.obj
 0001:00006a54       __scrt_release_startup_lock 0000000180007a54 f   LIBCMT:utility.obj
 0001:00006a78       __scrt_uninitialize_crt    0000000180007a78 f   LIBCMT:utility.obj
 0001:00006aa4       _onexit                    0000000180007aa4 f   LIBCMT:utility.obj
 0001:00006af4       atexit                     0000000180007af4 f   LIBCMT:utility.obj
 0001:00006b20       __chkstk                   0000000180007b20 f   LIBCMT:chkstk.obj
 0001:00006b20       _alloca_probe              0000000180007b20 f   LIBCMT:chkstk.obj
 0001:00006b74       __raise_securityfailure    0000000180007b74 f   LIBCMT:gs_report.obj
 0001:00006ba8       __report_gsfailure         0000000180007ba8 f   LIBCMT:gs_report.obj
 0001:00006c7c       __report_rangecheckfailure 0000000180007c7c f   LIBCMT:gs_report.obj
 0001:00006c90       __report_securityfailure   0000000180007c90 f   LIBCMT:gs_report.obj
 0001:00006e10       ??3@YAXPEAX@Z              0000000180007e10 f   LIBCMT:delete_scalar.obj
 0001:00006e18       ??0bad_array_new_length@std@@QEAA@AEBV01@@Z 0000000180007e18 f i LIBCMT:throw_bad_alloc.obj
 0001:00006e58       ??0bad_array_new_length@std@@QEAA@XZ 0000000180007e58 f i LIBCMT:throw_bad_alloc.obj
 0001:00006e78       ?__scrt_throw_std_bad_alloc@@YAXXZ 0000000180007e78 f   LIBCMT:throw_bad_alloc.obj
 0001:00006e98       ?__scrt_throw_std_bad_array_new_length@@YAXXZ 0000000180007e98 f   LIBCMT:throw_bad_alloc.obj
 0001:00006eb8       __security_init_cookie     0000000180007eb8 f   LIBCMT:gs_support.obj
 0001:00006f64       ?__scrt_initialize_type_info@@YAXXZ 0000000180007f64 f   LIBCMT:tncleanup.obj
 0001:00006f74       ?__scrt_uninitialize_type_info@@YAXXZ 0000000180007f74 f   LIBCMT:tncleanup.obj
 0001:00006f80       __local_stdio_scanf_options 0000000180007f80 f i LIBCMT:default_local_stdio_options.obj
 0001:00006f88       __scrt_initialize_default_local_stdio_options 0000000180007f88 f   LIBCMT:default_local_stdio_options.obj
 0001:00006fa4       __scrt_get_dyn_tls_init_callback 0000000180007fa4 f   LIBCMT:dyn_tls_init.obj
 0001:00006fac       __crt_debugger_hook        0000000180007fac f   LIBCMT:utility_desktop.obj
 0001:00006fb4       __scrt_fastfail            0000000180007fb4 f   LIBCMT:utility_desktop.obj
 0001:00007100       _RTC_Initialize            0000000180008100 f   LIBCMT:initsect.obj
 0001:0000713c       _RTC_Terminate             000000018000813c f   LIBCMT:initsect.obj
 0001:00007180       __isa_available_init       0000000180008180 f   LIBCMT:cpu_disp.obj
 0001:0000733c       __scrt_is_ucrt_dll_in_use  000000018000833c f   LIBCMT:ucrt_detection.obj
 0001:00007348       __std_exception_copy       0000000180008348 f   libvcruntime:std_exception.obj
 0001:000073d8       __std_exception_destroy    00000001800083d8 f   libvcruntime:std_exception.obj
 0001:00007400       _CxxThrowException         0000000180008400 f   libvcruntime:throw.obj
 0001:000074c0       ??$_CallSETranslator@V__FrameHandler3@@@@YAHPEAUEHExceptionRecord@@PEA_KPEAU_CONTEXT@@PEAU_xDISPATCHER_CONTEXT@@PEBU_s_FuncInfo@@K1@Z 00000001800084c0 f i libvcruntime:risctrnsctrl.obj
 0001:00007514       ?CatchTryBlock@__FrameHandler3@@SAPEBU_s_TryBlockMapEntry@@PEBU_s_FuncInfo@@H@Z 0000000180008514 f   libvcruntime:risctrnsctrl.obj
 0001:0000756c       ?ExecutionInCatch@__FrameHandler3@@SA_NPEAU_xDISPATCHER_CONTEXT@@PEBU_s_FuncInfo@@@Z 000000018000856c f   libvcruntime:risctrnsctrl.obj
 0001:00007598       ?FrameUnwindToEmptyState@__FrameHandler3@@SAXPEA_KPEAU_xDISPATCHER_CONTEXT@@PEBU_s_FuncInfo@@@Z 0000000180008598 f   libvcruntime:risctrnsctrl.obj
 0001:000075fc       ?GetEstablisherFrame@__FrameHandler3@@SAPEA_KPEA_KPEAU_xDISPATCHER_CONTEXT@@PEBU_s_FuncInfo@@0@Z 00000001800085fc f   libvcruntime:risctrnsctrl.obj
 0001:000076c8       ?GetRangeOfTrysToCheck@__FrameHandler3@@SA?AU?$pair@Viterator@TryBlockMap@__FrameHandler3@@V123@@std@@AEAVTryBlockMap@1@HH@Z 00000001800086c8 f   libvcruntime:risctrnsctrl.obj
 0001:00007824       ?UnwindNestedFrames@__FrameHandler3@@SAXPEA_KPEAUEHExceptionRecord@@PEAU_CONTEXT@@0PEAXPEBU_s_FuncInfo@@HHPEBU_s_HandlerType@@PEAU_xDISPATCHER_CONTEXT@@E@Z 0000000180008824 f   libvcruntime:risctrnsctrl.obj
 0001:00007948       _CreateFrameInfo           0000000180008948 f   libvcruntime:risctrnsctrl.obj
 0001:00007984       _FindAndUnlinkFrame        0000000180008984 f   libvcruntime:risctrnsctrl.obj
 0001:000079d8       _GetImageBase              00000001800089d8 f   libvcruntime:risctrnsctrl.obj
 0001:000079ec       _GetThrowImageBase         00000001800089ec f   libvcruntime:risctrnsctrl.obj
 0001:00007a00       _SetImageBase              0000000180008a00 f   libvcruntime:risctrnsctrl.obj
 0001:00007a18       _SetThrowImageBase         0000000180008a18 f   libvcruntime:risctrnsctrl.obj
 0001:00007a30       __CxxFrameHandler3         0000000180008a30 f   libvcruntime:risctrnsctrl.obj
 0001:00007ac0       memcpy_repmovs             0000000180008ac0 f   libvcruntime:memcpy.obj
 0001:00007ae0       memmove                    0000000180008ae0 f   libvcruntime:memcpy.obj
 0001:00007ae0       memcpy                     0000000180008ae0 f   libvcruntime:memcpy.obj
 0001:00007f30       memset_repmovs             0000000180008f30 f   libvcruntime:memset.obj
 0001:00007f50       memset                     0000000180008f50 f   libvcruntime:memset.obj
 0001:000080e0       _purecall                  00000001800090e0 f   libvcruntime:purevirt.obj
 0001:00008110       __DestructExceptionObject  0000000180009110 f   libvcruntime:ehhelpers.obj
 0001:00008184       ?_CallMemberFunction0@@YAXQEAX0@Z 0000000180009184 f i libvcruntime:ehhelpers.obj
 0001:00008188       _IsExceptionObjectToBeDestroyed 0000000180009188 f   libvcruntime:ehhelpers.obj
 0001:000081b8       __AdjustPointer            00000001800091b8 f   libvcruntime:ehhelpers.obj
 0001:000081dc       __FrameUnwindFilter        00000001800091dc f   libvcruntime:ehhelpers.obj
 0001:00008228       __std_terminate            0000000180009228 f   libvcruntime:ehhelpers.obj
 0001:00008250       memchr                     0000000180009250 f   libvcruntime:memchr.obj
 0001:000082d0       memcmp                     00000001800092d0 f   libvcruntime:memcmp.obj
 0001:00008398       __C_specific_handler       0000000180009398 f   libvcruntime:riscchandler.obj
 0001:000085a4       __vcrt_initialize          00000001800095a4 f   libvcruntime:initialization.obj
 0001:000085d8       __vcrt_thread_attach       00000001800095d8 f   libvcruntime:initialization.obj
 0001:000085ec       __vcrt_thread_detach       00000001800095ec f   libvcruntime:initialization.obj
 0001:00008600       __vcrt_uninitialize        0000000180009600 f   libvcruntime:initialization.obj
 0001:00008620       __vcrt_uninitialize_critical 0000000180009620 f   libvcruntime:initialization.obj
 0001:00008630       __std_type_info_compare    0000000180009630 f   libvcruntime:std_type_info.obj
 0001:00008658       __std_type_info_destroy_list 0000000180009658 f   libvcruntime:std_type_info.obj
 0001:00008684       __vcrt_freefls             0000000180009684 f   libvcruntime:per_thread_data.obj
 0001:000086a4       __vcrt_freeptd             00000001800096a4 f   libvcruntime:per_thread_data.obj
 0001:000086f4       __vcrt_getptd              00000001800096f4 f   libvcruntime:per_thread_data.obj
 0001:00008710       __vcrt_getptd_noexit       0000000180009710 f   libvcruntime:per_thread_data.obj
 0001:000087dc       __vcrt_initialize_ptd      00000001800097dc f   libvcruntime:per_thread_data.obj
 0001:00008830       __vcrt_uninitialize_ptd    0000000180009830 f   libvcruntime:per_thread_data.obj
 0001:00008854       ?GetCurrentState@__FrameHandler3@@SAHPEA_KPEAU_xDISPATCHER_CONTEXT@@PEBU_s_FuncInfo@@@Z 0000000180009854 f   libvcruntime:ehstate.obj
 0001:0000887c       ?GetUnwindTryBlock@__FrameHandler3@@SAHPEA_KPEAU_xDISPATCHER_CONTEXT@@PEBU_s_FuncInfo@@@Z 000000018000987c f   libvcruntime:ehstate.obj
 0001:000088a8       ?SetState@__FrameHandler3@@SAXPEA_KPEBU_s_FuncInfo@@H@Z 00000001800098a8 f   libvcruntime:ehstate.obj
 0001:000088b4       ?SetUnwindTryBlock@__FrameHandler3@@SAXPEA_KPEAU_xDISPATCHER_CONTEXT@@PEBU_s_FuncInfo@@H@Z 00000001800098b4 f   libvcruntime:ehstate.obj
 0001:000088f0       ?StateFromControlPc@__FrameHandler3@@SAHPEBU_s_FuncInfo@@PEAU_xDISPATCHER_CONTEXT@@@Z 00000001800098f0 f   libvcruntime:ehstate.obj
 0001:000088f8       ?StateFromIp@__FrameHandler3@@SAHPEBU_s_FuncInfo@@PEAU_xDISPATCHER_CONTEXT@@_K@Z 00000001800098f8 f   libvcruntime:ehstate.obj
 0001:00009384       ??$TypeMatchHelper@V__FrameHandler3@@@@YAHPEBU_s_HandlerType@@PEBU_s_CatchableType@@PEBU_s_ThrowInfo@@@Z 000000018000a384 f i libvcruntime:frame.obj
 0001:000094c8       ??$__InternalCxxFrameHandler@V__FrameHandler3@@@@YA?AW4_EXCEPTION_DISPOSITION@@PEAUEHExceptionRecord@@PEA_KPEAU_CONTEXT@@PEAU_xDISPATCHER_CONTEXT@@PEBU_s_FuncInfo@@H1E@Z 000000018000a4c8 f i libvcruntime:frame.obj
 0001:00009710       ??0bad_exception@std@@QEAA@AEBV01@@Z 000000018000a710 f i libvcruntime:frame.obj
 0001:00009750       ??0bad_exception@std@@QEAA@XZ 000000018000a750 f i libvcruntime:frame.obj
 0001:00009770       ?CxxCallCatchBlock@__FrameHandler3@@SAPEAXPEAU_EXCEPTION_RECORD@@@Z 000000018000a770 f   libvcruntime:frame.obj
 0001:000099e4       ?FrameUnwindToState@__FrameHandler3@@SAXPEA_KPEAU_xDISPATCHER_CONTEXT@@PEBU_s_FuncInfo@@H@Z 000000018000a9e4 f   libvcruntime:frame.obj
 0001:00009b78       ?GetHandlerSearchState@__FrameHandler3@@SAHPEA_KPEAU_xDISPATCHER_CONTEXT@@PEBU_s_FuncInfo@@@Z 000000018000ab78 f i libvcruntime:frame.obj
 0001:00009d7c       ?_CallMemberFunction1@@YAXQEAX00@Z 000000018000ad7c f i libvcruntime:frame.obj
 0001:00009d88       ?_CallMemberFunction2@@YAXQEAX00H@Z 000000018000ad88 f i libvcruntime:frame.obj
 0001:00009d98       __vcrt_initialize_pure_virtual_call_handler 000000018000ad98 f   libvcruntime:purevirt_data.obj
 0001:00009dc0       _NLG_Notify                000000018000adc0 f   libvcruntime:notify.obj
 0001:00009de0       __NLG_Dispatch2            000000018000ade0 f   libvcruntime:notify.obj
 0001:00009df0       __NLG_Return2              000000018000adf0 f   libvcruntime:notify.obj
 0001:00009df4       __except_validate_context_record 000000018000adf4 f   libvcruntime:jbcxrval.obj
 0001:00009e2c       __vcrt_initialize_locks    000000018000ae2c f   libvcruntime:locks.obj
 0001:00009e74       __vcrt_uninitialize_locks  000000018000ae74 f   libvcruntime:locks.obj
 0001:0000a084       __vcrt_FlsAlloc            000000018000b084 f   libvcruntime:winapi_downlevel.obj
 0001:0000a0cc       __vcrt_FlsFree             000000018000b0cc f   libvcruntime:winapi_downlevel.obj
 0001:0000a114       __vcrt_FlsGetValue         000000018000b114 f   libvcruntime:winapi_downlevel.obj
 0001:0000a15c       __vcrt_FlsSetValue         000000018000b15c f   libvcruntime:winapi_downlevel.obj
 0001:0000a1b0       __vcrt_InitializeCriticalSectionEx 000000018000b1b0 f   libvcruntime:winapi_downlevel.obj
 0001:0000a214       __vcrt_initialize_winapi_thunks 000000018000b214 f   libvcruntime:winapi_downlevel.obj
 0001:0000a244       __vcrt_uninitialize_winapi_thunks 000000018000b244 f   libvcruntime:winapi_downlevel.obj
 0001:0000a2a0       _CallSettingFrame          000000018000b2a0 f   libvcruntime:handlers.obj
 0001:0000a2f0       _CallSettingFrameEncoded   000000018000b2f0 f   libvcruntime:handlers.obj
 0001:0000a5a4       __acrt_initialize_thread_local_exit_callback 000000018000b5a4 f   libucrt:exit.obj
 0001:0000a5ac       _cexit                     000000018000b5ac f   libucrt:exit.obj
 0001:0000a5bc       _exit                      000000018000b5bc f   libucrt:exit.obj
 0001:0000a5c8       _is_c_termination_complete 000000018000b5c8 f   libucrt:exit.obj
 0001:0000a5d0       ??0_LocaleUpdate@@QEAA@QEAU__crt_locale_pointers@@@Z 000000018000b5d0 f i libucrt:tolower_toupper.obj
 0001:0000a66c       ??1_LocaleUpdate@@QEAA@XZ  000000018000b66c f i libucrt:tolower_toupper.obj
 0001:0000a6e0       _tolower_l                 000000018000b6e0 f   libucrt:tolower_toupper.obj
 0001:0000a820       __acrt_initialize_stdio    000000018000b820 f   libucrt:_file.obj
 0001:0000a940       __acrt_iob_func            000000018000b940 f   libucrt:_file.obj
 0001:0000a954       __acrt_uninitialize_stdio  000000018000b954 f   libucrt:_file.obj
 0001:0000a9b0       _get_stream_buffer_pointers 000000018000b9b0 f   libucrt:_file.obj
 0001:0000a9f8       _lock_file                 000000018000b9f8 f   libucrt:_file.obj
 0001:0000aa04       _unlock_file               000000018000ba04 f   libucrt:_file.obj
 0001:0000aa10       __acrt_call_reportfault    000000018000ba10 f   libucrt:invalid_parameter.obj
 0001:0000ab6c       __acrt_initialize_invalid_parameter_handler 000000018000bb6c f   libucrt:invalid_parameter.obj
 0001:0000ab74       _invalid_parameter         000000018000bb74 f   libucrt:invalid_parameter.obj
 0001:0000ac24       _invalid_parameter_noinfo  000000018000bc24 f   libucrt:invalid_parameter.obj
 0001:0000ac44       _invalid_parameter_noinfo_noreturn 000000018000bc44 f   libucrt:invalid_parameter.obj
 0001:0000ac74       _invoke_watson             000000018000bc74 f   libucrt:invalid_parameter.obj
 0001:0000acbc       ??$parse_integer@KV?$c_string_character_source@_W@__crt_strtox@@@__crt_strtox@@YAKQEAU__crt_locale_pointers@@V?$c_string_character_source@_W@0@H_N@Z 000000018000bcbc f i libucrt:atox.obj
 0001:0000b370       _wtol                      000000018000c370 f   libucrt:atox.obj
 0001:0000b39c       __ascii_stricmp            000000018000c39c f   libucrt:stricmp.obj
 0001:0000b3dc       _stricmp                   000000018000c3dc f   libucrt:stricmp.obj
 0001:0000b424       _stricmp_l                 000000018000c424 f   libucrt:stricmp.obj
 0001:0000b4d8       terminate                  000000018000c4d8 f   libucrt:terminate.obj
 0001:0000b4f8       free                       000000018000c4f8 f   libucrt:free.obj
 0001:0000b50c       _fclose_nolock             000000018000c50c f   libucrt:fclose.obj
 0001:0000b590       fclose                     000000018000c590 f   libucrt:fclose.obj
 0001:0000b810       __acrt_stdio_flush_nolock  000000018000c810 f   libucrt:fflush.obj
 0001:0000b88c       _fflush_nolock             000000018000c88c f   libucrt:fflush.obj
 0001:0000b8d8       _flushall                  000000018000c8d8 f   libucrt:fflush.obj
 0001:0000b8e0       fflush                     000000018000c8e0 f   libucrt:fflush.obj
 0001:0000b948       _fgetc_nolock              000000018000c948 f   libucrt:fgetc.obj
 0001:0000b98c       fgetc                      000000018000c98c f   libucrt:fgetc.obj
 0001:0000ba94       fgetpos                    000000018000ca94 f   libucrt:fgetpos.obj
 0001:0000bae0       fputc                      000000018000cae0 f   libucrt:fputc.obj
 0001:0000bc04       _fread_nolock_s            000000018000cc04 f   libucrt:fread.obj
 0001:0000be94       fread                      000000018000ce94 f   libucrt:fread.obj
 0001:0000beb4       fread_s                    000000018000ceb4 f   libucrt:fread.obj
 0001:0000bf5c       fsetpos                    000000018000cf5c f   libucrt:fsetpos.obj
 0001:0000c19c       _fseeki64                  000000018000d19c f   libucrt:fseek.obj
 0001:0000c248       _fwrite_nolock             000000018000d248 f   libucrt:fwrite.obj
 0001:0000c3f4       fwrite                     000000018000d3f4 f   libucrt:fwrite.obj
 0001:0000c598       setvbuf                    000000018000d598 f   libucrt:setvbuf.obj
 0001:0000c634       _ungetc_nolock             000000018000d634 f   libucrt:ungetc.obj
 0001:0000c75c       ungetc                     000000018000d75c f   libucrt:ungetc.obj
 0001:0000c7b4       __acrt_initialize_locks    000000018000d7b4 f   libucrt:locks.obj
 0001:0000c7fc       __acrt_lock                000000018000d7fc f   libucrt:locks.obj
 0001:0000c818       __acrt_uninitialize_locks  000000018000d818 f   libucrt:locks.obj
 0001:0000c850       __acrt_unlock              000000018000d850 f   libucrt:locks.obj
 0001:0000c86c       _lock_locales              000000018000d86c f   libucrt:locks.obj
 0001:0000c888       _unlock_locales            000000018000d888 f   libucrt:locks.obj
 0001:0000c898       calloc                     000000018000d898 f   libucrt:calloc.obj
 0001:0000c8a0       __pctype_func              000000018000d8a0 f   libucrt:ctype.obj
 0001:0000c8d0       islower                    000000018000d8d0 f i libucrt:_ctype.obj
 0001:0000c964       isupper                    000000018000d964 f i libucrt:_ctype.obj
 0001:0000c9f8       _wcsdup                    000000018000d9f8 f   libucrt:wcsdup.obj
 0001:0000ca7c       ___lc_codepage_func        000000018000da7c f   libucrt:initctype.obj
 0001:0000caac       ___lc_locale_name_func     000000018000daac f   libucrt:initctype.obj
 0001:0000cae0       __acrt_locale_initialize_ctype 000000018000dae0 f   libucrt:initctype.obj
 0001:0000d130       malloc                     000000018000e130 f   libucrt:malloc.obj
 0001:0000d418       setlocale                  000000018000e418 f   libucrt:setlocale.obj
 0001:0000d464       abort                      000000018000e464 f   libucrt:abort.obj
 0001:0000d4bc       __strncnt                  000000018000e4bc f   libucrt:strncnt.obj
 0001:0000d4d4       __acrt_errno_from_os_error 000000018000e4d4 f   libucrt:errno.obj
 0001:0000d51c       __acrt_errno_map_os_error  000000018000e51c f   libucrt:errno.obj
 0001:0000d56c       __doserrno                 000000018000e56c f   libucrt:errno.obj
 0001:0000d58c       _errno                     000000018000e58c f   libucrt:errno.obj
 0001:0000d5b0       pow                        000000018000e5b0 f   libucrt:pow.obj
 0001:0000ec50       powf                       000000018000fc50 f   libucrt:powf.obj
 0001:0000fb18       wcscpy_s                   0000000180010b18 f   libucrt:wcscpy_s.obj
 0001:0000fb80       wcsnlen                    0000000180010b80 f   libucrt:strnlen.obj
 0001:0000fd58       ??$__acrt_mbs_to_wcs_cp@U__crt_win32_buffer_internal_dynamic_resizing@@@@YAHQEBDAEAV?$__crt_win32_buffer@_WU__crt_win32_buffer_internal_dynamic_resizing@@@@I@Z 0000000180010d58 f i libucrt:strftime.obj
 0001:0000fed0       ??$__acrt_wcs_to_mbs_cp@U__crt_win32_buffer_no_resizing@@@@YAHQEB_WAEAV?$__crt_win32_buffer@DU__crt_win32_buffer_no_resizing@@@@I@Z 0000000180010ed0 f i libucrt:strftime.obj
 0001:0000ffe4       __acrt_initialize_new_handler 0000000180010fe4 f   libucrt:new_handler.obj
 0001:0000ffec       _callnewh                  0000000180010fec f   libucrt:new_handler.obj
 0001:0001001c       _query_new_handler         000000018001101c f   libucrt:new_handler.obj
 0001:00010050       _initterm                  0000000180011050 f   libucrt:initterm.obj
 0001:000100b4       _initterm_e                00000001800110b4 f   libucrt:initterm.obj
 0001:000100f4       _seh_filter_dll            00000001800110f4 f   libucrt:exception_filter.obj
 0001:00010108       _seh_filter_exe            0000000180011108 f   libucrt:exception_filter.obj
 0001:00010450       __acrt_allocate_buffer_for_argv 0000000180011450 f   libucrt:argv_parsing.obj
 0001:000104b0       _configure_narrow_argv     00000001800114b0 f   libucrt:argv_parsing.obj
 0001:00010828       __dcrt_uninitialize_environments_nolock 0000000180011828 f   libucrt:environment_initialization.obj
 0001:00010860       _initialize_narrow_environment 0000000180011860 f   libucrt:environment_initialization.obj
 0001:00010ba8       _crt_atexit                0000000180011ba8 f   libucrt:onexit.obj
 0001:00010bb8       _execute_onexit_table      0000000180011bb8 f   libucrt:onexit.obj
 0001:00010bf4       _initialize_onexit_table   0000000180011bf4 f   libucrt:onexit.obj
 0001:00010c1c       _register_onexit_function  0000000180011c1c f   libucrt:onexit.obj
 0001:00010d90       __acrt_initialize          0000000180011d90 f   libucrt:initialization.obj
 0001:00010da4       __acrt_thread_attach       0000000180011da4 f   libucrt:initialization.obj
 0001:00010db8       __acrt_thread_detach       0000000180011db8 f   libucrt:initialization.obj
 0001:00010dc8       __acrt_uninitialize        0000000180011dc8 f   libucrt:initialization.obj
 0001:00010e00       __acrt_uninitialize_critical 0000000180011e00 f   libucrt:initialization.obj
 0001:00010e10       strcpy_s                   0000000180011e10 f   libucrt:strcpy_s.obj
 0001:00010e70       wcsncmp                    0000000180011e70 f   libucrt:wcsncmp.obj
 0001:00010eb0       strncmp                    0000000180011eb0 f   libucrt:strncmp.obj
 0001:00010f30       __acrt_get_process_end_policy 0000000180011f30 f   libucrt:win_policies.obj
 0001:000112e4       __acrt_freeptd             00000001800122e4 f   libucrt:per_thread_data.obj
 0001:00011328       __acrt_getptd              0000000180012328 f   libucrt:per_thread_data.obj
 0001:000113fc       __acrt_getptd_head         00000001800123fc f   libucrt:per_thread_data.obj
 0001:000114a4       __acrt_getptd_noexit       00000001800124a4 f   libucrt:per_thread_data.obj
 0001:00011570       __acrt_initialize_ptd      0000000180012570 f   libucrt:per_thread_data.obj
 0001:000115ac       __acrt_uninitialize_ptd    00000001800125ac f   libucrt:per_thread_data.obj
 0001:000115d0       _isleadbyte_l              00000001800125d0 f i libucrt:_wctype.obj
 0001:0001161c       _isctype_l                 000000018001261c f   libucrt:isctype.obj
 0001:00011a44       __acrt_LCMapStringA        0000000180012a44 f   libucrt:lcmapstringa.obj
 0001:00011adc       __acrt_update_locale_info  0000000180012adc f   libucrt:locale_update.obj
 0001:00011b10       __acrt_update_multibyte_info 0000000180012b10 f   libucrt:locale_update.obj
 0001:00011dac       __acrt_copy_locale_name    0000000180012dac f   libucrt:wsetlocale.obj
 0001:00011e30       __acrt_set_locale_changed  0000000180012e30 f   libucrt:wsetlocale.obj
 0001:00011e3c       __acrt_uninitialize_locale 0000000180012e3c f   libucrt:wsetlocale.obj
 0001:00011e6c       __lc_lctowcs               0000000180012e6c f   libucrt:wsetlocale.obj
 0001:00011f10       __lc_wcstolc               0000000180012f10 f   libucrt:wsetlocale.obj
 0001:0001214c       _expandlocale              000000018001314c f   libucrt:wsetlocale.obj
 0001:00012530       _wcscats                   0000000180013530 f   libucrt:wsetlocale.obj
 0001:00012598       _wsetlocale                0000000180013598 f   libucrt:wsetlocale.obj
 0001:00012e10       _calloc_base               0000000180013e10 f   libucrt:calloc_base.obj
 0001:00012e88       _free_base                 0000000180013e88 f   libucrt:free_base.obj
 0001:00013144       __acrt_AppPolicyGetProcessTerminationMethodInternal 0000000180014144 f   libucrt:winapi_thunks.obj
 0001:00013194       __acrt_AreFileApisANSI     0000000180014194 f   libucrt:winapi_thunks.obj
 0001:000131d0       __acrt_EnumSystemLocalesEx 00000001800141d0 f   libucrt:winapi_thunks.obj
 0001:00013268       __acrt_FlsAlloc            0000000180014268 f   libucrt:winapi_thunks.obj
 0001:000132b0       __acrt_FlsFree             00000001800142b0 f   libucrt:winapi_thunks.obj
 0001:000132f8       __acrt_FlsGetValue         00000001800142f8 f   libucrt:winapi_thunks.obj
 0001:00013340       __acrt_FlsSetValue         0000000180014340 f   libucrt:winapi_thunks.obj
 0001:00013394       __acrt_GetLocaleInfoEx     0000000180014394 f   libucrt:winapi_thunks.obj
 0001:00013418       __acrt_GetUserDefaultLocaleName 0000000180014418 f   libucrt:winapi_thunks.obj
 0001:0001347c       __acrt_InitializeCriticalSectionEx 000000018001447c f   libucrt:winapi_thunks.obj
 0001:000134e0       __acrt_IsValidLocaleName   00000001800144e0 f   libucrt:winapi_thunks.obj
 0001:00013538       __acrt_LCIDToLocaleName    0000000180014538 f   libucrt:winapi_thunks.obj
 0001:000135a8       __acrt_LCMapStringEx       00000001800145a8 f   libucrt:winapi_thunks.obj
 0001:00013684       __acrt_LocaleNameToLCID    0000000180014684 f   libucrt:winapi_thunks.obj
 0001:000136d4       __acrt_can_use_vista_locale_apis 00000001800146d4 f   libucrt:winapi_thunks.obj
 0001:00013704       __acrt_eagerly_load_locale_apis 0000000180014704 f   libucrt:winapi_thunks.obj
 0001:00013860       __acrt_initialize_winapi_thunks 0000000180014860 f   libucrt:winapi_thunks.obj
 0001:00013894       __acrt_uninitialize_winapi_thunks 0000000180014894 f   libucrt:winapi_thunks.obj
 0001:000138d8       _fcloseall                 00000001800148d8 f   libucrt:closeall.obj
 0001:0001398c       __acrt_stdio_free_buffer_nolock 000000018001498c f   libucrt:_freebuf.obj
 0001:00013bc8       __acrt_initialize_lowio    0000000180014bc8 f   libucrt:ioinit.obj
 0001:00013c04       __acrt_uninitialize_lowio  0000000180014c04 f   libucrt:ioinit.obj
 0001:00013c44       _malloc_base               0000000180014c44 f   libucrt:malloc_base.obj
 0001:00013ca4       _mbtowc_l                  0000000180014ca4 f   libucrt:mbtowc.obj
 0001:00013e20       mbtowc                     0000000180014e20 f   libucrt:mbtowc.obj
 0001:00013e28       _fileno                    0000000180014e28 f   libucrt:fileno.obj
 0001:00013e50       __acrt_stdio_begin_temporary_buffering_nolock 0000000180014e50 f   libucrt:_sftbuf.obj
 0001:00013f20       __acrt_stdio_end_temporary_buffering_nolock 0000000180014f20 f   libucrt:_sftbuf.obj
 0001:00013f5c       iswctype                   0000000180014f5c f   libucrt:iswctype.obj
 0001:00014040       _close                     0000000180015040 f   libucrt:close.obj
 0001:000140e4       _close_nolock              00000001800150e4 f   libucrt:close.obj
 0001:000141a4       ?__acrt_stdio_free_stream@@YAXV__crt_stdio_stream@@@Z 00000001800151a4 f   libucrt:stream.obj
 0001:0001424c       _commit                    000000018001524c f   libucrt:commit.obj
 0001:00014b4c       _write                     0000000180015b4c f   libucrt:write.obj
 0001:00014c38       _write_nolock              0000000180015c38 f   libucrt:write.obj
 0001:00014f14       __acrt_stdio_refill_and_read_narrow_nolock 0000000180015f14 f   libucrt:_filbuf.obj
 0001:00015550       _ftelli64                  0000000180016550 f   libucrt:ftell.obj
 0001:00015558       _ftelli64_nolock           0000000180016558 f   libucrt:ftell.obj
 0001:000156bc       __acrt_stdio_flush_and_write_narrow_nolock 00000001800166bc f   libucrt:_flsbuf.obj
 0001:00015d7c       _read                      0000000180016d7c f   libucrt:read.obj
 0001:00015e98       _read_nolock               0000000180016e98 f   libucrt:read.obj
 0001:0001647c       _lseeki64                  000000018001747c f   libucrt:lseek.obj
 0001:00016484       _lseeki64_nolock           0000000180017484 f   libucrt:lseek.obj
 0001:0001648c       __acrt_stdio_allocate_buffer_nolock 000000018001748c f   libucrt:_getbuf.obj
 0001:00016670       __acrt_GetLocaleInfoA      0000000180017670 f   libucrt:getlocaleinfoa.obj
 0001:00016838       __acrt_GetStringTypeA      0000000180017838 f   libucrt:getstringtypea.obj
 0001:00016bcc       _mbstowcs_s_l              0000000180017bcc f   libucrt:mbstowcs.obj
 0001:00016d00       mbstowcs_s                 0000000180017d00 f   libucrt:mbstowcs.obj
 0001:00017088       _wcstombs_s_l              0000000180018088 f   libucrt:wcstombs.obj
 0001:000171bc       __acrt_get_sigabrt_handler 00000001800181bc f   libucrt:signal.obj
 0001:000171ec       __acrt_initialize_signal_handlers 00000001800181ec f   libucrt:signal.obj
 0001:0001720c       raise                      000000018001820c f   libucrt:signal.obj
 0001:00017478       _realloc_base              0000000180018478 f   libucrt:realloc_base.obj
 0001:000174f4       _raise_exc                 00000001800184f4 f   libucrt:fpexcept.obj
 0001:0001751c       _raise_exc_ex              000000018001851c f   libucrt:fpexcept.obj
 0001:0001782c       _raise_excf                000000018001882c f   libucrt:fpexcept.obj
 0001:00017858       _set_errno_from_matherr    0000000180018858 f   libucrt:fpexcept.obj
 0001:00017888       _clrfp                     0000000180018888 f   libucrt:fpctrl.obj
 0001:000178a8       _ctrlfp                    00000001800188a8 f   libucrt:fpctrl.obj
 0001:00017924       _set_statfp                0000000180018924 f   libucrt:fpctrl.obj
 0001:00017944       _statfp                    0000000180018944 f   libucrt:fpctrl.obj
 0001:00017960       __acrt_initialize_fma3     0000000180018960 f   libucrt:fma3_available.obj
 0001:000179d0       _pow_special               00000001800189d0 f   libucrt:pow_special.obj
 0001:00017af4       _powf_special              0000000180018af4 f   libucrt:pow_special.obj
 0001:00017c80       __acrt_MultiByteToWideChar 0000000180018c80 f   libucrt:multibytetowidechar.obj
 0001:00017cdc       __acrt_WideCharToMultiByte 0000000180018cdc f   libucrt:widechartomultibyte.obj
 0001:00017d74       _wcsicmp                   0000000180018d74 f   libucrt:wcsicmp.obj
 0001:00017e0c       _wcsicmp_l                 0000000180018e0c f   libucrt:wcsicmp.obj
 0001:00017f0c       __acrt_initialize_timeset  0000000180018f0c f   libucrt:timeset.obj
 0001:00017f64       ??$__acrt_wcs_to_mbs_cp@U__crt_win32_buffer_internal_dynamic_resizing@@@@YAHQEB_WAEAV?$__crt_win32_buffer@DU__crt_win32_buffer_internal_dynamic_resizing@@@@I@Z 0000000180018f64 f i libucrt:argv_wildcards.obj
 0001:00018794       __acrt_expand_narrow_argv_wildcards 0000000180019794 f   libucrt:argv_wildcards.obj
 0001:0001879c       __acrt_GetModuleFileNameA  000000018001979c f   libucrt:getmodulefilenamea.obj
 0001:00018fe8       __acrt_initialize_multibyte 0000000180019fe8 f   libucrt:mbctype.obj
 0001:00019048       __acrt_update_thread_multibyte_data 000000018001a048 f   libucrt:mbctype.obj
 0001:00019064       _setmbcp_nolock            000000018001a064 f   libucrt:mbctype.obj
 0001:00019398       _ismbblead                 000000018001a398 f   libucrt:ismbbyte.obj
 0001:000193ac       __acrt_initialize_command_line 000000018001a3ac f   libucrt:argv_data.obj
 0001:000193d4       __dcrt_get_narrow_environment_from_os 000000018001a3d4 f   libucrt:get_environment_from_os.obj
 0001:000194d8       _recalloc_base             000000018001a4d8 f   libucrt:recalloc.obj
 0001:00019570       __acrt_initialize_heap     000000018001a570 f   libucrt:heap_handle.obj
 0001:0001958c       __acrt_uninitialize_heap   000000018001a58c f   libucrt:heap_handle.obj
 0001:00019598       __acrt_execute_initializers 000000018001a598 f   libucrt:shared_initialization.obj
 0001:00019618       __acrt_execute_uninitializers 000000018001a618 f   libucrt:shared_initialization.obj
 0001:00019654       __acrt_has_user_matherr    000000018001a654 f   libucrt:matherr.obj
 0001:00019674       __acrt_initialize_user_matherr 000000018001a674 f   libucrt:matherr.obj
 0001:0001967c       __acrt_invoke_user_matherr 000000018001a67c f   libucrt:matherr.obj
 0001:000196ac       __acrt_add_locale_ref      000000018001a6ac f   libucrt:locale_refcounting.obj
 0001:00019738       __acrt_free_locale         000000018001a738 f   libucrt:locale_refcounting.obj
 0001:000198b0       __acrt_locale_add_lc_time_reference 000000018001a8b0 f   libucrt:locale_refcounting.obj
 0001:000198d8       __acrt_locale_free_lc_time_if_unreferenced 000000018001a8d8 f   libucrt:locale_refcounting.obj
 0001:00019910       __acrt_locale_release_lc_time_reference 000000018001a910 f   libucrt:locale_refcounting.obj
 0001:00019938       __acrt_release_locale_ref  000000018001a938 f   libucrt:locale_refcounting.obj
 0001:000199e0       __acrt_update_thread_locale_data 000000018001a9e0 f   libucrt:locale_refcounting.obj
 0001:00019a50       _updatetlocinfoEx_nolock   000000018001aa50 f   libucrt:locale_refcounting.obj
 0001:00019ab8       __acrt_locale_free_monetary 000000018001aab8 f   libucrt:initmon.obj
 0001:00019bc4       __acrt_locale_initialize_monetary 000000018001abc4 f   libucrt:initmon.obj
 0001:0001a0f8       __acrt_locale_free_numeric 000000018001b0f8 f   libucrt:initnum.obj
 0001:0001a164       __acrt_locale_initialize_numeric 000000018001b164 f   libucrt:initnum.obj
 0001:0001a7e4       __acrt_locale_free_time    000000018001b7e4 f   libucrt:inittime.obj
 0001:0001a8ec       __acrt_locale_initialize_time 000000018001b8ec f   libucrt:inittime.obj
 0001:0001a988       wcscat_s                   000000018001b988 f   libucrt:wcscat_s.obj
 0001:0001aa08       wcsncpy_s                  000000018001ba08 f   libucrt:wcsncpy_s.obj
 0001:0001aaec       wcscspn                    000000018001baec f   libucrt:wcscspn.obj
 0001:0001ab2c       wcspbrk                    000000018001bb2c f   libucrt:wcspbrk.obj
 0001:0001b314       __acrt_get_qualified_locale 000000018001c314 f   libucrt:get_qualified_locale.obj
 0001:0001bd48       __acrt_get_qualified_locale_downlevel 000000018001cd48 f   libucrt:getqloc_downlevel.obj
 0001:0001bfc8       _query_new_mode            000000018001cfc8 f   libucrt:new_mode.obj
 0001:0001c0b8       __acrt_DownlevelLCIDToLocaleName 000000018001d0b8 f   libucrt:lcidtoname_downlevel.obj
 0001:0001c1ac       __acrt_DownlevelLocaleNameToLCID 000000018001d1ac f   libucrt:lcidtoname_downlevel.obj
 0001:0001c1e0       __acrt_lowio_create_handle_array 000000018001d1e0 f   libucrt:osfinfo.obj
 0001:0001c288       __acrt_lowio_destroy_handle_array 000000018001d288 f   libucrt:osfinfo.obj
 0001:0001c2d8       __acrt_lowio_ensure_fh_exists 000000018001d2d8 f   libucrt:osfinfo.obj
 0001:0001c380       __acrt_lowio_lock_fh       000000018001d380 f   libucrt:osfinfo.obj
 0001:0001c3a8       __acrt_lowio_unlock_fh     000000018001d3a8 f   libucrt:osfinfo.obj
 0001:0001c3d0       _free_osfhnd               000000018001d3d0 f   libucrt:osfinfo.obj
 0001:0001c48c       _get_osfhandle             000000018001d48c f   libucrt:osfinfo.obj
 0001:0001c504       ?__mbrtowc_utf8@__crt_mbstring@@YA_KPEA_WPEBD_KPEAU_Mbstatet@@@Z 000000018001d504 f   libucrt:mbrtowc.obj
 0001:0001c540       ?__mbsrtowcs_utf8@__crt_mbstring@@YA_KPEA_WPEAPEBD_KPEAU_Mbstatet@@@Z 000000018001d540 f   libucrt:mbrtowc.obj
 0001:0001c6b8       ?__c32rtomb_utf8@__crt_mbstring@@YA_KPEAD_UPEAU_Mbstatet@@@Z 000000018001d6b8 f   libucrt:c32rtomb.obj
 0001:0001c770       c32rtomb                   000000018001d770 f   libucrt:c32rtomb.obj
 0001:0001c778       _isatty                    000000018001d778 f   libucrt:isatty.obj
 0001:0001c7d8       __acrt_GetStringTypeW      000000018001d7d8 f   libucrt:getstringtypew.obj
 0001:0001c7e0       _putwch_nolock             000000018001d7e0 f   libucrt:putwch.obj
 0001:0001c81c       strncpy_s                  000000018001d81c f   libucrt:strncpy_s.obj
 0001:0001c8f0       ?__wcsrtombs_utf8@__crt_mbstring@@YA_KPEADPEAPEB_W_KPEAU_Mbstatet@@@Z 000000018001d8f0 f   libucrt:wcrtomb.obj
 0001:0001ca20       _get_fpsr                  000000018001da20 f   libucrt:fpsr.obj
 0001:0001ca30       _set_fpsr                  000000018001da30 f   libucrt:fpsr.obj
 0001:0001ca3a       _fclrf                     000000018001da3a f   libucrt:fpsr.obj
 0001:0001ca4e       _frnd                      000000018001da4e f   libucrt:fpsr.obj
 0001:0001cb94       _handle_error              000000018001db94 f   libucrt:libm_error.obj
 0001:0001ccbc       _handle_errorf             000000018001dcbc f   libucrt:libm_error.obj
 0001:0001cdf0       _handle_nan                000000018001ddf0 f   libucrt:libm_error.obj
 0001:0001ce0c       _handle_nanf               000000018001de0c f   libucrt:libm_error.obj
 0001:0001ce1c       _towlower_l                000000018001de1c f   libucrt:towlower.obj
 0001:0001cee0       qsort                      000000018001dee0 f   libucrt:qsort.obj
 0001:0001d340       strpbrk                    000000018001e340 f   libucrt:strpbrk.obj
 0001:0001d720       _mbsdec                    000000018001e720 f   libucrt:mbsdec.obj
 0001:0001d728       _mbsdec_l                  000000018001e728 f   libucrt:mbsdec.obj
 0001:0001d7d4       _msize_base                000000018001e7d4 f   libucrt:msize.obj
 0001:0001d950       _itow_s                    000000018001e950 f   libucrt:xtoa.obj
 0001:0001d970       _wcsnicmp                  000000018001e970 f   libucrt:wcsnicmp.obj
 0001:0001da1c       _wcsnicmp_l                000000018001ea1c f   libucrt:wcsnicmp.obj
 0001:0001db44       wcscmp                     000000018001eb44 f   libucrt:wcscmp.obj
 0001:0001db7c       _query_app_type            000000018001eb7c f   libucrt:report_runtime_error.obj
 0001:0001db84       ?__mbrtoc32_utf8@__crt_mbstring@@YA_KPEA_UPEBD_KPEAU_Mbstatet@@@Z 000000018001eb84 f   libucrt:mbrtoc32.obj
 0001:0001dd60       log10                      000000018001ed60 f   libucrt:log10.obj
 0001:0001e30c       __dcrt_lowio_ensure_console_output_initialized 000000018001f30c f   libucrt:initcon.obj
 0001:0001e360       __dcrt_terminate_console_output 000000018001f360 f   libucrt:initcon.obj
 0001:0001e37c       __dcrt_write_console       000000018001f37c f   libucrt:initcon.obj
 0001:0001e43c       ?__c16rtomb_utf8@__crt_mbstring@@YA_KPEAD_SPEAU_Mbstatet@@@Z 000000018001f43c f   libucrt:c16rtomb.obj
 0001:0001e4e4       __acrt_LCMapStringW        000000018001f4e4 f   libucrt:lcmapstringw.obj
 0001:0001e570       _log10_special             000000018001f570 f   libucrt:log_special.obj
 0001:0001e626       IsProcessorFeaturePresent  000000018001f626 f   kernel32:KERNEL32.dll
 0001:0001e62c       ?DloadAcquireSectionWriteAccess@@YAXXZ 000000018001f62c f i DelayImp:delayhlp.obj
 0001:0001e6d8       ?DloadGetSRWLockFunctionPointers@@YAEXZ 000000018001f6d8 f i DelayImp:delayhlp.obj
 0001:0001e774       ?DloadMakePermanentImageCommit@@YAXPEAX_K@Z 000000018001f774 f i DelayImp:delayhlp.obj
 0001:0001e80c       ?DloadObtainSection@@YAPEAXPEAK0@Z 000000018001f80c f i DelayImp:delayhlp.obj
 0001:0001e8a8       ?DloadProtectSection@@YAXKPEAK@Z 000000018001f8a8 f i DelayImp:delayhlp.obj
 0001:0001e938       ?DloadReleaseSectionWriteAccess@@YAXXZ 000000018001f938 f i DelayImp:delayhlp.obj
 0001:0001e9cc       __delayLoadHelper2         000000018001f9cc f   DelayImp:delayhlp.obj
 0001:0001ec90       _FindPESection             000000018001fc90 f   LIBCMT:pesect.obj
 0001:0001ece0       _IsNonwritableInCurrentImage 000000018001fce0 f   LIBCMT:pesect.obj
 0001:0001ed30       _ValidateImageBase         000000018001fd30 f   LIBCMT:pesect.obj
 0001:0001ed60       _local_unwind              000000018001fd60 f   libvcruntime:jmpuwind.obj
 0001:0001ed8c       wcschr                     000000018001fd8c f   libvcruntime:wcschr.obj
 0001:0001ee30       _guard_dispatch_icall_nop  000000018001fe30 f   LIBCMT:guard_dispatch.obj
 0002:00000000       __imp_GetModuleHandleA     0000000180021000     kernel32:KERNEL32.dll
 0002:00000008       __imp_LoadLibraryExA       0000000180021008     kernel32:KERNEL32.dll
 0002:00000010       __imp_GetLastError         0000000180021010     kernel32:KERNEL32.dll
 0002:00000018       __imp_WideCharToMultiByte  0000000180021018     kernel32:KERNEL32.dll
 0002:00000020       __imp_SetLastError         0000000180021020     kernel32:KERNEL32.dll
 0002:00000028       __imp_InitializeCriticalSectionAndSpinCount 0000000180021028     kernel32:KERNEL32.dll
 0002:00000030       __imp_SwitchToThread       0000000180021030     kernel32:KERNEL32.dll
 0002:00000038       __imp_TlsAlloc             0000000180021038     kernel32:KERNEL32.dll
 0002:00000040       __imp_TlsGetValue          0000000180021040     kernel32:KERNEL32.dll
 0002:00000048       __imp_TlsSetValue          0000000180021048     kernel32:KERNEL32.dll
 0002:00000050       __imp_TlsFree              0000000180021050     kernel32:KERNEL32.dll
 0002:00000058       __imp_GetSystemTimeAsFileTime 0000000180021058     kernel32:KERNEL32.dll
 0002:00000060       __imp_GetModuleHandleW     0000000180021060     kernel32:KERNEL32.dll
 0002:00000068       __imp_GetProcAddress       0000000180021068     kernel32:KERNEL32.dll
 0002:00000070       __imp_EncodePointer        0000000180021070     kernel32:KERNEL32.dll
 0002:00000078       __imp_DecodePointer        0000000180021078     kernel32:KERNEL32.dll
 0002:00000080       __imp_EnterCriticalSection 0000000180021080     kernel32:KERNEL32.dll
 0002:00000088       __imp_LeaveCriticalSection 0000000180021088     kernel32:KERNEL32.dll
 0002:00000090       __imp_DeleteCriticalSection 0000000180021090     kernel32:KERNEL32.dll
 0002:00000098       __imp_MultiByteToWideChar  0000000180021098     kernel32:KERNEL32.dll
 0002:000000a0       __imp_LCMapStringW         00000001800210a0     kernel32:KERNEL32.dll
 0002:000000a8       __imp_GetLocaleInfoW       00000001800210a8     kernel32:KERNEL32.dll
 0002:000000b0       __imp_GetStringTypeW       00000001800210b0     kernel32:KERNEL32.dll
 0002:000000b8       __imp_GetCPInfo            00000001800210b8     kernel32:KERNEL32.dll
 0002:000000c0       __imp_RtlCaptureContext    00000001800210c0     kernel32:KERNEL32.dll
 0002:000000c8       __imp_RtlLookupFunctionEntry 00000001800210c8     kernel32:KERNEL32.dll
 0002:000000d0       __imp_RtlVirtualUnwind     00000001800210d0     kernel32:KERNEL32.dll
 0002:000000d8       __imp_UnhandledExceptionFilter 00000001800210d8     kernel32:KERNEL32.dll
 0002:000000e0       __imp_SetUnhandledExceptionFilter 00000001800210e0     kernel32:KERNEL32.dll
 0002:000000e8       __imp_GetCurrentProcess    00000001800210e8     kernel32:KERNEL32.dll
 0002:000000f0       __imp_TerminateProcess     00000001800210f0     kernel32:KERNEL32.dll
 0002:000000f8       __imp_IsProcessorFeaturePresent 00000001800210f8     kernel32:KERNEL32.dll
 0002:00000100       __imp_QueryPerformanceCounter 0000000180021100     kernel32:KERNEL32.dll
 0002:00000108       __imp_GetCurrentProcessId  0000000180021108     kernel32:KERNEL32.dll
 0002:00000110       __imp_GetCurrentThreadId   0000000180021110     kernel32:KERNEL32.dll
 0002:00000118       __imp_InitializeSListHead  0000000180021118     kernel32:KERNEL32.dll
 0002:00000120       __imp_IsDebuggerPresent    0000000180021120     kernel32:KERNEL32.dll
 0002:00000128       __imp_GetStartupInfoW      0000000180021128     kernel32:KERNEL32.dll
 0002:00000130       __imp_RtlPcToFileHeader    0000000180021130     kernel32:KERNEL32.dll
 0002:00000138       __imp_RaiseException       0000000180021138     kernel32:KERNEL32.dll
 0002:00000140       __imp_RtlUnwindEx          0000000180021140     kernel32:KERNEL32.dll
 0002:00000148       __imp_InterlockedFlushSList 0000000180021148     kernel32:KERNEL32.dll
 0002:00000150       __imp_FreeLibrary          0000000180021150     kernel32:KERNEL32.dll
 0002:00000158       __imp_LoadLibraryExW       0000000180021158     kernel32:KERNEL32.dll
 0002:00000160       __imp_ExitProcess          0000000180021160     kernel32:KERNEL32.dll
 0002:00000168       __imp_GetModuleHandleExW   0000000180021168     kernel32:KERNEL32.dll
 0002:00000170       __imp_GetModuleFileNameW   0000000180021170     kernel32:KERNEL32.dll
 0002:00000178       __imp_HeapAlloc            0000000180021178     kernel32:KERNEL32.dll
 0002:00000180       __imp_HeapFree             0000000180021180     kernel32:KERNEL32.dll
 0002:00000188       __imp_IsValidLocale        0000000180021188     kernel32:KERNEL32.dll
 0002:00000190       __imp_GetUserDefaultLCID   0000000180021190     kernel32:KERNEL32.dll
 0002:00000198       __imp_EnumSystemLocalesW   0000000180021198     kernel32:KERNEL32.dll
 0002:000001a0       __imp_GetStdHandle         00000001800211a0     kernel32:KERNEL32.dll
 0002:000001a8       __imp_GetFileType          00000001800211a8     kernel32:KERNEL32.dll
 0002:000001b0       __imp_CloseHandle          00000001800211b0     kernel32:KERNEL32.dll
 0002:000001b8       __imp_FlushFileBuffers     00000001800211b8     kernel32:KERNEL32.dll
 0002:000001c0       __imp_WriteFile            00000001800211c0     kernel32:KERNEL32.dll
 0002:000001c8       __imp_GetConsoleCP         00000001800211c8     kernel32:KERNEL32.dll
 0002:000001d0       __imp_GetConsoleMode       00000001800211d0     kernel32:KERNEL32.dll
 0002:000001d8       __imp_ReadFile             00000001800211d8     kernel32:KERNEL32.dll
 0002:000001e0       __imp_GetFileSizeEx        00000001800211e0     kernel32:KERNEL32.dll
 0002:000001e8       __imp_SetFilePointerEx     00000001800211e8     kernel32:KERNEL32.dll
 0002:000001f0       __imp_ReadConsoleW         00000001800211f0     kernel32:KERNEL32.dll
 0002:000001f8       __imp_HeapReAlloc          00000001800211f8     kernel32:KERNEL32.dll
 0002:00000200       __imp_FindClose            0000000180021200     kernel32:KERNEL32.dll
 0002:00000208       __imp_FindFirstFileExW     0000000180021208     kernel32:KERNEL32.dll
 0002:00000210       __imp_FindNextFileW        0000000180021210     kernel32:KERNEL32.dll
 0002:00000218       __imp_IsValidCodePage      0000000180021218     kernel32:KERNEL32.dll
 0002:00000220       __imp_GetACP               0000000180021220     kernel32:KERNEL32.dll
 0002:00000228       __imp_GetOEMCP             0000000180021228     kernel32:KERNEL32.dll
 0002:00000230       __imp_GetCommandLineA      0000000180021230     kernel32:KERNEL32.dll
 0002:00000238       __imp_GetCommandLineW      0000000180021238     kernel32:KERNEL32.dll
 0002:00000240       __imp_GetEnvironmentStringsW 0000000180021240     kernel32:KERNEL32.dll
 0002:00000248       __imp_FreeEnvironmentStringsW 0000000180021248     kernel32:KERNEL32.dll
 0002:00000250       __imp_GetProcessHeap       0000000180021250     kernel32:KERNEL32.dll
 0002:00000258       __imp_SetStdHandle         0000000180021258     kernel32:KERNEL32.dll
 0002:00000260       __imp_HeapSize             0000000180021260     kernel32:KERNEL32.dll
 0002:00000268       __imp_CreateFileW          0000000180021268     kernel32:KERNEL32.dll
 0002:00000270       __imp_WriteConsoleW        0000000180021270     kernel32:KERNEL32.dll
[...]
 0004:000019ec       $pdata$GetLcidFromLanguage 000000018003e9ec     libucrt:getqloc_downlevel.obj
 0004:000019f8       $pdata$LangCountryEnumProc 000000018003e9f8     libucrt:getqloc_downlevel.obj
 0004:00001a04       $pdata$LanguageEnumProc    000000018003ea04     libucrt:getqloc_downlevel.obj
 0004:00001a10       $pdata$ProcessCodePage     000000018003ea10     libucrt:getqloc_downlevel.obj
 0004:00001a1c       $pdata$TestDefaultLanguage 000000018003ea1c     libucrt:getqloc_downlevel.obj
 0004:00001a28       $pdata$TranslateName       000000018003ea28     libucrt:getqloc_downlevel.obj
 0004:00001a34       $pdata$__acrt_get_qualified_locale_downlevel 000000018003ea34     libucrt:getqloc_downlevel.obj
 0004:00001a40       $pdata$?GetTableIndexFromLocaleName@@YAHPEB_W@Z 000000018003ea40     libucrt:lcidtoname_downlevel.obj
 0004:00001a4c       $pdata$__acrt_DownlevelLCIDToLocaleName 000000018003ea4c     libucrt:lcidtoname_downlevel.obj
 0004:00001a58       $pdata$__acrt_DownlevelLocaleNameToLCID 000000018003ea58     libucrt:lcidtoname_downlevel.obj
 0004:00001a64       $pdata$__acrt_lowio_create_handle_array 000000018003ea64     libucrt:osfinfo.obj
 0004:00001a70       $pdata$__acrt_lowio_destroy_handle_array 000000018003ea70     libucrt:osfinfo.obj
 0004:00001a7c       $pdata$__acrt_lowio_ensure_fh_exists 000000018003ea7c     libucrt:osfinfo.obj
 0004:00001a88       $pdata$_free_osfhnd        000000018003ea88     libucrt:osfinfo.obj
 0004:00001a94       $pdata$_get_osfhandle      000000018003ea94     libucrt:osfinfo.obj
 0004:00001aa0       $pdata$?__mbrtowc_utf8@__crt_mbstring@@YA_KPEA_WPEBD_KPEAU_Mbstatet@@@Z 000000018003eaa0     libucrt:mbrtowc.obj
 0004:00001aac       $pdata$?__mbsrtowcs_utf8@__crt_mbstring@@YA_KPEA_WPEAPEBD_KPEAU_Mbstatet@@@Z 000000018003eaac     libucrt:mbrtowc.obj
 0004:00001ab8       $pdata$?__c32rtomb_utf8@__crt_mbstring@@YA_KPEAD_UPEAU_Mbstatet@@@Z 000000018003eab8     libucrt:c32rtomb.obj
 0004:00001ac4       $pdata$_isatty             000000018003eac4     libucrt:isatty.obj
 0004:00001ad0       $pdata$_putwch_nolock      000000018003ead0     libucrt:putwch.obj
 0004:00001adc       $pdata$strncpy_s           000000018003eadc     libucrt:strncpy_s.obj
 0004:00001ae8       $pdata$?__wcsrtombs_utf8@__crt_mbstring@@YA_KPEADPEAPEB_W_KPEAU_Mbstatet@@@Z 000000018003eae8     libucrt:wcrtomb.obj
 0004:00001b00       $pdata$_call_matherr       000000018003eb00     libucrt:libm_error.obj
 0004:00001b0c       $pdata$_exception_enabled  000000018003eb0c     libucrt:libm_error.obj
 0004:00001b18       $pdata$_handle_error       000000018003eb18     libucrt:libm_error.obj
 0004:00001b24       $pdata$_handle_errorf      000000018003eb24     libucrt:libm_error.obj
 0004:00001b30       $pdata$_towlower_l         000000018003eb30     libucrt:towlower.obj
 0004:00001b3c       $pdata$qsort               000000018003eb3c     libucrt:qsort.obj
 0004:00001b48       $pdata$4$qsort             000000018003eb48     libucrt:qsort.obj
 0004:00001b54       $pdata$5$qsort             000000018003eb54     libucrt:qsort.obj
 0004:00001b60       $pdata$fallbackMethod      000000018003eb60     libucrt:strpbrk.obj
 0004:00001b6c       $pdata$strpbrk             000000018003eb6c     libucrt:strpbrk.obj
 0004:00001b78       $pdata$_mbsdec_l           000000018003eb78     libucrt:mbsdec.obj
 0004:00001b84       $pdata$?initialize_multibyte@@YAHXZ 000000018003eb84     libucrt:multibyte_initializer.obj
 0004:00001b90       $pdata$_msize_base         000000018003eb90     libucrt:msize.obj
 0004:00001b9c       $pdata$??$common_xtox@K_W@@YAHKQEA_W_KI_N@Z 000000018003eb9c     libucrt:xtoa.obj
 0004:00001ba8       $pdata$??$common_xtox_s@K_W@@YAHKQEA_W_KI_N@Z 000000018003eba8     libucrt:xtoa.obj
 0004:00001bb4       $pdata$_itow_s             000000018003ebb4     libucrt:xtoa.obj
 0004:00001bc0       $pdata$_wcsnicmp           000000018003ebc0     libucrt:wcsnicmp.obj
 0004:00001bcc       $pdata$_wcsnicmp_l         000000018003ebcc     libucrt:wcsnicmp.obj
 0004:00001bd8       $pdata$?__mbrtoc32_utf8@__crt_mbstring@@YA_KPEA_UPEBD_KPEAU_Mbstatet@@@Z 000000018003ebd8     libucrt:mbrtoc32.obj
 0004:00001bf0       $pdata$__dcrt_lowio_ensure_console_output_initialized 000000018003ebf0     libucrt:initcon.obj
 0004:00001bfc       $pdata$__dcrt_terminate_console_output 000000018003ebfc     libucrt:initcon.obj
 0004:00001c08       $pdata$__dcrt_write_console 000000018003ec08     libucrt:initcon.obj
 0004:00001c14       $pdata$?__c16rtomb_utf8@__crt_mbstring@@YA_KPEAD_SPEAU_Mbstatet@@@Z 000000018003ec14     libucrt:c16rtomb.obj
 0004:00001c20       $pdata$__acrt_LCMapStringW 000000018003ec20     libucrt:lcmapstringw.obj
 0004:00001c2c       $pdata$_log10_special      000000018003ec2c     libucrt:log_special.obj
 0004:00001c38       $pdata$_log_special_common 000000018003ec38     libucrt:log_special.obj
 0004:00001c44       $pdata$?DloadAcquireSectionWriteAccess@@YAXXZ 000000018003ec44     DelayImp:delayhlp.obj
 0004:00001c50       $pdata$?DloadGetSRWLockFunctionPointers@@YAEXZ 000000018003ec50     DelayImp:delayhlp.obj
 0004:00001c5c       $pdata$?DloadMakePermanentImageCommit@@YAXPEAX_K@Z 000000018003ec5c     DelayImp:delayhlp.obj
 0004:00001c68       $pdata$?DloadObtainSection@@YAPEAXPEAK0@Z 000000018003ec68     DelayImp:delayhlp.obj
 0004:00001c74       $pdata$?DloadProtectSection@@YAXKPEAK@Z 000000018003ec74     DelayImp:delayhlp.obj
 0004:00001c80       $pdata$?DloadReleaseSectionWriteAccess@@YAXXZ 000000018003ec80     DelayImp:delayhlp.obj
 0004:00001c8c       $pdata$__delayLoadHelper2  000000018003ec8c     DelayImp:delayhlp.obj
 0004:00001c98       $pdata$_IsNonwritableInCurrentImage 000000018003ec98     LIBCMT:pesect.obj
 0004:00001ca4       $pdata$_local_unwind       000000018003eca4     libvcruntime:jmpuwind.obj
 0004:00001cb0       $pdata$wcschr              000000018003ecb0     libvcruntime:wcschr.obj
 0004:00001cc8       $pdata$?catch$0@?0??Message@Error@Napi@@QEBAAEBV?$basic_string@DU?$char_traits@D@std@@V?$allocator@D@2@@std@@XZ@4HA 000000018003ecc8     binding.obj
 0004:00001cd4       $pdata$?catch$0@?0???$WrapCallback@V<lambda_8c7377a71108815b2eee34f099f4cb99>@@@details@Napi@@YAPEAUnapi_value__@@V<lambda_8c7377a71108815b2eee34f099f4cb99>@@@Z@4HA 000000018003ecd4     binding.obj
 0004:00001ce0       $pdata$?catch$0@?0???$WrapCallback@V<lambda_1e7beed46a13b5db275532e749255f2a>@@@details@Napi@@YAPEAUnapi_value__@@V<lambda_1e7beed46a13b5db275532e749255f2a>@@@Z@4HA 000000018003ece0     binding.obj
 0004:00001ce0       $pdata$?catch$0@?0???$WrapCallback@V<lambda_6f109283bb3487c094c6ead15e4bed03>@@@details@Napi@@YAPEAUnapi_value__@@V<lambda_6f109283bb3487c094c6ead15e4bed03>@@@Z@4HA 000000018003ece0     binding.obj
 0004:00001cec       $pdata$?dtor$0@?0???0?$basic_ostream@DU?$char_traits@D@std@@@std@@QEAA@PEAV?$basic_streambuf@DU?$char_traits@D@std@@@1@_N@Z@4HA 000000018003ecec     libcpmt:cout.obj
 0004:00001cf8       $pdata$?dtor$0@?0??_Getcat@?$codecvt@DDU_Mbstatet@@@std@@SA_KPEAPEBVfacet@locale@2@PEBV42@@Z@4HA 000000018003ecf8     libcpmt:cout.obj
 0004:00001d04       $pdata$?dtor$0@?0??_Getcat@?$ctype@D@std@@SA_KPEAPEBVfacet@locale@2@PEBV42@@Z@4HA 000000018003ed04     libcpmt:cout.obj
 0004:00001d10       $pdata$?fin$0@?0??dllmain_crt_process_attach@@YAHQEAUHINSTANCE__@@QEAX@Z@4HA 000000018003ed10     LIBCMT:dll_dllmain.obj
 0004:00001d1c       $pdata$?fin$0@?0??dllmain_crt_process_detach@@YAH_N@Z@4HA 000000018003ed1c     LIBCMT:dll_dllmain.obj
 0004:00001d28       $pdata$?filt$0@?0??dllmain_dispatch@@YAHQEAUHINSTANCE__@@KQEAX@Z@4HA 000000018003ed28     LIBCMT:dll_dllmain.obj
 0004:00001d34       $pdata$__scrt_is_nonwritable_in_current_image$filt$0 000000018003ed34     LIBCMT:utility.obj
 0004:00001d40       $pdata$?filt$0@?0???$_CallSETranslator@V__FrameHandler3@@@@YAHPEAUEHExceptionRecord@@PEA_KPEAU_CONTEXT@@PEAU_xDISPATCHER_CONTEXT@@PEBU_s_FuncInfo@@K1@Z@4HA 000000018003ed40     libvcruntime:risctrnsctrl.obj
 0004:00001d4c       $pdata$__DestructExceptionObject$filt$0 000000018003ed4c     libvcruntime:ehhelpers.obj
 0004:00001d58       $pdata$?filt$0@?0??CxxCallCatchBlock@__FrameHandler3@@SAPEAXPEAU_EXCEPTION_RECORD@@@Z@4HA 000000018003ed58     libvcruntime:frame.obj
 0004:00001d64       $pdata$?fin$1@?0??CxxCallCatchBlock@__FrameHandler3@@SAPEAXPEAU_EXCEPTION_RECORD@@@Z@4HA 000000018003ed64     libvcruntime:frame.obj
 0004:00001d70       $pdata$?filt$0@?0??FrameUnwindToState@__FrameHandler3@@SAXPEA_KPEAU_xDISPATCHER_CONTEXT@@PEBU_s_FuncInfo@@H@Z@4HA 000000018003ed70     libvcruntime:frame.obj
 0004:00001d7c       $pdata$?fin$1@?0??FrameUnwindToState@__FrameHandler3@@SAXPEA_KPEAU_xDISPATCHER_CONTEXT@@PEBU_s_FuncInfo@@H@Z@4HA 000000018003ed7c     libvcruntime:frame.obj
 0004:00001d88       $pdata$?fin$0@?0???$?RV<lambda_638799b9deba96c50f710eeac98168cd>@@AEAV<lambda_22ebabd17bc4fa466a2aca6d8deb888d>@@V<lambda_a6f7d7db0129f75315ebf26d50c089f1>@@@?$__crt_seh_guarded_call@H@@QEAAH$$QEAV<lambda_638799b9deba96c50f710eeac98168cd>@@AEAV<lambda_22ebabd17bc4fa466a2aca6d8deb888d>@@$$QEAV<lambda_a6f7d7db0129f75315ebf26d50c089f1>@@@Z@4HA 000000018003ed88     libucrt:onexit.obj
 0004:00001d88       $pdata$?fin$0@?0???$?RV<lambda_7777bce6b2f8c936911f934f8298dc43>@@AEAV<lambda_f03950bc5685219e0bcd2087efbe011e>@@V<lambda_3883c3dff614d5e0c5f61bb1ac94921c>@@@?$__crt_seh_guarded_call@H@@QEAAH$$QEAV<lambda_7777bce6b2f8c936911f934f8298dc43>@@AEAV<lambda_f03950bc5685219e0bcd2087efbe011e>@@$$QEAV<lambda_3883c3dff614d5e0c5f61bb1ac94921c>@@@Z@4HA 000000018003ed88     libucrt:onexit.obj
 0004:00001d88       $pdata$?fin$0@?0???$?RV<lambda_f2e299630e499de9f9a165e60fcd3db5>@@AEAV<lambda_2ae9d31cdba2644fcbeaf08da7c24588>@@V<lambda_40d01ff24d0e7b3814fdbdcee8eab3c7>@@@?$__crt_seh_guarded_call@X@@QEAAX$$QEAV<lambda_f2e299630e499de9f9a165e60fcd3db5>@@AEAV<lambda_2ae9d31cdba2644fcbeaf08da7c24588>@@$$QEAV<lambda_40d01ff24d0e7b3814fdbdcee8eab3c7>@@@Z@4HA 000000018003ed88     libucrt:per_thread_data.obj
 0004:00001d88       $pdata$?fin$0@?0???$?RV<lambda_d80eeec6fff315bfe5c115232f3240e3>@@AEAV<lambda_6e4b09c48022b2350581041d5f6b0c4c>@@V<lambda_2358e3775559c9db80273638284d5e45>@@@?$__crt_seh_guarded_call@X@@QEAAX$$QEAV<lambda_d80eeec6fff315bfe5c115232f3240e3>@@AEAV<lambda_6e4b09c48022b2350581041d5f6b0c4c>@@$$QEAV<lambda_2358e3775559c9db80273638284d5e45>@@@Z@4HA 000000018003ed88     libucrt:exit.obj
 0004:00001d88       $pdata$?fin$0@?0???$?RV<lambda_450d765d439847d4c735a33c368b5fc0>@@AEAV<lambda_44731a7d0e6d81c3e6aa82d741081786>@@V<lambda_601a2a7da3b7a96e9554ac7215c4b07c>@@@?$__crt_seh_guarded_call@P6AXH@Z@@QEAAP6AXH@Z$$QEAV<lambda_450d765d439847d4c735a33c368b5fc0>@@AEAV<lambda_44731a7d0e6d81c3e6aa82d741081786>@@$$QEAV<lambda_601a2a7da3b7a96e9554ac7215c4b07c>@@@Z@4HA 000000018003ed88     libucrt:signal.obj
 0004:00001d88       $pdata$?fin$0@?0???$?RV<lambda_1d892b297fdedeee07ed8124eeb2f2fa>@@AEAV<lambda_ffc046909424fd52df0ac47e64813305>@@V<lambda_01a7098693036236037e7cdb9bca3d73>@@@?$__crt_seh_guarded_call@X@@QEAAX$$QEAV<lambda_1d892b297fdedeee07ed8124eeb2f2fa>@@AEAV<lambda_ffc046909424fd52df0ac47e64813305>@@$$QEAV<lambda_01a7098693036236037e7cdb9bca3d73>@@@Z@4HA 000000018003ed88     libucrt:wsetlocale.obj
 0004:00001d88       $pdata$?fin$0@?0???$?RV<lambda_9bd929c17696992ce54f1d748594fc62>@@AEAV<lambda_082c17da81b0962e08c0587ee0fac50c>@@V<lambda_9c08ac857f4975304d44e9f601d9b878>@@@?$__crt_seh_guarded_call@PEAD@@QEAAPEAD$$QEAV<lambda_9bd929c17696992ce54f1d748594fc62>@@AEAV<lambda_082c17da81b0962e08c0587ee0fac50c>@@$$QEAV<lambda_9c08ac857f4975304d44e9f601d9b878>@@@Z@4HA 000000018003ed88     libucrt:setlocale.obj
 0004:00001d88       $pdata$?fin$0@?0???$?RV<lambda_0ae27a3a962d80f24befdcbee591983d>@@AEAV<lambda_8d0ee55de4b1038c4002e0adecdf1839>@@V<lambda_dc504788e8f1664fe9b84e20bfb512f2>@@@?$__crt_seh_guarded_call@X@@QEAAX$$QEAV<lambda_0ae27a3a962d80f24befdcbee591983d>@@AEAV<lambda_8d0ee55de4b1038c4002e0adecdf1839>@@$$QEAV<lambda_dc504788e8f1664fe9b84e20bfb512f2>@@@Z@4HA 000000018003ed88     libucrt:per_thread_data.obj
 0004:00001d88       $pdata$?fin$0@?0???$?RV<lambda_aa87e3671a710a21b5dc78c0bdf72e11>@@AEAV<lambda_92619d2358a28f41a33ba319515a20b9>@@V<lambda_6992ecaafeb10aed2b74cb1fae11a551>@@@?$__crt_seh_guarded_call@X@@QEAAX$$QEAV<lambda_aa87e3671a710a21b5dc78c0bdf72e11>@@AEAV<lambda_92619d2358a28f41a33ba319515a20b9>@@$$QEAV<lambda_6992ecaafeb10aed2b74cb1fae11a551>@@@Z@4HA 000000018003ed88     libucrt:per_thread_data.obj
 0004:00001d88       $pdata$?fin$0@?0???$?RV<lambda_efdfa57d1f175319df784efa44bb7b81>@@AEAV<lambda_5f0a4c1567f8adc6734073e5d1e1b35c>@@V<lambda_2e8a7d3640ea6ccb4c2413664c2db6fd>@@@?$__crt_seh_guarded_call@X@@QEAAX$$QEAV<lambda_efdfa57d1f175319df784efa44bb7b81>@@AEAV<lambda_5f0a4c1567f8adc6734073e5d1e1b35c>@@$$QEAV<lambda_2e8a7d3640ea6ccb4c2413664c2db6fd>@@@Z@4HA 000000018003ed88     libucrt:mbctype.obj
 0004:00001d88       $pdata$?fin$0@?0???$?RV<lambda_bd00b5aa228bd7e7e5b2b5db5fd2933b>@@AEAV<lambda_777d11615145f89ee95b9466d285deeb>@@V<lambda_6e5e48fbd24f9f8f81b203eb3d877683>@@@?$__crt_seh_guarded_call@H@@QEAAH$$QEAV<lambda_bd00b5aa228bd7e7e5b2b5db5fd2933b>@@AEAV<lambda_777d11615145f89ee95b9466d285deeb>@@$$QEAV<lambda_6e5e48fbd24f9f8f81b203eb3d877683>@@@Z@4HA 000000018003ed88     libucrt:winapi_thunks.obj
 0004:00001d88       $pdata$?fin$0@?0???$?RV<lambda_2d41944a1d46af3157314b8a01080d33>@@AEAV<lambda_8f455de75cd7d7f24b4096f044d8b9e6>@@V<lambda_aa500f224e6afead328df44964fe2772>@@@?$__crt_seh_guarded_call@X@@QEAAX$$QEAV<lambda_2d41944a1d46af3157314b8a01080d33>@@AEAV<lambda_8f455de75cd7d7f24b4096f044d8b9e6>@@$$QEAV<lambda_aa500f224e6afead328df44964fe2772>@@@Z@4HA 000000018003ed88     libucrt:per_thread_data.obj
 0004:00001d94       $pdata$?filt$0@?0???R<lambda_6e4b09c48022b2350581041d5f6b0c4c>@@QEBA@XZ@4HA 000000018003ed94     libucrt:exit.obj
 0004:00001da0       $pdata$?fin$0@?0???$common_ftell@_J@@YA_JV__crt_stdio_stream@@@Z@4HA 000000018003eda0     libucrt:ftell.obj
 0004:00001da0       $pdata$fclose$fin$0        000000018003eda0     libucrt:fclose.obj
 0004:00001da0       $pdata$?fin$0@?0??common_fseek@@YAHV__crt_stdio_stream@@_JH@Z@4HA 000000018003eda0     libucrt:fseek.obj
 0004:00001dac       $pdata$?fin$0@?0???$?RV<lambda_842d9ff0dc9ef11c61343bbaebe7f885>@@AEAV<lambda_c5860995281e5c4ce005b3de8f5874ee>@@V<lambda_d90129c13df834fdcbf8d2b88dafcf2d>@@@?$__crt_seh_guarded_call@X@@QEAAX$$QEAV<lambda_842d9ff0dc9ef11c61343bbaebe7f885>@@AEAV<lambda_c5860995281e5c4ce005b3de8f5874ee>@@$$QEAV<lambda_d90129c13df834fdcbf8d2b88dafcf2d>@@@Z@4HA 000000018003edac     libucrt:fflush.obj
 0004:00001dac       $pdata$?fin$0@?0???$?RV<lambda_84ec643ea9557e2f7dc01bb0e9624395>@@AEAV<lambda_ca71763b3c0644891230e4f79ea54fa6>@@V<lambda_439a761618c59b0600e24586724d733b>@@@?$__crt_seh_guarded_call@H@@QEAAH$$QEAV<lambda_84ec643ea9557e2f7dc01bb0e9624395>@@AEAV<lambda_ca71763b3c0644891230e4f79ea54fa6>@@$$QEAV<lambda_439a761618c59b0600e24586724d733b>@@@Z@4HA 000000018003edac     libucrt:setvbuf.obj
 0004:00001dac       $pdata$?fin$0@?0???$?RV<lambda_bdbcead8b570fa3d5ec6d9679862a6e5>@@AEAV<lambda_96f4279ff90247a4c5c5d9824f56f8c1>@@V<lambda_4606be27f17b5e5579e09050fab91818>@@@?$__crt_seh_guarded_call@_K@@QEAA_K$$QEAV<lambda_bdbcead8b570fa3d5ec6d9679862a6e5>@@AEAV<lambda_96f4279ff90247a4c5c5d9824f56f8c1>@@$$QEAV<lambda_4606be27f17b5e5579e09050fab91818>@@@Z@4HA 000000018003edac     libucrt:fwrite.obj
 0004:00001dac       $pdata$?fin$0@?0???$?RV<lambda_c376a267cfb53b6959b3b692ec76b120>@@AEAV<lambda_9a32fed5bf61b6b509b2d3f6003082a1>@@V<lambda_572fbb9fa0ab338edf41edfd4b5fcc8d>@@@?$__crt_seh_guarded_call@H@@QEAAH$$QEAV<lambda_c376a267cfb53b6959b3b692ec76b120>@@AEAV<lambda_9a32fed5bf61b6b509b2d3f6003082a1>@@$$QEAV<lambda_572fbb9fa0ab338edf41edfd4b5fcc8d>@@@Z@4HA 000000018003edac     libucrt:fflush.obj
 0004:00001db8       $pdata$?fin$0@?0???$?RV<lambda_886d6c58226a84441f68b9f2b8217b83>@@AEAV<lambda_ab61a845afdef5b7c387490eaf3616ee>@@V<lambda_f7f22ab5edc0698d5f6905b0d3f44752>@@@?$__crt_seh_guarded_call@X@@QEAAX$$QEAV<lambda_886d6c58226a84441f68b9f2b8217b83>@@AEAV<lambda_ab61a845afdef5b7c387490eaf3616ee>@@$$QEAV<lambda_f7f22ab5edc0698d5f6905b0d3f44752>@@@Z@4HA 000000018003edb8     libucrt:fflush.obj
 0004:00001dc4       $pdata$fgetc$fin$0         000000018003edc4     libucrt:fgetc.obj
 0004:00001dd0       $pdata$fputc$fin$0         000000018003edd0     libucrt:fputc.obj
 0004:00001ddc       $pdata$fread_s$fin$0       000000018003eddc     libucrt:fread.obj
 0004:00001de8       $pdata$ungetc$fin$0        000000018003ede8     libucrt:ungetc.obj
 0004:00001df4       $pdata$_query_new_handler$fin$0 000000018003edf4     libucrt:new_handler.obj
 0004:00001e00       $pdata$?fin$0@?0???$?RV<lambda_410d79af7f07d98d83a3f525b3859a53>@@AEAV<lambda_3e16ef9562a7dcce91392c22ab16ea36>@@V<lambda_38119f0e861e05405d8a144b9b982f0a>@@@?$__crt_seh_guarded_call@X@@QEAAX$$QEAV<lambda_410d79af7f07d98d83a3f525b3859a53>@@AEAV<lambda_3e16ef9562a7dcce91392c22ab16ea36>@@$$QEAV<lambda_38119f0e861e05405d8a144b9b982f0a>@@@Z@4HA 000000018003ee00     libucrt:wsetlocale.obj
 0004:00001e0c       $pdata$?fin$0@?0???$?RV<lambda_7f2adfce497ff2baa965cd4f576ecfd1>@@AEAV<lambda_2a444430fde8c29194d880d93eed5e8f>@@AEAV<lambda_8dff2cf36a5417162780cd64fa2883ef>@@@?$__crt_seh_guarded_call@X@@QEAAX$$QEAV<lambda_7f2adfce497ff2baa965cd4f576ecfd1>@@AEAV<lambda_2a444430fde8c29194d880d93eed5e8f>@@AEAV<lambda_8dff2cf36a5417162780cd64fa2883ef>@@@Z@4HA 000000018003ee0c     libucrt:wsetlocale.obj
 0004:00001e18       $pdata$_fcloseall$fin$0    000000018003ee18     libucrt:closeall.obj
 0004:00001e24       $pdata$__acrt_initialize_lowio$fin$0 000000018003ee24     libucrt:ioinit.obj
 0004:00001e24       $pdata$__acrt_lowio_ensure_fh_exists$fin$0 000000018003ee24     libucrt:osfinfo.obj
 0004:00001e30       $pdata$?fin$0@?0???$?RV<lambda_751a882b2c74d4b022dec766aa51a29a>@@AEAV<lambda_628dfdc04ba53c8bfc02c9951375f3f5>@@V<lambda_f6c7be5f7998530c34de24c7437d6b54>@@@?$__crt_seh_guarded_call@H@@QEAAH$$QEAV<lambda_751a882b2c74d4b022dec766aa51a29a>@@AEAV<lambda_628dfdc04ba53c8bfc02c9951375f3f5>@@$$QEAV<lambda_f6c7be5f7998530c34de24c7437d6b54>@@@Z@4HA 000000018003ee30     libucrt:close.obj
 0004:00001e30       $pdata$?fin$0@?0???$?RV<lambda_a37b2b86f63e897a80ea819b0eb08c01>@@AEAV<lambda_38ce7e780aa69e748d6df282ebc68efe>@@V<lambda_99fb1378e971ab6e7edea83e3a7a83a2>@@@?$__crt_seh_guarded_call@H@@QEAAH$$QEAV<lambda_a37b2b86f63e897a80ea819b0eb08c01>@@AEAV<lambda_38ce7e780aa69e748d6df282ebc68efe>@@$$QEAV<lambda_99fb1378e971ab6e7edea83e3a7a83a2>@@@Z@4HA 000000018003ee30     libucrt:commit.obj
 0004:00001e3c       $pdata$_write$fin$0        000000018003ee3c     libucrt:write.obj
 0004:00001e3c       $pdata$?fin$0@?0???$common_lseek@_J@@YA_JH_JH@Z@4HA 000000018003ee3c     libucrt:lseek.obj
 0004:00001e48       $pdata$_read$fin$0         000000018003ee48     libucrt:read.obj
 0004:00001e54       $pdata$raise$fin$0         000000018003ee54     libucrt:signal.obj
 0004:00001e60       $pdata$_ctrlfp$filt$0      000000018003ee60     libucrt:fpctrl.obj
 0004:00001e6c       $pdata$?fin$0@?0??update_thread_multibyte_data_internal@@YAPEAU__crt_multibyte_data@@QEAU__acrt_ptd@@QEAPEAU1@@Z@4HA 000000018003ee6c     libucrt:mbctype.obj
 0004:00001e78       $pdata$__acrt_update_thread_locale_data$fin$0 000000018003ee78     libucrt:locale_refcounting.obj
 0004:00001e84       $pdata$_IsNonwritableInCurrentImage$filt$0 000000018003ee84     LIBCMT:pesect.obj
 0004:00001e90       $pdata$??__Fcout@std@@YAXXZ 000000018003ee90     libcpmt:cout.obj
 0004:00001e9c       $pdata$??__Fclassic_locale@std@@YAXXZ 000000018003ee9c     libcpmt:locale0.obj
 0004:00001ea8       $pdata$??__Finit_atexit@@YAXXZ 000000018003eea8     libcpmt:iosptrs.obj
 0005:00000060       $R000000                   000000018003f060     * linker generated manifest res *

 Exports

  ordinal    name

        1    _register_hello_
