 native

 Timestamp is 5e9cb13b (Sun Apr 19 16:14:51 2020)

 Preferred load address is 0000000180000000

 Start         Length     Name                   Class
 0001:00000000 000002c0H .text$di                CODE
 0001:000002c0 000294c0H .text$mn                CODE
 0001:00029780 00000020H .text$mn$00             CODE
 0001:000297a0 00000560H .text$x                 CODE
 0001:00029d00 00000138H .text$yd                CODE
 0002:00000000 000002a0H .idata$5                DATA
 0002:000002a0 00000010H .00cfg                  DATA
 0002:000002b0 00000008H .CRT$XCA                DATA
 0002:000002b8 00000038H .CRT$XCC                DATA
 0002:000002f0 00000010H .CRT$XCL                DATA
 0002:00000300 00000010H .CRT$XCU                DATA
 0002:00000310 00000008H .CRT$XCZ                DATA
 0002:00000318 00000008H .CRT$XIA                DATA
 0002:00000320 00000028H .CRT$XIC                DATA
 0002:00000348 00000008H .CRT$XIZ                DATA
 0002:00000350 00000008H .CRT$XPA                DATA
 0002:00000358 00000010H .CRT$XPX                DATA
 0002:00000368 00000008H .CRT$XPXA               DATA
 0002:00000370 00000008H .CRT$XPZ                DATA
 0002:00000378 00000008H .CRT$XTA                DATA
 0002:00000380 00000010H .CRT$XTZ                DATA
 0002:00000388 00000000H .gfids$y                DATA
 0002:00000390 00011fd0H .rdata                  DATA
 0002:00012360 00000e94H .rdata$r                DATA
 0002:000131f4 00000404H .rdata$zzzdbg           DATA
 0002:000135f8 00000008H .rtc$IAA                DATA
 0002:00013600 00000008H .rtc$IZZ                DATA
 0002:00013608 00000008H .rtc$TAA                DATA
 0002:00013610 00000010H .rtc$TZZ                DATA
 0002:00013620 00002258H .xdata                  DATA
 0002:00015878 00000324H .xdata$x                DATA
 0002:00015b9c 00000020H .didat$2                DATA
 0002:00015bbc 00000024H .didat$3                DATA
 0002:00015be0 00000108H .didat$4                DATA
 0002:00015ce8 00000328H .didat$6                DATA
 0002:00016010 00000110H .didat$7                DATA
 0002:00016120 00000050H .edata                  DATA
 0002:00016170 00000014H .idata$2                DATA
 0002:00016184 00000014H .idata$3                DATA
 0002:00016198 000002a0H .idata$4                DATA
 0002:00016438 00000606H .idata$6                DATA
 0003:00000000 000015d0H .data                   DATA
 0003:000015d0 00000618H .data$r                 DATA
 0003:00001be8 00000108H .didat$5                DATA
 0003:00001cf0 00003e84H .bss                    DATA
 0004:00000000 0000243cH .pdata                  DATA
 0005:00000000 00000060H .rsrc$01                DATA
 0005:00000060 00000180H .rsrc$02                DATA

  Address         Publics by Value              Rva+Base               Lib:Object

 0000:00000000       __guard_fids_count         0000000000000000     <absolute>
 0000:00000000       __guard_longjmp_count      0000000000000000     <absolute>
 0000:00000000       __hybrid_code_map          0000000000000000     <absolute>
 0000:00000000       __guard_iat_count          0000000000000000     <absolute>
 0000:00000000       __guard_longjmp_table      0000000000000000     <absolute>
 0000:00000000       __volatile_metadata        0000000000000000     <absolute>
 0000:00000000       __guard_iat_table          0000000000000000     <absolute>
 0000:00000000       __hybrid_code_map_count    0000000000000000     <absolute>
 0000:00000000       __enclave_config           0000000000000000     <absolute>
 0000:00000000       ___safe_se_handler_count   0000000000000000     <absolute>
 0000:00000000       ___safe_se_handler_table   0000000000000000     <absolute>
 0000:00000000       __guard_fids_table         0000000000000000     <absolute>
 0000:00000000       __hybrid_auxiliary_iat     0000000000000000     <absolute>
 0000:00000000       __dynamic_value_reloc_table 0000000000000000     <absolute>
 0000:00000100       __guard_flags              0000000000000100     <absolute>
 0000:00000000       __ImageBase                0000000180000000     <linker-defined>
 0001:000002c0       ??0exception@stdext@@QEAA@AEBV01@@Z 00000001800012c0 f i binding.obj
 0001:000002e0       ?what@exception@stdext@@UEBAPEBDXZ 00000001800012e0 f i binding.obj
 0001:00000300       ?_Raise@exception@stdext@@QEBAXXZ 0000000180001300 f i binding.obj
 0001:00000340       _guard_check_icall_nop     0000000180001340 f i LIBCMT:guard_support.obj
 0001:00000340       ?_Doraise@exception@stdext@@MEBAXXZ 0000000180001340 f i binding.obj
 0001:00000340       ?_Lock@?$basic_streambuf@DU?$char_traits@D@std@@@std@@UEAAXXZ 0000000180001340 f i binding.obj
 0001:00000340       ?imbue@?$basic_streambuf@DU?$char_traits@D@std@@@std@@MEAAXAEBVlocale@2@@Z 0000000180001340 f i binding.obj
 0001:00000340       ?_Unlock@?$basic_streambuf@DU?$char_traits@D@std@@@std@@UEAAXXZ 0000000180001340 f i binding.obj
 0001:00000350       ??_Gruntime_error@std@@UEAAPEAXI@Z 0000000180001350 f i binding.obj
 0001:00000350       ??_Gexception@stdext@@UEAAPEAXI@Z 0000000180001350 f i binding.obj
 0001:00000350       ??_Eexception@stdext@@UEAAPEAXI@Z 0000000180001350 f i * CIL library *:* CIL module *
 0001:00000350       ??_Eruntime_error@std@@UEAAPEAXI@Z 0000000180001350 f i * CIL library *:* CIL module *
 0001:00000380       __local_stdio_printf_options 0000000180001380 f i binding.obj
 0001:00000390       printf                     0000000180001390 f i binding.obj
 0001:000003f0       ??0runtime_error@std@@QEAA@PEBD@Z 00000001800013f0 f i binding.obj
 0001:00000410       ??0_Locinfo@std@@QEAA@PEBD@Z 0000000180001410 f i binding.obj
 0001:00000490       ??1_Locinfo@std@@QEAA@XZ   0000000180001490 f i binding.obj
 0001:00000530       ??_E_Facet_base@std@@UEAAPEAXI@Z 0000000180001530 f i * CIL library *:* CIL module *
 0001:00000530       ??_G_Facet_base@std@@UEAAPEAXI@Z 0000000180001530 f i binding.obj
 0001:00000560       ?_Incref@facet@locale@std@@UEAAXXZ 0000000180001560 f i binding.obj
 0001:00000570       ?_Decref@facet@locale@std@@UEAAPEAV_Facet_base@3@XZ 0000000180001570 f i binding.obj
 0001:00000580       ?do_tolower@?$ctype@D@std@@MEBADD@Z 0000000180001580 f i binding.obj
 0001:00000590       ?do_tolower@?$ctype@D@std@@MEBAPEBDPEADPEBD@Z 0000000180001590 f i binding.obj
 0001:000005f0       ?do_toupper@?$ctype@D@std@@MEBADD@Z 00000001800015f0 f i binding.obj
 0001:00000600       ?do_toupper@?$ctype@D@std@@MEBAPEBDPEADPEBD@Z 0000000180001600 f i binding.obj
 0001:00000660       ?do_narrow@?$ctype@D@std@@MEBADDD@Z 0000000180001660 f i binding.obj
 0001:00000660       ?do_widen@?$ctype@D@std@@MEBADD@Z 0000000180001660 f i binding.obj
 0001:00000670       ?do_widen@?$ctype@D@std@@MEBAPEBDPEBD0PEAD@Z 0000000180001670 f i binding.obj
 0001:00000690       ?do_narrow@?$ctype@D@std@@MEBAPEBDPEBD0DPEAD@Z 0000000180001690 f i binding.obj
 0001:000006b0       ??_E?$ctype@D@std@@MEAAPEAXI@Z 00000001800016b0 f i * CIL library *:* CIL module *
 0001:000006b0       ??_G?$ctype@D@std@@MEAAPEAXI@Z 00000001800016b0 f i binding.obj
 0001:00000720       ?default_error_condition@error_category@std@@UEBA?AVerror_condition@2@H@Z 0000000180001720 f i binding.obj
 0001:00000730       ?equivalent@error_category@std@@UEBA_NHAEBVerror_condition@2@@Z 0000000180001730 f i binding.obj
 0001:00000770       ?equivalent@error_category@std@@UEBA_NAEBVerror_code@2@H@Z 0000000180001770 f i binding.obj
 0001:00000790       ?make_error_code@std@@YA?AVerror_code@1@W4io_errc@1@@Z 0000000180001790 f i binding.obj
 0001:000007e0       ??0_System_error@std@@IEAA@Verror_code@1@AEBV?$basic_string@DU?$char_traits@D@std@@V?$allocator@D@2@@1@@Z 00000001800017e0 f i binding.obj
 0001:00000a10       ??_Efailure@ios_base@std@@UEAAPEAXI@Z 0000000180001a10 f i * CIL library *:* CIL module *
 0001:00000a10       ??_Gfailure@ios_base@std@@UEAAPEAXI@Z 0000000180001a10 f i binding.obj
 0001:00000a10       ??_G_System_error@std@@UEAAPEAXI@Z 0000000180001a10 f i binding.obj
 0001:00000a10       ??_E_System_error@std@@UEAAPEAXI@Z 0000000180001a10 f i * CIL library *:* CIL module *
 0001:00000a40       ?name@_Iostream_error_category@std@@UEBAPEBDXZ 0000000180001a40 f i binding.obj
 0001:00000a50       ?message@_Iostream_error_category@std@@UEBA?AV?$basic_string@DU?$char_traits@D@std@@V?$allocator@D@2@@2@H@Z 0000000180001a50 f i binding.obj
 0001:00000ad0       ??_G_Iostream_error_category@std@@UEAAPEAXI@Z 0000000180001ad0 f i binding.obj
 0001:00000ad0       ??_E_Iostream_error_category@std@@UEAAPEAXI@Z 0000000180001ad0 f i * CIL library *:* CIL module *
 0001:00000b00       ??0failure@ios_base@std@@QEAA@PEBDAEBVerror_code@2@@Z 0000000180001b00 f i binding.obj
 0001:00000bd0       ??_Eios_base@std@@UEAAPEAXI@Z 0000000180001bd0 f i * CIL library *:* CIL module *
 0001:00000bd0       ??_Gios_base@std@@UEAAPEAXI@Z 0000000180001bd0 f i binding.obj
 0001:00000c10       ??BEnv@Napi@@QEBAPEAUnapi_env__@@XZ 0000000180001c10 f i binding.obj
 0001:00000c20       ??1Error@Napi@@UEAA@XZ     0000000180001c20 f i binding.obj
 0001:00000cb0       ?New@Array@Napi@@SA?AV12@PEAUnapi_env__@@_K@Z 0000000180001cb0 f i binding.obj
 0001:00000d40       ?New@Error@Napi@@SA?AV12@PEAUnapi_env__@@@Z 0000000180001d40 f i binding.obj
 0001:00000f40       ??_GError@Napi@@UEAAPEAXI@Z 0000000180001f40 f i binding.obj
 0001:00000f40       ??_EError@Napi@@UEAAPEAXI@Z 0000000180001f40 f i * CIL library *:* CIL module *
 0001:00000f80       ??0Error@Napi@@QEAA@AEBV01@@Z 0000000180001f80 f i binding.obj
 0001:000010e0       ?Message@Error@Napi@@QEBAAEBV?$basic_string@DU?$char_traits@D@std@@V?$allocator@D@2@@std@@XZ 00000001800020e0 f i binding.obj
 0001:00001340       ?ThrowAsJavaScriptException@Error@Napi@@QEBAXXZ 0000000180002340 f i binding.obj
 0001:00001440       ?what@Error@Napi@@UEBAPEBDXZ 0000000180002440 f i binding.obj
 0001:00001460       ??0ObjectReference@Napi@@IEAA@AEBV01@@Z 0000000180002460 f i binding.obj
 0001:00001460       ??0?$Reference@VObject@Napi@@@Napi@@IEAA@AEBV01@@Z 0000000180002460 f i binding.obj
 0001:00001590       ?Get@ObjectReference@Napi@@QEBA?AVValue@2@PEBD@Z 0000000180002590 f i binding.obj
 0001:00001720       ??_D?$basic_stringstream@DU?$char_traits@D@std@@V?$allocator@D@2@@std@@QEAAXXZ 0000000180002720 f i binding.obj
 0001:00001870       ?stringbeg@@YAHPEAD0@Z     0000000180002870 f   binding.obj
 0001:00001940       ?spacesplit@@YAXPEAD0@Z    0000000180002940 f   binding.obj
 0001:00001a40       ?makesystem@@YA?AUplansys@@PEAUseedtype@@@Z 0000000180002a40 f   binding.obj
 0001:00001ca0       ?buildgalaxy@@YAXG@Z       0000000180002ca0 f   binding.obj
 0001:00001e00       ?matchsys@@YAHPEAD@Z       0000000180002e00 f   binding.obj
 0001:00001fa0       ?dotweakrand@@YAHPEAD@Z    0000000180002fa0 f   binding.obj
 0001:00001fb0       ?dolocal@@YAHPEAD@Z        0000000180002fb0 f   binding.obj
 0001:00002120       ?dojump@@YAHPEAD@Z         0000000180003120 f   binding.obj
 0001:000023a0       ?dosneak@@YAHPEAD@Z        00000001800033a0 f   binding.obj
 0001:000023d0       ?dogalhyp@@YAHPEAD@Z       00000001800033d0 f   binding.obj
 0001:00002410       ?doinfo@@YAHPEAD@Z         0000000180003410 f   binding.obj
 0001:00002430       ?dohold@@YAHPEAD@Z         0000000180003430 f   binding.obj
 0001:000024a0       ?dosell@@YAHPEAD@Z         00000001800034a0 f   binding.obj
 0001:00002610       ?dobuy@@YAHPEAD@Z          0000000180003610 f   binding.obj
 0001:00002800       ?dofuel@@YAHPEAD@Z         0000000180003800 f   binding.obj
 0001:000028c0       ?docash@@YAHPEAD@Z         00000001800038c0 f   binding.obj
 0001:00002900       ?domkt@@YAHPEAD@Z          0000000180003900 f   binding.obj
 0001:00002a60       ?doquit@@YAHPEAD@Z         0000000180003a60 f   binding.obj
 0001:00002a70       ?dohelp@@YAHPEAD@Z         0000000180003a70 f   binding.obj
 0001:00002a70       ?overflow@?$basic_streambuf@DU?$char_traits@D@std@@@std@@MEAAHH@Z 0000000180003a70 f   binding.obj
 0001:00002a70       ?underflow@?$basic_streambuf@DU?$char_traits@D@std@@@std@@MEAAHXZ 0000000180003a70 f   binding.obj
 0001:00002a70       ?pbackfail@?$basic_streambuf@DU?$char_traits@D@std@@@std@@MEAAHH@Z 0000000180003a70 f   binding.obj
 0001:00002a80       ?initGame@@YAHH@Z          0000000180003a80 f   binding.obj
 0001:00002dc0       ?goat_soup@@YA?AV?$basic_string@DU?$char_traits@D@std@@V?$allocator@D@2@@std@@PEBDPEAUplansys@@@Z 0000000180003dc0 f   binding.obj
 0001:000031b0       ?StartGame@@YA?AVArray@Napi@@AEBVCallbackInfo@2@@Z 00000001800041b0 f   binding.obj
 0001:00003d10       ?Init@@YA?AVObject@Napi@@VEnv@2@V12@@Z 0000000180004d10 f   binding.obj
 0001:00003ee0       ?__napi_Init@@YAPEAUnapi_value__@@PEAUnapi_env__@@PEAU1@@Z 0000000180004ee0 f   binding.obj
 0001:00003f50       ?reserve@?$basic_string@DU?$char_traits@D@std@@V?$allocator@D@2@@std@@QEAAX_K@Z 0000000180004f50 f i binding.obj
 0001:00004110       ??1?$basic_string@DU?$char_traits@D@std@@V?$allocator@D@2@@std@@QEAA@XZ 0000000180005110 f i binding.obj
 0001:00004170       ??4?$basic_string@DU?$char_traits@D@std@@V?$allocator@D@2@@std@@QEAAAEAV01@$$QEAV01@@Z 0000000180005170 f i binding.obj
 0001:00004200       ?seekpos@?$basic_stringbuf@DU?$char_traits@D@std@@V?$allocator@D@2@@std@@MEAA?AV?$fpos@U_Mbstatet@@@2@V32@H@Z 0000000180005200 f i binding.obj
 0001:000042f0       ?seekoff@?$basic_stringbuf@DU?$char_traits@D@std@@V?$allocator@D@2@@std@@MEAA?AV?$fpos@U_Mbstatet@@@2@_JHH@Z 00000001800052f0 f i binding.obj
 0001:00004440       ?underflow@?$basic_stringbuf@DU?$char_traits@D@std@@V?$allocator@D@2@@std@@MEAAHXZ 0000000180005440 f i binding.obj
 0001:000044b0       ?pbackfail@?$basic_stringbuf@DU?$char_traits@D@std@@V?$allocator@D@2@@std@@MEAAHH@Z 00000001800054b0 f i binding.obj
 0001:00004510       ?overflow@?$basic_stringbuf@DU?$char_traits@D@std@@V?$allocator@D@2@@std@@MEAAHH@Z 0000000180005510 f i binding.obj
 0001:00004720       ?sync@?$basic_streambuf@DU?$char_traits@D@std@@@std@@MEAAHXZ 0000000180005720 f i binding.obj
 0001:00004720       ?showmanyc@?$basic_streambuf@DU?$char_traits@D@std@@@std@@MEAA_JXZ 0000000180005720 f i binding.obj
 0001:00004730       ?setbuf@?$basic_streambuf@DU?$char_traits@D@std@@@std@@MEAAPEAV12@PEAD_J@Z 0000000180005730 f i binding.obj
 0001:00004740       ?seekoff@?$basic_streambuf@DU?$char_traits@D@std@@@std@@MEAA?AV?$fpos@U_Mbstatet@@@2@_JHH@Z 0000000180005740 f i binding.obj
 0001:00004740       ?seekpos@?$basic_streambuf@DU?$char_traits@D@std@@@std@@MEAA?AV?$fpos@U_Mbstatet@@@2@V32@H@Z 0000000180005740 f i binding.obj
 0001:00004760       ?xsputn@?$basic_streambuf@DU?$char_traits@D@std@@@std@@MEAA_JPEBD_J@Z 0000000180005760 f i binding.obj
 0001:00004820       ?xsgetn@?$basic_streambuf@DU?$char_traits@D@std@@@std@@MEAA_JPEAD_J@Z 0000000180005820 f i binding.obj
 0001:000048d0       ?uflow@?$basic_streambuf@DU?$char_traits@D@std@@@std@@MEAAHXZ 00000001800058d0 f i binding.obj
 0001:00004910       ??1?$basic_streambuf@DU?$char_traits@D@std@@@std@@UEAA@XZ 0000000180005910 f i binding.obj
 0001:00004970       ??1?$basic_ios@DU?$char_traits@D@std@@@std@@UEAA@XZ 0000000180005970 f i binding.obj
 0001:00004980       ??_E?$basic_stringstream@DU?$char_traits@D@std@@V?$allocator@D@2@@std@@UEAAPEAXI@Z 0000000180005980 f i * CIL library *:* CIL module *
 0001:00004980       ??_G?$basic_stringstream@DU?$char_traits@D@std@@V?$allocator@D@2@@std@@UEAAPEAXI@Z 0000000180005980 f i binding.obj
 0001:000049c0       ??_G?$basic_stringbuf@DU?$char_traits@D@std@@V?$allocator@D@2@@std@@UEAAPEAXI@Z 00000001800059c0 f i binding.obj
 0001:000049c0       ??_E?$basic_stringbuf@DU?$char_traits@D@std@@V?$allocator@D@2@@std@@UEAAPEAXI@Z 00000001800059c0 f i * CIL library *:* CIL module *
 0001:00004a50       ??_E?$basic_iostream@DU?$char_traits@D@std@@@std@@UEAAPEAXI@Z 0000000180005a50 f i * CIL library *:* CIL module *
 0001:00004a50       ??_G?$basic_iostream@DU?$char_traits@D@std@@@std@@UEAAPEAXI@Z 0000000180005a50 f i binding.obj
 0001:00004b00       ??_G?$basic_ostream@DU?$char_traits@D@std@@@std@@UEAAPEAXI@Z 0000000180005b00 f i binding.obj
 0001:00004b00       ??_E?$basic_ostream@DU?$char_traits@D@std@@@std@@UEAAPEAXI@Z 0000000180005b00 f i * CIL library *:* CIL module *
 0001:00004b70       ??_G?$basic_istream@DU?$char_traits@D@std@@@std@@UEAAPEAXI@Z 0000000180005b70 f i binding.obj
 0001:00004b70       ??_E?$basic_istream@DU?$char_traits@D@std@@@std@@UEAAPEAXI@Z 0000000180005b70 f i * CIL library *:* CIL module *
 0001:00004be0       ??_E?$basic_streambuf@DU?$char_traits@D@std@@@std@@UEAAPEAXI@Z 0000000180005be0 f i * CIL library *:* CIL module *
 0001:00004be0       ??_G?$basic_streambuf@DU?$char_traits@D@std@@@std@@UEAAPEAXI@Z 0000000180005be0 f i binding.obj
 0001:00004c60       ??_G?$basic_ios@DU?$char_traits@D@std@@@std@@UEAAPEAXI@Z 0000000180005c60 f i binding.obj
 0001:00004c60       ??_E?$basic_ios@DU?$char_traits@D@std@@@std@@UEAAPEAXI@Z 0000000180005c60 f i * CIL library *:* CIL module *
 0001:00004ca0       ?assign@?$basic_string@DU?$char_traits@D@std@@V?$allocator@D@2@@std@@QEAAAEAV12@QEBD_K@Z 0000000180005ca0 f i binding.obj
 0001:00004df0       ?append@?$basic_string@DU?$char_traits@D@std@@V?$allocator@D@2@@std@@QEAAAEAV12@QEBD_K@Z 0000000180005df0 f i binding.obj
 0001:00004e70       ?_Tidy@?$basic_stringbuf@DU?$char_traits@D@std@@V?$allocator@D@2@@std@@IEAAXXZ 0000000180005e70 f i binding.obj
 0001:00004f20       ?str@?$basic_stringbuf@DU?$char_traits@D@std@@V?$allocator@D@2@@std@@QEAAXAEBV?$basic_string@DU?$char_traits@D@std@@V?$allocator@D@2@@2@@Z 0000000180005f20 f i binding.obj
 0001:00005090       ?_Pnavail@?$basic_streambuf@DU?$char_traits@D@std@@@std@@IEBA_JXZ 0000000180006090 f i binding.obj
 0001:000050b0       ?_Gnavail@?$basic_streambuf@DU?$char_traits@D@std@@@std@@IEBA_JXZ 00000001800060b0 f i binding.obj
 0001:000050d0       ??0?$basic_istream@DU?$char_traits@D@std@@@std@@QEAA@PEAV?$basic_streambuf@DU?$char_traits@D@std@@@1@_N@Z 00000001800060d0 f i binding.obj
 0001:00005260       ??0?$basic_streambuf@DU?$char_traits@D@std@@@std@@IEAA@XZ 0000000180006260 f i binding.obj
 0001:00005300       ?init@?$basic_ios@DU?$char_traits@D@std@@@std@@IEAAXPEAV?$basic_streambuf@DU?$char_traits@D@std@@@2@_N@Z 0000000180006300 f i binding.obj
 0001:00005450       ?setstate@?$basic_ios@DU?$char_traits@D@std@@@std@@QEAAXH_N@Z 0000000180006450 f i binding.obj
 0001:000054d0       ??$use_facet@V?$ctype@D@std@@@std@@YAAEBV?$ctype@D@0@AEBVlocale@0@@Z 00000001800064d0 f i binding.obj
 0001:00005710       ??$WrapCallback@V<lambda_8c7377a71108815b2eee34f099f4cb99>@@@details@Napi@@YAPEAUnapi_value__@@V<lambda_8c7377a71108815b2eee34f099f4cb99>@@@Z 0000000180006710 f i binding.obj
 0001:00005760       ??$?6U?$char_traits@D@std@@@std@@YAAEAV?$basic_ostream@DU?$char_traits@D@std@@@0@AEAV10@D@Z 0000000180006760 f i binding.obj
 0001:000059e0       ??$?6U?$char_traits@D@std@@@std@@YAAEAV?$basic_ostream@DU?$char_traits@D@std@@@0@AEAV10@PEBD@Z 00000001800069e0 f i binding.obj
 0001:00005c30       ??$_Reallocate_grow_by@V<lambda_e1befb086ad3257e3f042a63030725f7>@@_KD@?$basic_string@DU?$char_traits@D@std@@V?$allocator@D@2@@std@@QEAAAEAV01@_KV<lambda_e1befb086ad3257e3f042a63030725f7>@@_KD@Z 0000000180006c30 f i binding.obj
 0001:00005db0       ??$_Reallocate_grow_by@V<lambda_65e615be2a453ca0576c979606f46740>@@PEBD_K@?$basic_string@DU?$char_traits@D@std@@V?$allocator@D@2@@std@@QEAAAEAV01@_KV<lambda_65e615be2a453ca0576c979606f46740>@@PEBD_K@Z 0000000180006db0 f i binding.obj
 0001:00005f30       ?Wrapper@?$CallbackData@P6A?AVArray@Napi@@AEBVCallbackInfo@2@@ZV12@@details@Napi@@SAPEAUnapi_value__@@PEAUnapi_env__@@PEAUnapi_callback_info__@@@Z 0000000180006f30 f i binding.obj
 0001:00005f70       ??1?$unique_ptr@V_Facet_base@std@@U?$default_delete@V_Facet_base@std@@@2@@std@@QEAA@XZ 0000000180006f70 f i binding.obj
 0001:00005f90       ??0sentry@?$basic_ostream@DU?$char_traits@D@std@@@std@@QEAA@AEAV12@@Z 0000000180006f90 f i binding.obj
 0001:000060c0       ?_Xlen@?$basic_string@DU?$char_traits@D@std@@V?$allocator@D@2@@std@@SAXXZ 00000001800070c0 f i binding.obj
 0001:000060e0       ??$_Immortalize_impl@V_Iostream_error_category@std@@@std@@YAHPEAX0PEAPEAX@Z 00000001800070e0 f i binding.obj
 0001:00006100       ??$WrapCallback@V<lambda_e6caea6a30259f96669eebf304adf243>@@@details@Napi@@YAPEAUnapi_value__@@V<lambda_e6caea6a30259f96669eebf304adf243>@@@Z 0000000180007100 f i binding.obj
 0001:000062d0       ??$From@VString@Napi@@@String@Napi@@SA?AV01@PEAUnapi_env__@@AEBV01@@Z 00000001800072d0 f i binding.obj
 0001:00006500       ??_E?$basic_ostream@DU?$char_traits@D@std@@@std@@$4PPPPPPPM@A@EAAPEAXI@Z 0000000180007500 f i binding.obj
 0001:0000650c       ??_E?$basic_stringstream@DU?$char_traits@D@std@@V?$allocator@D@2@@std@@$4PPPPPPPM@A@EAAPEAXI@Z 000000018000750c f i binding.obj
 0001:00006518       ??_E?$basic_istream@DU?$char_traits@D@std@@@std@@$4PPPPPPPM@A@EAAPEAXI@Z 0000000180007518 f i binding.obj
 0001:00006524       ??_E?$basic_iostream@DU?$char_traits@D@std@@@std@@$4PPPPPPPM@A@EAAPEAXI@Z 0000000180007524 f i binding.obj
 0001:0000657c       __imp_load_napi_create_array_with_length 000000018000757c f   node:node.exe
 0001:00006588       __tailMerge_node_exe       0000000180007588     node:node.exe
 0001:00006601       __imp_load_napi_create_function 0000000180007601 f   node:node.exe
 0001:0000660d       __imp_load_napi_open_handle_scope 000000018000760d f   node:node.exe
 0001:00006619       __imp_load_napi_get_last_error_info 0000000180007619 f   node:node.exe
 0001:00006625       __imp_load_napi_create_error 0000000180007625 f   node:node.exe
 0001:00006631       __imp_load_napi_coerce_to_object 0000000180007631 f   node:node.exe
 0001:0000663d       __imp_load_napi_delete_reference 000000018000763d f   node:node.exe
 0001:00006649       __imp_load_napi_fatal_error 0000000180007649 f   node:node.exe
 0001:00006655       __imp_load_napi_is_exception_pending 0000000180007655 f   node:node.exe
 0001:00006661       __imp_load_napi_set_element 0000000180007661 f   node:node.exe
 0001:0000666d       __imp_load_napi_create_symbol 000000018000766d f   node:node.exe
 0001:00006679       __imp_load_napi_get_value_string_utf8 0000000180007679 f   node:node.exe
 0001:00006685       __imp_load_napi_close_escapable_handle_scope 0000000180007685 f   node:node.exe
 0001:00006691       __imp_load_napi_escape_handle 0000000180007691 f   node:node.exe
 0001:0000669d       __imp_load_napi_create_type_error 000000018000769d f   node:node.exe
 0001:000066a9       __imp_load_napi_create_external 00000001800076a9 f   node:node.exe
 0001:000066b5       __imp_load_napi_create_string_utf8 00000001800076b5 f   node:node.exe
 0001:000066c1       __imp_load_napi_module_register 00000001800076c1 f   node:node.exe
 0001:000066cd       __imp_load_napi_set_named_property 00000001800076cd f   node:node.exe
 0001:000066d9       __imp_load_napi_get_named_property 00000001800076d9 f   node:node.exe
 0001:000066e5       __imp_load_napi_define_properties 00000001800076e5 f   node:node.exe
 0001:000066f1       __imp_load_napi_throw      00000001800076f1 f   node:node.exe
 0001:000066fd       __imp_load_napi_get_value_int32 00000001800076fd f   node:node.exe
 0001:00006709       __imp_load_napi_get_and_clear_last_exception 0000000180007709 f   node:node.exe
 0001:00006715       __imp_load_napi_create_object 0000000180007715 f   node:node.exe
 0001:00006721       __imp_load_napi_get_undefined 0000000180007721 f   node:node.exe
 0001:0000672d       __imp_load_napi_get_cb_info 000000018000772d f   node:node.exe
 0001:00006739       __imp_load_napi_open_escapable_handle_scope 0000000180007739 f   node:node.exe
 0001:00006745       __imp_load_napi_create_reference 0000000180007745 f   node:node.exe
 0001:00006751       __imp_load_napi_close_handle_scope 0000000180007751 f   node:node.exe
 0001:0000675d       __imp_load_napi_create_double 000000018000775d f   node:node.exe
 0001:00006769       __imp_load_napi_get_reference_value 0000000180007769 f   node:node.exe
 0001:00006778       ??0_Init_locks@std@@QEAA@XZ 0000000180007778 f   libcpmt:xlock.obj
 0001:000067c4       ??0_Lockit@std@@QEAA@H@Z   00000001800077c4 f   libcpmt:xlock.obj
 0001:00006800       ??1_Init_locks@std@@QEAA@XZ 0000000180007800 f   libcpmt:xlock.obj
 0001:00006844       ??1_Lockit@std@@QEAA@XZ    0000000180007844 f   libcpmt:xlock.obj
 0001:00006878       ??0exception@std@@QEAA@AEBV01@@Z 0000000180007878 f i libcpmt:xonce.obj
 0001:000068b0       ??_Elogic_error@std@@UEAAPEAXI@Z 00000001800078b0 f i libcpmt:xthrow.obj
 0001:000068b0       ??_Ebad_alloc@std@@UEAAPEAXI@Z 00000001800078b0 f i libcpmt:xthrow.obj
 0001:000068b0       ??_Gbad_alloc@std@@UEAAPEAXI@Z 00000001800078b0 f i libcpmt:xthrow.obj
 0001:000068b0       ??_Ebad_cast@std@@UEAAPEAXI@Z 00000001800078b0 f i libcpmt:cout.obj
 0001:000068b0       ??_Gbad_exception@std@@UEAAPEAXI@Z 00000001800078b0 f i libvcruntime:frame.obj
 0001:000068b0       ??_Glength_error@std@@UEAAPEAXI@Z 00000001800078b0 f i libcpmt:xthrow.obj
 0001:000068b0       ??_Ebad_array_new_length@std@@UEAAPEAXI@Z 00000001800078b0 f i LIBCMT:throw_bad_alloc.obj
 0001:000068b0       ??_Eexception@std@@UEAAPEAXI@Z 00000001800078b0 f i libcpmt:xonce.obj
 0001:000068b0       ??_Elength_error@std@@UEAAPEAXI@Z 00000001800078b0 f i libcpmt:xthrow.obj
 0001:000068b0       ??_Ebad_exception@std@@UEAAPEAXI@Z 00000001800078b0 f i libvcruntime:frame.obj
 0001:000068b0       ??_Glogic_error@std@@UEAAPEAXI@Z 00000001800078b0 f i libcpmt:xthrow.obj
 0001:000068b0       ??_Gbad_array_new_length@std@@UEAAPEAXI@Z 00000001800078b0 f i LIBCMT:throw_bad_alloc.obj
 0001:000068b0       ??_Gbad_cast@std@@UEAAPEAXI@Z 00000001800078b0 f i libcpmt:cout.obj
 0001:000068b0       ??_Gexception@std@@UEAAPEAXI@Z 00000001800078b0 f i libcpmt:xonce.obj
 0001:000068f4       ?_Execute_once@std@@YAHAEAUonce_flag@1@P6AHPEAX1PEAPEAX@Z1@Z 00000001800078f4 f   libcpmt:xonce.obj
 0001:000068fc       ?what@exception@std@@UEBAPEBDXZ 00000001800078fc f i libcpmt:xonce.obj
 0001:00006a6c       ??$use_facet@V?$codecvt@DDU_Mbstatet@@@std@@@std@@YAAEBV?$codecvt@DDU_Mbstatet@@@0@AEBVlocale@0@@Z 0000000180007a6c f i libcpmt:cout.obj
 0001:00006ba0       ??0?$basic_ostream@DU?$char_traits@D@std@@@std@@QEAA@PEAV?$basic_streambuf@DU?$char_traits@D@std@@@1@_N@Z 0000000180007ba0 f i libcpmt:cout.obj
 0001:00006c1c       ??0_Init_cout@std@@QEAA@XZ 0000000180007c1c f i libcpmt:cout.obj
 0001:00006c88       ??0bad_cast@std@@QEAA@AEBV01@@Z 0000000180007c88 f i libcpmt:cout.obj
 0001:00006cc8       ??0bad_cast@std@@QEAA@XZ   0000000180007cc8 f i libcpmt:cout.obj
 0001:00006ce8       ??1?$basic_filebuf@DU?$char_traits@D@std@@@std@@UEAA@XZ 0000000180007ce8 f i libcpmt:cout.obj
 0001:00006d80       ??1bad_alloc@std@@UEAA@XZ  0000000180007d80 f i libcpmt:xthrow.obj
 0001:00006d80       ??1length_error@std@@UEAA@XZ 0000000180007d80 f i libcpmt:xthrow.obj
 0001:00006d80       ??1bad_array_new_length@std@@UEAA@XZ 0000000180007d80 f i LIBCMT:throw_bad_alloc.obj
 0001:00006d80       ??1bad_cast@std@@UEAA@XZ   0000000180007d80 f i libcpmt:cout.obj
 0001:00006d80       ??1bad_exception@std@@UEAA@XZ 0000000180007d80 f i libvcruntime:frame.obj
 0001:00006d94       ??_E?$basic_filebuf@DU?$char_traits@D@std@@@std@@UEAAPEAXI@Z 0000000180007d94 f i libcpmt:cout.obj
 0001:00006d94       ??_G?$basic_filebuf@DU?$char_traits@D@std@@@std@@UEAAPEAXI@Z 0000000180007d94 f i libcpmt:cout.obj
 0001:00006dc8       ??_E?$codecvt@DDU_Mbstatet@@@std@@MEAAPEAXI@Z 0000000180007dc8 f i libcpmt:cout.obj
 0001:00006dc8       ??_G?$codecvt@DDU_Mbstatet@@@std@@MEAAPEAXI@Z 0000000180007dc8 f i libcpmt:cout.obj
 0001:00006df4       ?_Endwrite@?$basic_filebuf@DU?$char_traits@D@std@@@std@@IEAA_NXZ 0000000180007df4 f i libcpmt:cout.obj
 0001:00006ecc       ?_Getcat@?$codecvt@DDU_Mbstatet@@@std@@SA_KPEAPEBVfacet@locale@2@PEBV42@@Z 0000000180007ecc f i libcpmt:cout.obj
 0001:00006f90       ?_Init@?$basic_filebuf@DU?$char_traits@D@std@@@std@@IEAAXPEAU_iobuf@@W4_Initfl@12@@Z 0000000180007f90 f i libcpmt:cout.obj
 0001:0000707c       ?_Initcvt@?$basic_filebuf@DU?$char_traits@D@std@@@std@@IEAAXAEBV?$codecvt@DDU_Mbstatet@@@2@@Z 000000018000807c f i libcpmt:cout.obj
 0001:0000710c       ?_Lock@?$basic_filebuf@DU?$char_traits@D@std@@@std@@UEAAXXZ 000000018000810c f i libcpmt:cout.obj
 0001:00007128       ?_Unlock@?$basic_filebuf@DU?$char_traits@D@std@@@std@@UEAAXXZ 0000000180008128 f i libcpmt:cout.obj
 0001:00007144       ?do_always_noconv@?$codecvt@DDU_Mbstatet@@@std@@MEBA_NXZ 0000000180008144 f i libcpmt:cout.obj
 0001:00007144       __acrt_uninitialize_command_line 0000000180008144 f i libucrt:argv_data.obj
 0001:00007148       ?do_max_length@codecvt_base@std@@MEBAHXZ 0000000180008148 f i libcpmt:cout.obj
 0001:00007148       DllMain                    0000000180008148 f i LIBCMT:dll_dllmain_stub.obj
 0001:00007148       _get_startup_argv_mode     0000000180008148 f i LIBCMT:argv_mode.obj
 0001:00007148       ?do_encoding@codecvt_base@std@@MEBAHXZ 0000000180008148 f i libcpmt:cout.obj
 0001:00007150       ?do_out@?$codecvt@DDU_Mbstatet@@@std@@MEBAHAEAU_Mbstatet@@PEBD1AEAPEBDPEAD3AEAPEAD@Z 0000000180008150 f i libcpmt:cout.obj
 0001:00007150       ?do_in@?$codecvt@DDU_Mbstatet@@@std@@MEBAHAEAU_Mbstatet@@PEBD1AEAPEBDPEAD3AEAPEAD@Z 0000000180008150 f i libcpmt:cout.obj
 0001:0000716c       ?do_length@?$codecvt@DDU_Mbstatet@@@std@@MEBAHAEAU_Mbstatet@@PEBD1_K@Z 000000018000816c f i libcpmt:cout.obj
 0001:0000717c       ?do_unshift@?$codecvt@DDU_Mbstatet@@@std@@MEBAHAEAU_Mbstatet@@PEAD1AEAPEAD@Z 000000018000817c f i libcpmt:cout.obj
 0001:00007188       ?imbue@?$basic_filebuf@DU?$char_traits@D@std@@@std@@MEAAXAEBVlocale@2@@Z 0000000180008188 f i libcpmt:cout.obj
 0001:000071ac       ?overflow@?$basic_filebuf@DU?$char_traits@D@std@@@std@@MEAAHH@Z 00000001800081ac f i libcpmt:cout.obj
 0001:00007334       ?pbackfail@?$basic_filebuf@DU?$char_traits@D@std@@@std@@MEAAHH@Z 0000000180008334 f i libcpmt:cout.obj
 0001:00007400       ?seekoff@?$basic_filebuf@DU?$char_traits@D@std@@@std@@MEAA?AV?$fpos@U_Mbstatet@@@2@_JHH@Z 0000000180008400 f i libcpmt:cout.obj
 0001:000074e4       ?seekpos@?$basic_filebuf@DU?$char_traits@D@std@@@std@@MEAA?AV?$fpos@U_Mbstatet@@@2@V32@H@Z 00000001800084e4 f i libcpmt:cout.obj
 0001:000075a0       ?setbuf@?$basic_filebuf@DU?$char_traits@D@std@@@std@@MEAAPEAV?$basic_streambuf@DU?$char_traits@D@std@@@2@PEAD_J@Z 00000001800085a0 f i libcpmt:cout.obj
 0001:000075f4       ?sync@?$basic_filebuf@DU?$char_traits@D@std@@@std@@MEAAHXZ 00000001800085f4 f i libcpmt:cout.obj
 0001:00007640       ?uflow@?$basic_filebuf@DU?$char_traits@D@std@@@std@@MEAAHXZ 0000000180008640 f i libcpmt:cout.obj
 0001:000078f8       ?underflow@?$basic_filebuf@DU?$char_traits@D@std@@@std@@MEAAHXZ 00000001800088f8 f i libcpmt:cout.obj
 0001:0000795c       ?xsgetn@?$basic_filebuf@DU?$char_traits@D@std@@@std@@MEAA_JPEAD_J@Z 000000018000895c f i libcpmt:cout.obj
 0001:00007a5c       ?xsputn@?$basic_filebuf@DU?$char_traits@D@std@@@std@@MEAA_JPEBD_J@Z 0000000180008a5c f i libcpmt:cout.obj
 0001:00007b20       ??1_Fac_tidy_reg_t@std@@QEAA@XZ 0000000180008b20 f i libcpmt:locale0.obj
 0001:00007b88       ??4?$_Yarn@D@std@@QEAAAEAV01@PEBD@Z 0000000180008b88 f i libcpmt:locale0.obj
 0001:00007c00       ??_G_Locimp@locale@std@@MEAAPEAXI@Z 0000000180008c00 f i libcpmt:locale0.obj
 0001:00007c00       ??_E_Locimp@locale@std@@MEAAPEAXI@Z 0000000180008c00 f i libcpmt:locale0.obj
 0001:00007c6c       ?_Facet_Register@std@@YAXPEAV_Facet_base@1@@Z 0000000180008c6c f   libcpmt:locale0.obj
 0001:00007ca4       ?_Getgloballocale@locale@std@@CAPEAV_Locimp@12@XZ 0000000180008ca4 f   libcpmt:locale0.obj
 0001:00007cac       ?_Init@locale@std@@CAPEAV_Locimp@12@_N@Z 0000000180008cac f   libcpmt:locale0.obj
 0001:00007d58       ?_Locimp_dtor@_Locimp@locale@std@@CAXPEAV123@@Z 0000000180008d58 f   libcpmt:locale0.obj
 0001:00007de0       ?_Locinfo_ctor@_Locinfo@std@@SAXPEAV12@PEBD@Z 0000000180008de0 f   libcpmt:locale0.obj
 0001:00007e4c       ?_Locinfo_dtor@_Locinfo@std@@SAXPEAV12@@Z 0000000180008e4c f   libcpmt:locale0.obj
 0001:00007e68       ?_New_Locimp@_Locimp@locale@std@@CAPEAV123@_N@Z 0000000180008e68 f   libcpmt:locale0.obj
 0001:00007ed8       ?_Setgloballocale@locale@std@@CAXPEAX@Z 0000000180008ed8 f   libcpmt:locale0.obj
 0001:00007f0c       _Deletegloballocale        0000000180008f0c f   libcpmt:locale0.obj
 0001:00007f7c       ??0bad_alloc@std@@QEAA@AEBV01@@Z 0000000180008f7c f i libcpmt:xthrow.obj
 0001:00007fbc       ??0bad_alloc@std@@QEAA@XZ  0000000180008fbc f i libcpmt:xthrow.obj
 0001:00007fdc       ??0length_error@std@@QEAA@AEBV01@@Z 0000000180008fdc f i libcpmt:xthrow.obj
 0001:0000801c       ??0length_error@std@@QEAA@PEBD@Z 000000018000901c f i libcpmt:xthrow.obj
 0001:00008068       ??0logic_error@std@@QEAA@AEBV01@@Z 0000000180009068 f i libcpmt:xthrow.obj
 0001:000080a8       ?__scrt_throw_std_bad_alloc@@YAXXZ 00000001800090a8 f   LIBCMT:throw_bad_alloc.obj
 0001:000080a8       ?_Xbad_alloc@std@@YAXXZ    00000001800090a8 f   libcpmt:xthrow.obj
 0001:000080c8       ?_Xlength_error@std@@YAXPEBD@Z 00000001800090c8 f   libcpmt:xthrow.obj
 0001:000080ec       ?_Addstd@ios_base@std@@SAXPEAV12@@Z 00000001800090ec f   libcpmt:ios.obj
 0001:00008164       ?_Ios_base_dtor@ios_base@std@@CAXPEAV12@@Z 0000000180009164 f   libcpmt:ios.obj
 0001:000081e4       ?_Tidy@ios_base@std@@AEAAXXZ 00000001800091e4 f i libcpmt:ios.obj
 0001:00008264       ?_Syserror_map@std@@YAPEBDH@Z 0000000180009264 f   libcpmt:syserror.obj
 0001:0000828c       _Getctype                  000000018000928c f   libcpmt:_tolower.obj
 0001:00008354       _Tolower                   0000000180009354 f   libcpmt:_tolower.obj
 0001:00008484       _Toupper                   0000000180009484 f   libcpmt:_toupper.obj
 0001:000085c4       _Mtxdst                    00000001800095c4 f   libcpmt:xmtx.obj
 0001:000085cc       _Mtxinit                   00000001800095cc f   libcpmt:xmtx.obj
 0001:000085dc       _Mtxlock                   00000001800095dc f   libcpmt:xmtx.obj
 0001:000085e4       _Mtxunlock                 00000001800095e4 f   libcpmt:xmtx.obj
 0001:00008abc       __crtInitOnceExecuteOnce   0000000180009abc f   libcpmt:winapisupp.obj
 0001:00008b88       __crtInitializeCriticalSectionEx 0000000180009b88 f   libcpmt:winapisupp.obj
 0001:00008bb8       ?_Atexit@@YAXP6AXXZ@Z      0000000180009bb8 f   libcpmt:iosptrs.obj
 0001:00008bf8       __crtLCMapStringA          0000000180009bf8 f   libcpmt:StlLCMapStringA.obj
 0001:00008eac       GetTableIndexFromLocaleName 0000000180009eac f   libcpmt:winapinls.obj
 0001:00008f3c       __crtDownlevelLocaleNameToLCID 0000000180009f3c f   libcpmt:winapinls.obj
 0001:00008f70       __crtLCMapStringEx         0000000180009f70 f   libcpmt:winapinls.obj
 0001:0000900c       __wcsnicmp_ascii           000000018000a00c f   libcpmt:winapinls.obj
 0001:00009090       __security_check_cookie    000000018000a090 f   LIBCMT:amdsecgs.obj
 0001:000090b4       ??_V@YAXPEAX@Z             000000018000a0b4 f   LIBCMT:delete_array.obj
 0001:000090b4       ??3@YAXPEAX_K@Z            000000018000a0b4 f   LIBCMT:delete_scalar_size.obj
 0001:000090bc       ??2@YAPEAX_K@Z             000000018000a0bc f   LIBCMT:new_scalar.obj
 0001:000090f8       __scrt_acquire_startup_lock 000000018000a0f8 f   LIBCMT:utility.obj
 0001:00009134       __scrt_dllmain_after_initialize_c 000000018000a134 f   LIBCMT:utility.obj
 0001:00009168       __scrt_dllmain_before_initialize_c 000000018000a168 f   LIBCMT:utility.obj
 0001:00009180       __scrt_dllmain_crt_thread_attach 000000018000a180 f   LIBCMT:utility.obj
 0001:000091a8       __scrt_dllmain_crt_thread_detach 000000018000a1a8 f   LIBCMT:utility.obj
 0001:000091c0       __scrt_dllmain_exception_filter 000000018000a1c0 f   LIBCMT:utility.obj
 0001:00009220       __scrt_dllmain_uninitialize_c 000000018000a220 f   LIBCMT:utility.obj
 0001:00009250       __scrt_dllmain_uninitialize_critical 000000018000a250 f   LIBCMT:utility.obj
 0001:00009264       __scrt_initialize_crt      000000018000a264 f   LIBCMT:utility.obj
 0001:000092b0       __scrt_initialize_onexit_tables 000000018000a2b0 f   LIBCMT:utility.obj
 0001:00009388       __scrt_is_nonwritable_in_current_image 000000018000a388 f   LIBCMT:utility.obj
 0001:00009424       __scrt_release_startup_lock 000000018000a424 f   LIBCMT:utility.obj
 0001:00009448       __scrt_uninitialize_crt    000000018000a448 f   LIBCMT:utility.obj
 0001:00009474       _onexit                    000000018000a474 f   LIBCMT:utility.obj
 0001:000094c4       atexit                     000000018000a4c4 f   LIBCMT:utility.obj
 0001:000094dc       ??_U@YAPEAX_K@Z            000000018000a4dc f   LIBCMT:new_array.obj
 0001:000094e4       ??_Gtype_info@@UEAAPEAXI@Z 000000018000a4e4 f i LIBCMT:std_type_info_static.obj
 0001:000094e4       ??_Etype_info@@UEAAPEAXI@Z 000000018000a4e4 f i LIBCMT:std_type_info_static.obj
 0001:00009840       _DllMainCRTStartup         000000018000a840 f   LIBCMT:dll_dllmain.obj
 0001:00009880       __GSHandlerCheck           000000018000a880 f   LIBCMT:gshandler.obj
 0001:000098a0       __GSHandlerCheckCommon     000000018000a8a0 f   LIBCMT:gshandler.obj
 0001:000098fc       __GSHandlerCheck_EH        000000018000a8fc f   LIBCMT:gshandlereh.obj
 0001:00009990       __chkstk                   000000018000a990 f   LIBCMT:chkstk.obj
 0001:00009990       _alloca_probe              000000018000a990 f   LIBCMT:chkstk.obj
 0001:000099e4       __raise_securityfailure    000000018000a9e4 f   LIBCMT:gs_report.obj
 0001:00009a18       __report_gsfailure         000000018000aa18 f   LIBCMT:gs_report.obj
 0001:00009aec       __report_rangecheckfailure 000000018000aaec f   LIBCMT:gs_report.obj
 0001:00009b00       __report_securityfailure   000000018000ab00 f   LIBCMT:gs_report.obj
 0001:00009c80       ??3@YAXPEAX@Z              000000018000ac80 f   LIBCMT:delete_scalar.obj
 0001:00009c88       ??0bad_array_new_length@std@@QEAA@AEBV01@@Z 000000018000ac88 f i LIBCMT:throw_bad_alloc.obj
 0001:00009cc8       ??0bad_array_new_length@std@@QEAA@XZ 000000018000acc8 f i LIBCMT:throw_bad_alloc.obj
 0001:00009ce8       ?__scrt_throw_std_bad_array_new_length@@YAXXZ 000000018000ace8 f   LIBCMT:throw_bad_alloc.obj
 0001:00009d08       __isa_available_init       000000018000ad08 f   LIBCMT:cpu_disp.obj
 0001:00009ec4       __scrt_is_ucrt_dll_in_use  000000018000aec4 f   LIBCMT:ucrt_detection.obj
 0001:00009ed0       __crt_debugger_hook        000000018000aed0 f   LIBCMT:utility_desktop.obj
 0001:00009ed8       __scrt_fastfail            000000018000aed8 f   LIBCMT:utility_desktop.obj
 0001:0000a024       __security_init_cookie     000000018000b024 f   LIBCMT:gs_support.obj
 0001:0000a0d0       ?__scrt_initialize_type_info@@YAXXZ 000000018000b0d0 f   LIBCMT:tncleanup.obj
 0001:0000a0e0       ?__scrt_uninitialize_type_info@@YAXXZ 000000018000b0e0 f   LIBCMT:tncleanup.obj
 0001:0000a0ec       __local_stdio_scanf_options 000000018000b0ec f i LIBCMT:default_local_stdio_options.obj
 0001:0000a0f4       __scrt_initialize_default_local_stdio_options 000000018000b0f4 f   LIBCMT:default_local_stdio_options.obj
 0001:0000a110       __scrt_get_dyn_tls_init_callback 000000018000b110 f   LIBCMT:dyn_tls_init.obj
 0001:0000a118       _RTC_Initialize            000000018000b118 f   LIBCMT:initsect.obj
 0001:0000a154       _RTC_Terminate             000000018000b154 f   LIBCMT:initsect.obj
 0001:0000a190       _purecall                  000000018000b190 f   libvcruntime:purevirt.obj
 0001:0000a1c0       __std_exception_copy       000000018000b1c0 f   libvcruntime:std_exception.obj
 0001:0000a250       __std_exception_destroy    000000018000b250 f   libvcruntime:std_exception.obj
 0001:0000a278       _CxxThrowException         000000018000b278 f   libvcruntime:throw.obj
 0001:0000a338       ??$_CallSETranslator@V__FrameHandler3@@@@YAHPEAUEHExceptionRecord@@PEA_KPEAU_CONTEXT@@PEAU_xDISPATCHER_CONTEXT@@PEBU_s_FuncInfo@@K1@Z 000000018000b338 f i libvcruntime:risctrnsctrl.obj
 0001:0000a38c       ?CatchTryBlock@__FrameHandler3@@SAPEBU_s_TryBlockMapEntry@@PEBU_s_FuncInfo@@H@Z 000000018000b38c f   libvcruntime:risctrnsctrl.obj
 0001:0000a3e4       ?ExecutionInCatch@__FrameHandler3@@SA_NPEAU_xDISPATCHER_CONTEXT@@PEBU_s_FuncInfo@@@Z 000000018000b3e4 f   libvcruntime:risctrnsctrl.obj
 0001:0000a410       ?FrameUnwindToEmptyState@__FrameHandler3@@SAXPEA_KPEAU_xDISPATCHER_CONTEXT@@PEBU_s_FuncInfo@@@Z 000000018000b410 f   libvcruntime:risctrnsctrl.obj
 0001:0000a474       ?GetEstablisherFrame@__FrameHandler3@@SAPEA_KPEA_KPEAU_xDISPATCHER_CONTEXT@@PEBU_s_FuncInfo@@0@Z 000000018000b474 f   libvcruntime:risctrnsctrl.obj
 0001:0000a540       ?GetRangeOfTrysToCheck@__FrameHandler3@@SA?AU?$pair@Viterator@TryBlockMap@__FrameHandler3@@V123@@std@@AEAVTryBlockMap@1@HH@Z 000000018000b540 f   libvcruntime:risctrnsctrl.obj
 0001:0000a69c       ?UnwindNestedFrames@__FrameHandler3@@SAXPEA_KPEAUEHExceptionRecord@@PEAU_CONTEXT@@0PEAXPEBU_s_FuncInfo@@HHPEBU_s_HandlerType@@PEAU_xDISPATCHER_CONTEXT@@E@Z 000000018000b69c f   libvcruntime:risctrnsctrl.obj
 0001:0000a7c0       _CreateFrameInfo           000000018000b7c0 f   libvcruntime:risctrnsctrl.obj
 0001:0000a7fc       _FindAndUnlinkFrame        000000018000b7fc f   libvcruntime:risctrnsctrl.obj
 0001:0000a850       _GetImageBase              000000018000b850 f   libvcruntime:risctrnsctrl.obj
 0001:0000a864       _GetThrowImageBase         000000018000b864 f   libvcruntime:risctrnsctrl.obj
 0001:0000a878       _SetImageBase              000000018000b878 f   libvcruntime:risctrnsctrl.obj
 0001:0000a890       _SetThrowImageBase         000000018000b890 f   libvcruntime:risctrnsctrl.obj
 0001:0000a8a8       __CxxFrameHandler3         000000018000b8a8 f   libvcruntime:risctrnsctrl.obj
 0001:0000a940       memcpy_repmovs             000000018000b940 f   libvcruntime:memcpy.obj
 0001:0000a960       memcpy                     000000018000b960 f   libvcruntime:memcpy.obj
 0001:0000a960       memmove                    000000018000b960 f   libvcruntime:memcpy.obj
 0001:0000adb0       memset_repmovs             000000018000bdb0 f   libvcruntime:memset.obj
 0001:0000add0       memset                     000000018000bdd0 f   libvcruntime:memset.obj
 0001:0000af60       __DestructExceptionObject  000000018000bf60 f   libvcruntime:ehhelpers.obj
 0001:0000afd4       ?_CallMemberFunction0@@YAXQEAX0@Z 000000018000bfd4 f i libvcruntime:ehhelpers.obj
 0001:0000afd8       _IsExceptionObjectToBeDestroyed 000000018000bfd8 f   libvcruntime:ehhelpers.obj
 0001:0000b008       __AdjustPointer            000000018000c008 f   libvcruntime:ehhelpers.obj
 0001:0000b02c       __FrameUnwindFilter        000000018000c02c f   libvcruntime:ehhelpers.obj
 0001:0000b078       __std_terminate            000000018000c078 f   libvcruntime:ehhelpers.obj
 0001:0000b0a0       memchr                     000000018000c0a0 f   libvcruntime:memchr.obj
 0001:0000b120       memcmp                     000000018000c120 f   libvcruntime:memcmp.obj
 0001:0000b1e8       __vcrt_initialize          000000018000c1e8 f   libvcruntime:initialization.obj
 0001:0000b21c       __vcrt_thread_attach       000000018000c21c f   libvcruntime:initialization.obj
 0001:0000b230       __vcrt_thread_detach       000000018000c230 f   libvcruntime:initialization.obj
 0001:0000b244       __vcrt_uninitialize        000000018000c244 f   libvcruntime:initialization.obj
 0001:0000b264       __vcrt_uninitialize_critical 000000018000c264 f   libvcruntime:initialization.obj
 0001:0000b274       __C_specific_handler       000000018000c274 f   libvcruntime:riscchandler.obj
 0001:0000b480       __std_type_info_compare    000000018000c480 f   libvcruntime:std_type_info.obj
 0001:0000b4a8       __std_type_info_destroy_list 000000018000c4a8 f   libvcruntime:std_type_info.obj
 0001:0000b4d4       __vcrt_initialize_pure_virtual_call_handler 000000018000c4d4 f   libvcruntime:purevirt_data.obj
 0001:0000b4e4       __vcrt_freefls             000000018000c4e4 f   libvcruntime:per_thread_data.obj
 0001:0000b504       __vcrt_freeptd             000000018000c504 f   libvcruntime:per_thread_data.obj
 0001:0000b554       __vcrt_getptd              000000018000c554 f   libvcruntime:per_thread_data.obj
 0001:0000b570       __vcrt_getptd_noexit       000000018000c570 f   libvcruntime:per_thread_data.obj
 0001:0000b63c       __vcrt_initialize_ptd      000000018000c63c f   libvcruntime:per_thread_data.obj
 0001:0000b690       __vcrt_uninitialize_ptd    000000018000c690 f   libvcruntime:per_thread_data.obj
 0001:0000b6b4       ?GetCurrentState@__FrameHandler3@@SAHPEA_KPEAU_xDISPATCHER_CONTEXT@@PEBU_s_FuncInfo@@@Z 000000018000c6b4 f   libvcruntime:ehstate.obj
 0001:0000b6dc       ?GetUnwindTryBlock@__FrameHandler3@@SAHPEA_KPEAU_xDISPATCHER_CONTEXT@@PEBU_s_FuncInfo@@@Z 000000018000c6dc f   libvcruntime:ehstate.obj
 0001:0000b708       ?SetState@__FrameHandler3@@SAXPEA_KPEBU_s_FuncInfo@@H@Z 000000018000c708 f   libvcruntime:ehstate.obj
 0001:0000b714       ?SetUnwindTryBlock@__FrameHandler3@@SAXPEA_KPEAU_xDISPATCHER_CONTEXT@@PEBU_s_FuncInfo@@H@Z 000000018000c714 f   libvcruntime:ehstate.obj
 0001:0000b750       ?StateFromControlPc@__FrameHandler3@@SAHPEBU_s_FuncInfo@@PEAU_xDISPATCHER_CONTEXT@@@Z 000000018000c750 f   libvcruntime:ehstate.obj
 0001:0000b758       ?StateFromIp@__FrameHandler3@@SAHPEBU_s_FuncInfo@@PEAU_xDISPATCHER_CONTEXT@@_K@Z 000000018000c758 f   libvcruntime:ehstate.obj
 0001:0000c1e4       ??$TypeMatchHelper@V__FrameHandler3@@@@YAHPEBU_s_HandlerType@@PEBU_s_CatchableType@@PEBU_s_ThrowInfo@@@Z 000000018000d1e4 f i libvcruntime:frame.obj
 0001:0000c328       ??$__InternalCxxFrameHandler@V__FrameHandler3@@@@YA?AW4_EXCEPTION_DISPOSITION@@PEAUEHExceptionRecord@@PEA_KPEAU_CONTEXT@@PEAU_xDISPATCHER_CONTEXT@@PEBU_s_FuncInfo@@H1E@Z 000000018000d328 f i libvcruntime:frame.obj
 0001:0000c570       ??0bad_exception@std@@QEAA@AEBV01@@Z 000000018000d570 f i libvcruntime:frame.obj
 0001:0000c5b0       ??0bad_exception@std@@QEAA@XZ 000000018000d5b0 f i libvcruntime:frame.obj
 0001:0000c5d0       ?CxxCallCatchBlock@__FrameHandler3@@SAPEAXPEAU_EXCEPTION_RECORD@@@Z 000000018000d5d0 f   libvcruntime:frame.obj
 0001:0000c844       ?FrameUnwindToState@__FrameHandler3@@SAXPEA_KPEAU_xDISPATCHER_CONTEXT@@PEBU_s_FuncInfo@@H@Z 000000018000d844 f   libvcruntime:frame.obj
 0001:0000c9d8       ?GetHandlerSearchState@__FrameHandler3@@SAHPEA_KPEAU_xDISPATCHER_CONTEXT@@PEBU_s_FuncInfo@@@Z 000000018000d9d8 f i libvcruntime:frame.obj
 0001:0000cbdc       ?_CallMemberFunction1@@YAXQEAX00@Z 000000018000dbdc f i libvcruntime:frame.obj
 0001:0000cbe8       ?_CallMemberFunction2@@YAXQEAX00H@Z 000000018000dbe8 f i libvcruntime:frame.obj
 0001:0000cbf8       __vcrt_initialize_locks    000000018000dbf8 f   libvcruntime:locks.obj
 0001:0000cc40       __vcrt_uninitialize_locks  000000018000dc40 f   libvcruntime:locks.obj
 0001:0000ce50       __vcrt_FlsAlloc            000000018000de50 f   libvcruntime:winapi_downlevel.obj
 0001:0000ce98       __vcrt_FlsFree             000000018000de98 f   libvcruntime:winapi_downlevel.obj
 0001:0000cee0       __vcrt_FlsGetValue         000000018000dee0 f   libvcruntime:winapi_downlevel.obj
 0001:0000cf28       __vcrt_FlsSetValue         000000018000df28 f   libvcruntime:winapi_downlevel.obj
 0001:0000cf7c       __vcrt_InitializeCriticalSectionEx 000000018000df7c f   libvcruntime:winapi_downlevel.obj
 0001:0000cfe0       __vcrt_initialize_winapi_thunks 000000018000dfe0 f   libvcruntime:winapi_downlevel.obj
 0001:0000d010       __vcrt_uninitialize_winapi_thunks 000000018000e010 f   libvcruntime:winapi_downlevel.obj
 0001:0000d060       _NLG_Notify                000000018000e060 f   libvcruntime:notify.obj
 0001:0000d080       __NLG_Dispatch2            000000018000e080 f   libvcruntime:notify.obj
 0001:0000d090       __NLG_Return2              000000018000e090 f   libvcruntime:notify.obj
 0001:0000d094       __except_validate_context_record 000000018000e094 f   libvcruntime:jbcxrval.obj
 0001:0000d0e0       _CallSettingFrame          000000018000e0e0 f   libvcruntime:handlers.obj
 0001:0000d130       _CallSettingFrameEncoded   000000018000e130 f   libvcruntime:handlers.obj
 0001:0000d3e4       __acrt_initialize_thread_local_exit_callback 000000018000e3e4 f   libucrt:exit.obj
 0001:0000d3ec       _cexit                     000000018000e3ec f   libucrt:exit.obj
 0001:0000d3fc       _exit                      000000018000e3fc f   libucrt:exit.obj
 0001:0000d408       _is_c_termination_complete 000000018000e408 f   libucrt:exit.obj
 0001:0000d410       exit                       000000018000e410 f   libucrt:exit.obj
 0001:0000d41c       abort                      000000018000e41c f   libucrt:abort.obj
 0001:0000d474       rand                       000000018000e474 f   libucrt:rand.obj
 0001:0000d4a0       srand                      000000018000e4a0 f   libucrt:rand.obj
 0001:0000d4b8       ??0_LocaleUpdate@@QEAA@QEAU__crt_locale_pointers@@@Z 000000018000e4b8 f i libucrt:tolower_toupper.obj
 0001:0000d554       ??1_LocaleUpdate@@QEAA@XZ  000000018000e554 f i libucrt:tolower_toupper.obj
 0001:0000d628       _tolower_l                 000000018000e628 f   libucrt:tolower_toupper.obj
 0001:0000d768       _toupper_l                 000000018000e768 f   libucrt:tolower_toupper.obj
 0001:0000d8a8       tolower                    000000018000e8a8 f   libucrt:tolower_toupper.obj
 0001:0000d8d4       toupper                    000000018000e8d4 f   libucrt:tolower_toupper.obj
 0001:0000d900       __acrt_initialize_stdio    000000018000e900 f   libucrt:_file.obj
 0001:0000da20       __acrt_iob_func            000000018000ea20 f   libucrt:_file.obj
 0001:0000da34       __acrt_uninitialize_stdio  000000018000ea34 f   libucrt:_file.obj
 0001:0000da90       _get_stream_buffer_pointers 000000018000ea90 f   libucrt:_file.obj
 0001:0000dad8       _lock_file                 000000018000ead8 f   libucrt:_file.obj
 0001:0000dae4       _unlock_file               000000018000eae4 f   libucrt:_file.obj
 0001:0000daf0       __acrt_call_reportfault    000000018000eaf0 f   libucrt:invalid_parameter.obj
 0001:0000dc4c       __acrt_initialize_invalid_parameter_handler 000000018000ec4c f   libucrt:invalid_parameter.obj
 0001:0000dc54       _invalid_parameter         000000018000ec54 f   libucrt:invalid_parameter.obj
 0001:0000dd04       _invalid_parameter_noinfo  000000018000ed04 f   libucrt:invalid_parameter.obj
 0001:0000dd24       _invalid_parameter_noinfo_noreturn 000000018000ed24 f   libucrt:invalid_parameter.obj
 0001:0000dd54       _invoke_watson             000000018000ed54 f   libucrt:invalid_parameter.obj
 0001:0000dddc       ??$ensure_buffer_is_big_enough@D@formatting_buffer@__crt_stdio_output@@QEAA_N_K@Z 000000018000eddc f i libucrt:output.obj
 0001:0000de84       ??$type_case_integer_parse_into_buffer@I@?$output_processor@DV?$stream_output_adapter@D@__crt_stdio_output@@V?$standard_base@DV?$stream_output_adapter@D@__crt_stdio_output@@@2@@__crt_stdio_output@@AEAAXII_N@Z 000000018000ee84 f i libucrt:output.obj
 0001:0000df14       ??$type_case_integer_parse_into_buffer@_K@?$output_processor@DV?$stream_output_adapter@D@__crt_stdio_output@@V?$standard_base@DV?$stream_output_adapter@D@__crt_stdio_output@@@2@@__crt_stdio_output@@AEAAX_KI_N@Z 000000018000ef14 f i libucrt:output.obj
 0001:0000dfa8       ??$write_multiple_characters@V?$stream_output_adapter@D@__crt_stdio_output@@D@__crt_stdio_output@@YAXAEBV?$stream_output_adapter@D@0@DHQEAH@Z 000000018000efa8 f i libucrt:output.obj
 0001:0000e164       ?crop_zeroes@__crt_stdio_output@@YAXPEADQEAU__crt_locale_pointers@@@Z 000000018000f164 f i libucrt:output.obj
 0001:0000e1d0       ?force_decimal_point@__crt_stdio_output@@YAXPEADQEAU__crt_locale_pointers@@@Z 000000018000f1d0 f i libucrt:output.obj
 0001:0000e240       ?parse_int_from_format_string@?$output_processor@DV?$stream_output_adapter@D@__crt_stdio_output@@V?$standard_base@DV?$stream_output_adapter@D@__crt_stdio_output@@@2@@__crt_stdio_output@@AEAA_NQEAH@Z 000000018000f240 f i libucrt:output.obj
 0001:0000e2e4       ?process@?$output_processor@DV?$stream_output_adapter@D@__crt_stdio_output@@V?$standard_base@DV?$stream_output_adapter@D@__crt_stdio_output@@@2@@__crt_stdio_output@@QEAAHXZ 000000018000f2e4 f i libucrt:output.obj
 0001:0000e4fc       ?state_case_normal@?$output_processor@DV?$stream_output_adapter@D@__crt_stdio_output@@V?$standard_base@DV?$stream_output_adapter@D@__crt_stdio_output@@@2@@__crt_stdio_output@@AEAA_NXZ 000000018000f4fc f i libucrt:output.obj
 0001:0000e56c       ?state_case_normal_tchar@?$output_processor@DV?$stream_output_adapter@D@__crt_stdio_output@@V?$standard_base@DV?$stream_output_adapter@D@__crt_stdio_output@@@2@@__crt_stdio_output@@AEAA_ND@Z 000000018000f56c f i libucrt:output.obj
 0001:0000e610       ?state_case_size@?$output_processor@DV?$stream_output_adapter@D@__crt_stdio_output@@V?$standard_base@DV?$stream_output_adapter@D@__crt_stdio_output@@@2@@__crt_stdio_output@@AEAA_NXZ 000000018000f610 f i libucrt:output.obj
 0001:0000e784       ?state_case_type@?$output_processor@DV?$stream_output_adapter@D@__crt_stdio_output@@V?$standard_base@DV?$stream_output_adapter@D@__crt_stdio_output@@@2@@__crt_stdio_output@@AEAA_NXZ 000000018000f784 f i libucrt:output.obj
 0001:0000ea08       ?type_case_Z@?$output_processor@DV?$stream_output_adapter@D@__crt_stdio_output@@V?$standard_base@DV?$stream_output_adapter@D@__crt_stdio_output@@@2@@__crt_stdio_output@@AEAA_NXZ 000000018000fa08 f i libucrt:output.obj
 0001:0000ea80       ?type_case_a@?$output_processor@DV?$stream_output_adapter@D@__crt_stdio_output@@V?$standard_base@DV?$stream_output_adapter@D@__crt_stdio_output@@@2@@__crt_stdio_output@@AEAA_NXZ 000000018000fa80 f i libucrt:output.obj
 0001:0000ec3c       ?type_case_c_tchar@?$output_processor@DV?$stream_output_adapter@D@__crt_stdio_output@@V?$standard_base@DV?$stream_output_adapter@D@__crt_stdio_output@@@2@@__crt_stdio_output@@AEAA_ND@Z 000000018000fc3c f i libucrt:output.obj
 0001:0000ecf8       ?type_case_integer@?$output_processor@DV?$stream_output_adapter@D@__crt_stdio_output@@V?$standard_base@DV?$stream_output_adapter@D@__crt_stdio_output@@@2@@__crt_stdio_output@@AEAA_NI_N@Z 000000018000fcf8 f i libucrt:output.obj
 0001:0000eec0       ?type_case_n@?$output_processor@DV?$stream_output_adapter@D@__crt_stdio_output@@V?$standard_base@DV?$stream_output_adapter@D@__crt_stdio_output@@@2@@__crt_stdio_output@@AEAA_NXZ 000000018000fec0 f i libucrt:output.obj
 0001:0000ef9c       ?type_case_s@?$output_processor@DV?$stream_output_adapter@D@__crt_stdio_output@@V?$standard_base@DV?$stream_output_adapter@D@__crt_stdio_output@@@2@@__crt_stdio_output@@AEAA_NXZ 000000018000ff9c f i libucrt:output.obj
 0001:0000f034       ?validate_stream_is_ansi_if_required@?$__acrt_stdio_char_traits@D@@SA_NQEAU_iobuf@@@Z 0000000180010034 f i libucrt:output.obj
 0001:0000f0d0       ?write_stored_string_tchar@?$output_processor@DV?$stream_output_adapter@D@__crt_stdio_output@@V?$standard_base@DV?$stream_output_adapter@D@__crt_stdio_output@@@2@@__crt_stdio_output@@AEAA_ND@Z 00000001800100d0 f i libucrt:output.obj
 0001:0000f1f4       ?write_string_impl@?$output_adapter_common@DV?$stream_output_adapter@D@__crt_stdio_output@@@__crt_stdio_output@@IEBAXQEBDHQEAHAEAV__crt_deferred_errno_cache@@@Z 00000001800101f4 f i libucrt:output.obj
 0001:0000f2ec       __stdio_common_vfprintf    00000001800102ec f   libucrt:output.obj
 0001:0000f378       free                       0000000180010378 f   libucrt:free.obj
 0001:0000f38c       ??$parse_integer@KV?$c_string_character_source@D@__crt_strtox@@@__crt_strtox@@YAKQEAU__crt_locale_pointers@@V?$c_string_character_source@D@0@H_N@Z 000000018001038c f i libucrt:atox.obj
 0001:0000f6c8       ??$parse_integer@KV?$c_string_character_source@_W@__crt_strtox@@@__crt_strtox@@YAKQEAU__crt_locale_pointers@@V?$c_string_character_source@_W@0@H_N@Z 00000001800106c8 f i libucrt:atox.obj
 0001:0000fd7c       _wtol                      0000000180010d7c f   libucrt:atox.obj
 0001:0000fda8       atoi                       0000000180010da8 f   libucrt:atox.obj
 0001:0000fe48       ??$parse_floating_point@V?$c_string_character_source@D@__crt_strtox@@N@__crt_strtox@@YA?AW4SLD_STATUS@@QEAU__crt_locale_pointers@@V?$c_string_character_source@D@0@QEAN@Z 0000000180010e48 f i libucrt:atof.obj
 0001:0000fee8       ??$parse_floating_point_from_source@V?$c_string_character_source@D@__crt_strtox@@@__crt_strtox@@YA?AW4floating_point_parse_result@0@QEAU__crt_locale_pointers@@AEAV?$c_string_character_source@D@0@AEAUfloating_point_string@0@@Z 0000000180010ee8 f i libucrt:atof.obj
 0001:000103d0       ??$parse_floating_point_possible_infinity@DV?$c_string_character_source@D@__crt_strtox@@PEBD@__crt_strtox@@YA?AW4floating_point_parse_result@0@AEADAEAV?$c_string_character_source@D@0@PEBD@Z 00000001800113d0 f i libucrt:atof.obj
 0001:0001052c       ??$parse_floating_point_possible_nan@DV?$c_string_character_source@D@__crt_strtox@@PEBD@__crt_strtox@@YA?AW4floating_point_parse_result@0@AEADAEAV?$c_string_character_source@D@0@PEBD@Z 000000018001152c f i libucrt:atof.obj
 0001:00010718       ??$parse_floating_point_possible_nan_is_ind@DV?$c_string_character_source@D@__crt_strtox@@@__crt_strtox@@YA_NAEADAEAV?$c_string_character_source@D@0@@Z 0000000180011718 f i libucrt:atof.obj
 0001:0001075c       ??$parse_floating_point_possible_nan_is_snan@DV?$c_string_character_source@D@__crt_strtox@@@__crt_strtox@@YA_NAEADAEAV?$c_string_character_source@D@0@@Z 000000018001175c f i libucrt:atof.obj
 0001:000107a0       ??$parse_floating_point_write_result@N@__crt_strtox@@YA?AW4SLD_STATUS@@W4floating_point_parse_result@0@AEBUfloating_point_string@0@QEAN@Z 00000001800117a0 f i libucrt:atof.obj
 0001:00010980       ?as_double@floating_point_value@__crt_strtox@@QEBAAEANXZ 0000000180011980 f i libucrt:atof.obj
 0001:000109bc       ?as_float@floating_point_value@__crt_strtox@@QEBAAEAMXZ 00000001800119bc f i libucrt:atof.obj
 0001:000109f8       ?assemble_floating_point_value@__crt_strtox@@YA?AW4SLD_STATUS@@_KH_N1AEBVfloating_point_value@1@@Z 00000001800119f8 f i libucrt:atof.obj
 0001:00010da0       ?assemble_floating_point_value_from_big_integer@__crt_strtox@@YA?AW4SLD_STATUS@@AEBUbig_integer@1@I_N1AEBVfloating_point_value@1@@Z 0000000180011da0 f i libucrt:atof.obj
 0001:00010f04       ?convert_decimal_string_to_floating_type_common@__crt_strtox@@YA?AW4SLD_STATUS@@AEBUfloating_point_string@1@AEBVfloating_point_value@1@@Z 0000000180011f04 f i libucrt:atof.obj
 0001:00012c84       ?convert_hexadecimal_string_to_floating_type_common@__crt_strtox@@YA?AW4SLD_STATUS@@AEBUfloating_point_string@1@AEBVfloating_point_value@1@@Z 0000000180013c84 f i libucrt:atof.obj
 0001:00012d30       ?divide@__crt_strtox@@YA_KAEAUbig_integer@1@AEBU21@@Z 0000000180013d30 f i libucrt:atof.obj
 0001:0001315c       atof                       000000018001415c f   libucrt:atof.obj
 0001:000131ec       __ascii_stricmp            00000001800141ec f   libucrt:stricmp.obj
 0001:0001322c       _stricmp                   000000018001422c f   libucrt:stricmp.obj
 0001:00013274       _stricmp_l                 0000000180014274 f   libucrt:stricmp.obj
 0001:00013328       __acrt_initialize_locks    0000000180014328 f   libucrt:locks.obj
 0001:00013370       __acrt_lock                0000000180014370 f   libucrt:locks.obj
 0001:0001338c       __acrt_uninitialize_locks  000000018001438c f   libucrt:locks.obj
 0001:000133c4       __acrt_unlock              00000001800143c4 f   libucrt:locks.obj
 0001:000133e0       _lock_locales              00000001800143e0 f   libucrt:locks.obj
 0001:000133fc       _unlock_locales            00000001800143fc f   libucrt:locks.obj
 0001:0001340c       terminate                  000000018001440c f   libucrt:terminate.obj
 0001:0001342c       _fclose_nolock             000000018001442c f   libucrt:fclose.obj
 0001:000134b0       fclose                     00000001800144b0 f   libucrt:fclose.obj
 0001:00013730       __acrt_stdio_flush_nolock  0000000180014730 f   libucrt:fflush.obj
 0001:000137ac       _fflush_nolock             00000001800147ac f   libucrt:fflush.obj
 0001:000137f8       _flushall                  00000001800147f8 f   libucrt:fflush.obj
 0001:00013800       fflush                     0000000180014800 f   libucrt:fflush.obj
 0001:00013868       _fgetc_nolock              0000000180014868 f   libucrt:fgetc.obj
 0001:000138ac       fgetc                      00000001800148ac f   libucrt:fgetc.obj
 0001:000139b4       fgetpos                    00000001800149b4 f   libucrt:fgetpos.obj
 0001:00013a00       _fputc_nolock              0000000180014a00 f   libucrt:fputc.obj
 0001:00013a18       fputc                      0000000180014a18 f   libucrt:fputc.obj
 0001:00013b3c       _fread_nolock_s            0000000180014b3c f   libucrt:fread.obj
 0001:00013dcc       fread                      0000000180014dcc f   libucrt:fread.obj
 0001:00013dec       fread_s                    0000000180014dec f   libucrt:fread.obj
 0001:00013e94       fsetpos                    0000000180014e94 f   libucrt:fsetpos.obj
 0001:000140d4       _fseeki64                  00000001800150d4 f   libucrt:fseek.obj
 0001:00014180       _fwrite_nolock             0000000180015180 f   libucrt:fwrite.obj
 0001:0001432c       fwrite                     000000018001532c f   libucrt:fwrite.obj
 0001:000144d0       setvbuf                    00000001800154d0 f   libucrt:setvbuf.obj
 0001:0001456c       _ungetc_nolock             000000018001556c f   libucrt:ungetc.obj
 0001:00014694       ungetc                     0000000180015694 f   libucrt:ungetc.obj
 0001:000146ec       malloc                     00000001800156ec f   libucrt:malloc.obj
 0001:000149d4       setlocale                  00000001800159d4 f   libucrt:setlocale.obj
 0001:00014a20       calloc                     0000000180015a20 f   libucrt:calloc.obj
 0001:00014a28       __pctype_func              0000000180015a28 f   libucrt:ctype.obj
 0001:00014a58       isdigit                    0000000180015a58 f i libucrt:_ctype.obj
 0001:00014aec       islower                    0000000180015aec f i libucrt:_ctype.obj
 0001:00014b80       isupper                    0000000180015b80 f i libucrt:_ctype.obj
 0001:00014c14       _wcsdup                    0000000180015c14 f   libucrt:wcsdup.obj
 0001:00014c98       ___lc_codepage_func        0000000180015c98 f   libucrt:initctype.obj
 0001:00014cc8       ___lc_locale_name_func     0000000180015cc8 f   libucrt:initctype.obj
 0001:00014cfc       __acrt_locale_initialize_ctype 0000000180015cfc f   libucrt:initctype.obj
 0001:0001534c       __acrt_errno_from_os_error 000000018001634c f   libucrt:errno.obj
 0001:00015394       __acrt_errno_map_os_error  0000000180016394 f   libucrt:errno.obj
 0001:000153e4       __doserrno                 00000001800163e4 f   libucrt:errno.obj
 0001:00015404       _errno                     0000000180016404 f   libucrt:errno.obj
 0001:00015430       pow                        0000000180016430 f   libucrt:pow.obj
 0001:00016ad0       powf                       0000000180017ad0 f   libucrt:powf.obj
 0001:00017998       __strncnt                  0000000180018998 f   libucrt:strncnt.obj
 0001:000179b0       ??$__acrt_mbs_to_wcs_cp@U__crt_win32_buffer_internal_dynamic_resizing@@@@YAHQEBDAEAV?$__crt_win32_buffer@_WU__crt_win32_buffer_internal_dynamic_resizing@@@@I@Z 00000001800189b0 f i libucrt:strftime.obj
 0001:00017b28       ??$__acrt_wcs_to_mbs_cp@U__crt_win32_buffer_no_resizing@@@@YAHQEB_WAEAV?$__crt_win32_buffer@DU__crt_win32_buffer_no_resizing@@@@I@Z 0000000180018b28 f i libucrt:strftime.obj
 0001:00017c3c       wcscpy_s                   0000000180018c3c f   libucrt:wcscpy_s.obj
 0001:00017ca4       strnlen                    0000000180018ca4 f   libucrt:strnlen.obj
 0001:00017df4       wcsnlen                    0000000180018df4 f   libucrt:strnlen.obj
 0001:00017fcc       __acrt_initialize_new_handler 0000000180018fcc f   libucrt:new_handler.obj
 0001:00017fd4       _callnewh                  0000000180018fd4 f   libucrt:new_handler.obj
 0001:00018004       _query_new_handler         0000000180019004 f   libucrt:new_handler.obj
 0001:00018038       _seh_filter_dll            0000000180019038 f   libucrt:exception_filter.obj
 0001:0001804c       _seh_filter_exe            000000018001904c f   libucrt:exception_filter.obj
 0001:00018394       __acrt_allocate_buffer_for_argv 0000000180019394 f   libucrt:argv_parsing.obj
 0001:000183f4       _configure_narrow_argv     00000001800193f4 f   libucrt:argv_parsing.obj
 0001:0001876c       __dcrt_uninitialize_environments_nolock 000000018001976c f   libucrt:environment_initialization.obj
 0001:000187a4       _initialize_narrow_environment 00000001800197a4 f   libucrt:environment_initialization.obj
 0001:00018aec       _crt_atexit                0000000180019aec f   libucrt:onexit.obj
 0001:00018afc       _execute_onexit_table      0000000180019afc f   libucrt:onexit.obj
 0001:00018b38       _initialize_onexit_table   0000000180019b38 f   libucrt:onexit.obj
 0001:00018b60       _register_onexit_function  0000000180019b60 f   libucrt:onexit.obj
 0001:00018cd4       __acrt_initialize          0000000180019cd4 f   libucrt:initialization.obj
 0001:00018ce8       __acrt_thread_attach       0000000180019ce8 f   libucrt:initialization.obj
 0001:00018cfc       __acrt_thread_detach       0000000180019cfc f   libucrt:initialization.obj
 0001:00018d0c       __acrt_uninitialize        0000000180019d0c f   libucrt:initialization.obj
 0001:00018d44       __acrt_uninitialize_critical 0000000180019d44 f   libucrt:initialization.obj
 0001:00018d54       _initterm                  0000000180019d54 f   libucrt:initterm.obj
 0001:00018db8       _initterm_e                0000000180019db8 f   libucrt:initterm.obj
 0001:00018df8       strcpy_s                   0000000180019df8 f   libucrt:strcpy_s.obj
 0001:00018e58       wcsncmp                    0000000180019e58 f   libucrt:wcsncmp.obj
 0001:00018ea0       strncmp                    0000000180019ea0 f   libucrt:strncmp.obj
 0001:00018f20       __acrt_get_process_end_policy 0000000180019f20 f   libucrt:win_policies.obj
 0001:00018fa4       __acrt_get_sigabrt_handler 0000000180019fa4 f   libucrt:signal.obj
 0001:00018fd4       __acrt_initialize_signal_handlers 0000000180019fd4 f   libucrt:signal.obj
 0001:00018ff4       raise                      0000000180019ff4 f   libucrt:signal.obj
 0001:000195d8       __acrt_freeptd             000000018001a5d8 f   libucrt:per_thread_data.obj
 0001:0001961c       __acrt_getptd              000000018001a61c f   libucrt:per_thread_data.obj
 0001:000196f0       __acrt_getptd_head         000000018001a6f0 f   libucrt:per_thread_data.obj
 0001:00019798       __acrt_getptd_noexit       000000018001a798 f   libucrt:per_thread_data.obj
 0001:00019864       __acrt_initialize_ptd      000000018001a864 f   libucrt:per_thread_data.obj
 0001:000198a0       __acrt_uninitialize_ptd    000000018001a8a0 f   libucrt:per_thread_data.obj
 0001:000198c4       _isleadbyte_l              000000018001a8c4 f i libucrt:_wctype.obj
 0001:00019910       _isctype_l                 000000018001a910 f   libucrt:isctype.obj
 0001:00019d38       __acrt_LCMapStringA        000000018001ad38 f   libucrt:lcmapstringa.obj
 0001:00019dd0       __acrt_update_locale_info  000000018001add0 f   libucrt:locale_update.obj
 0001:00019e04       __acrt_update_multibyte_info 000000018001ae04 f   libucrt:locale_update.obj
 0001:0001a0a0       __acrt_copy_locale_name    000000018001b0a0 f   libucrt:wsetlocale.obj
 0001:0001a124       __acrt_set_locale_changed  000000018001b124 f   libucrt:wsetlocale.obj
 0001:0001a130       __acrt_uninitialize_locale 000000018001b130 f   libucrt:wsetlocale.obj
 0001:0001a160       __lc_lctowcs               000000018001b160 f   libucrt:wsetlocale.obj
 0001:0001a204       __lc_wcstolc               000000018001b204 f   libucrt:wsetlocale.obj
 0001:0001a440       _expandlocale              000000018001b440 f   libucrt:wsetlocale.obj
 0001:0001a824       _wcscats                   000000018001b824 f   libucrt:wsetlocale.obj
 0001:0001a88c       _wsetlocale                000000018001b88c f   libucrt:wsetlocale.obj
 0001:0001b104       _calloc_base               000000018001c104 f   libucrt:calloc_base.obj
 0001:0001b17c       _free_base                 000000018001c17c f   libucrt:free_base.obj
 0001:0001b438       __acrt_AppPolicyGetProcessTerminationMethodInternal 000000018001c438 f   libucrt:winapi_thunks.obj
 0001:0001b488       __acrt_AreFileApisANSI     000000018001c488 f   libucrt:winapi_thunks.obj
 0001:0001b4c4       __acrt_EnumSystemLocalesEx 000000018001c4c4 f   libucrt:winapi_thunks.obj
 0001:0001b55c       __acrt_FlsAlloc            000000018001c55c f   libucrt:winapi_thunks.obj
 0001:0001b5a4       __acrt_FlsFree             000000018001c5a4 f   libucrt:winapi_thunks.obj
 0001:0001b5ec       __acrt_FlsGetValue         000000018001c5ec f   libucrt:winapi_thunks.obj
 0001:0001b634       __acrt_FlsSetValue         000000018001c634 f   libucrt:winapi_thunks.obj
 0001:0001b688       __acrt_GetLocaleInfoEx     000000018001c688 f   libucrt:winapi_thunks.obj
 0001:0001b70c       __acrt_GetUserDefaultLocaleName 000000018001c70c f   libucrt:winapi_thunks.obj
 0001:0001b770       __acrt_InitializeCriticalSectionEx 000000018001c770 f   libucrt:winapi_thunks.obj
 0001:0001b7d4       __acrt_IsValidLocaleName   000000018001c7d4 f   libucrt:winapi_thunks.obj
 0001:0001b82c       __acrt_LCIDToLocaleName    000000018001c82c f   libucrt:winapi_thunks.obj
 0001:0001b89c       __acrt_LCMapStringEx       000000018001c89c f   libucrt:winapi_thunks.obj
 0001:0001b978       __acrt_LocaleNameToLCID    000000018001c978 f   libucrt:winapi_thunks.obj
 0001:0001b9c8       __acrt_can_use_vista_locale_apis 000000018001c9c8 f   libucrt:winapi_thunks.obj
 0001:0001b9f8       __acrt_eagerly_load_locale_apis 000000018001c9f8 f   libucrt:winapi_thunks.obj
 0001:0001bb54       __acrt_initialize_winapi_thunks 000000018001cb54 f   libucrt:winapi_thunks.obj
 0001:0001bb88       __acrt_uninitialize_winapi_thunks 000000018001cb88 f   libucrt:winapi_thunks.obj
 0001:0001bbcc       _fcloseall                 000000018001cbcc f   libucrt:closeall.obj
 0001:0001bc80       __acrt_stdio_free_buffer_nolock 000000018001cc80 f   libucrt:_freebuf.obj
 0001:0001bebc       __acrt_initialize_lowio    000000018001cebc f   libucrt:ioinit.obj
 0001:0001bef8       __acrt_uninitialize_lowio  000000018001cef8 f   libucrt:ioinit.obj
 0001:0001bf38       _malloc_base               000000018001cf38 f   libucrt:malloc_base.obj
 0001:0001bf98       strtol                     000000018001cf98 f   libucrt:strtox.obj
 0001:0001bfc4       _mbtowc_l                  000000018001cfc4 f   libucrt:mbtowc.obj
 0001:0001c140       mbtowc                     000000018001d140 f   libucrt:mbtowc.obj
 0001:0001c148       _wctomb_s_l                000000018001d148 f   libucrt:wctomb.obj
 0001:0001c2e8       wctomb_s                   000000018001d2e8 f   libucrt:wctomb.obj
 0001:0001ccd0       __acrt_fp_format           000000018001dcd0 f   libucrt:cvt.obj
 0001:0001cf58       _fileno                    000000018001df58 f   libucrt:fileno.obj
 0001:0001cf80       _get_printf_count_output   000000018001df80 f   libucrt:printf_count_output.obj
 0001:0001cf98       __acrt_stdio_begin_temporary_buffering_nolock 000000018001df98 f   libucrt:_sftbuf.obj
 0001:0001d068       __acrt_stdio_end_temporary_buffering_nolock 000000018001e068 f   libucrt:_sftbuf.obj
 0001:0001d0a4       iswctype                   000000018001e0a4 f   libucrt:iswctype.obj
 0001:0001d114       fegetround                 000000018001e114 f   libucrt:fegetround.obj
 0001:0001d19c       _close                     000000018001e19c f   libucrt:close.obj
 0001:0001d240       _close_nolock              000000018001e240 f   libucrt:close.obj
 0001:0001d300       ?__acrt_stdio_free_stream@@YAXV__crt_stdio_stream@@@Z 000000018001e300 f   libucrt:stream.obj
 0001:0001d3a8       _commit                    000000018001e3a8 f   libucrt:commit.obj
 0001:0001dca8       _write                     000000018001eca8 f   libucrt:write.obj
 0001:0001dd94       _write_nolock              000000018001ed94 f   libucrt:write.obj
 0001:0001e070       __acrt_stdio_refill_and_read_narrow_nolock 000000018001f070 f   libucrt:_filbuf.obj
 0001:0001e6ac       _ftelli64                  000000018001f6ac f   libucrt:ftell.obj
 0001:0001e6b4       _ftelli64_nolock           000000018001f6b4 f   libucrt:ftell.obj
 0001:0001e818       __acrt_stdio_flush_and_write_narrow_nolock 000000018001f818 f   libucrt:_flsbuf.obj
 0001:0001eed8       _read                      000000018001fed8 f   libucrt:read.obj
 0001:0001eff4       _read_nolock               000000018001fff4 f   libucrt:read.obj
 0001:0001f5d8       _lseeki64                  00000001800205d8 f   libucrt:lseek.obj
 0001:0001f5e0       _lseeki64_nolock           00000001800205e0 f   libucrt:lseek.obj
 0001:0001f5e8       __acrt_stdio_allocate_buffer_nolock 00000001800205e8 f   libucrt:_getbuf.obj
 0001:0001f854       _mbstowcs_s_l              0000000180020854 f   libucrt:mbstowcs.obj
 0001:0001f988       mbstowcs_s                 0000000180020988 f   libucrt:mbstowcs.obj
 0001:0001fd10       _wcstombs_s_l              0000000180020d10 f   libucrt:wcstombs.obj
 0001:0001ff78       __acrt_GetLocaleInfoA      0000000180020f78 f   libucrt:getlocaleinfoa.obj
 0001:00020140       __acrt_GetStringTypeA      0000000180021140 f   libucrt:getstringtypea.obj
 0001:000202d0       _realloc_base              00000001800212d0 f   libucrt:realloc_base.obj
 0001:0002034c       _raise_exc                 000000018002134c f   libucrt:fpexcept.obj
 0001:00020374       _raise_exc_ex              0000000180021374 f   libucrt:fpexcept.obj
 0001:00020684       _raise_excf                0000000180021684 f   libucrt:fpexcept.obj
 0001:000206b0       _set_errno_from_matherr    00000001800216b0 f   libucrt:fpexcept.obj
 0001:000206e0       _clrfp                     00000001800216e0 f   libucrt:fpctrl.obj
 0001:00020700       _ctrlfp                    0000000180021700 f   libucrt:fpctrl.obj
 0001:0002077c       _set_statfp                000000018002177c f   libucrt:fpctrl.obj
 0001:0002079c       _statfp                    000000018002179c f   libucrt:fpctrl.obj
 0001:000207b0       __acrt_initialize_fma3     00000001800217b0 f   libucrt:fma3_available.obj
 0001:00020820       _pow_special               0000000180021820 f   libucrt:pow_special.obj
 0001:00020944       _powf_special              0000000180021944 f   libucrt:pow_special.obj
 0001:00020ad0       __acrt_MultiByteToWideChar 0000000180021ad0 f   libucrt:multibytetowidechar.obj
 0001:00020b2c       __acrt_WideCharToMultiByte 0000000180021b2c f   libucrt:widechartomultibyte.obj
 0001:00020bc4       _wcsicmp                   0000000180021bc4 f   libucrt:wcsicmp.obj
 0001:00020c5c       _wcsicmp_l                 0000000180021c5c f   libucrt:wcsicmp.obj
 0001:00020d5c       __acrt_initialize_timeset  0000000180021d5c f   libucrt:timeset.obj
 0001:00020db4       ??$__acrt_wcs_to_mbs_cp@U__crt_win32_buffer_internal_dynamic_resizing@@@@YAHQEB_WAEAV?$__crt_win32_buffer@DU__crt_win32_buffer_internal_dynamic_resizing@@@@I@Z 0000000180021db4 f i libucrt:argv_wildcards.obj
 0001:000215e4       __acrt_expand_narrow_argv_wildcards 00000001800225e4 f   libucrt:argv_wildcards.obj
 0001:000215ec       __acrt_GetModuleFileNameA  00000001800225ec f   libucrt:getmodulefilenamea.obj
 0001:00021e38       __acrt_initialize_multibyte 0000000180022e38 f   libucrt:mbctype.obj
 0001:00021e98       __acrt_update_thread_multibyte_data 0000000180022e98 f   libucrt:mbctype.obj
 0001:00021eb4       _setmbcp_nolock            0000000180022eb4 f   libucrt:mbctype.obj
 0001:000221e8       _ismbblead                 00000001800231e8 f   libucrt:ismbbyte.obj
 0001:000221fc       __acrt_initialize_command_line 00000001800231fc f   libucrt:argv_data.obj
 0001:00022224       __dcrt_get_narrow_environment_from_os 0000000180023224 f   libucrt:get_environment_from_os.obj
 0001:00022328       _recalloc_base             0000000180023328 f   libucrt:recalloc.obj
 0001:000223c0       __acrt_initialize_heap     00000001800233c0 f   libucrt:heap_handle.obj
 0001:000223dc       __acrt_uninitialize_heap   00000001800233dc f   libucrt:heap_handle.obj
 0001:000223e8       __acrt_execute_initializers 00000001800233e8 f   libucrt:shared_initialization.obj
 0001:00022468       __acrt_execute_uninitializers 0000000180023468 f   libucrt:shared_initialization.obj
 0001:000224a4       __acrt_has_user_matherr    00000001800234a4 f   libucrt:matherr.obj
 0001:000224c4       __acrt_initialize_user_matherr 00000001800234c4 f   libucrt:matherr.obj
 0001:000224cc       __acrt_invoke_user_matherr 00000001800234cc f   libucrt:matherr.obj
 0001:000224fc       __acrt_add_locale_ref      00000001800234fc f   libucrt:locale_refcounting.obj
 0001:00022588       __acrt_free_locale         0000000180023588 f   libucrt:locale_refcounting.obj
 0001:00022700       __acrt_locale_add_lc_time_reference 0000000180023700 f   libucrt:locale_refcounting.obj
 0001:00022728       __acrt_locale_free_lc_time_if_unreferenced 0000000180023728 f   libucrt:locale_refcounting.obj
 0001:00022760       __acrt_locale_release_lc_time_reference 0000000180023760 f   libucrt:locale_refcounting.obj
 0001:00022788       __acrt_release_locale_ref  0000000180023788 f   libucrt:locale_refcounting.obj
 0001:00022830       __acrt_update_thread_locale_data 0000000180023830 f   libucrt:locale_refcounting.obj
 0001:000228a0       _updatetlocinfoEx_nolock   00000001800238a0 f   libucrt:locale_refcounting.obj
 0001:00022908       __acrt_locale_free_monetary 0000000180023908 f   libucrt:initmon.obj
 0001:00022a14       __acrt_locale_initialize_monetary 0000000180023a14 f   libucrt:initmon.obj
 0001:00022f48       __acrt_locale_free_numeric 0000000180023f48 f   libucrt:initnum.obj
 0001:00022fb4       __acrt_locale_initialize_numeric 0000000180023fb4 f   libucrt:initnum.obj
 0001:00023634       __acrt_locale_free_time    0000000180024634 f   libucrt:inittime.obj
 0001:0002373c       __acrt_locale_initialize_time 000000018002473c f   libucrt:inittime.obj
 0001:000237d8       wcscat_s                   00000001800247d8 f   libucrt:wcscat_s.obj
 0001:00023858       wcsncpy_s                  0000000180024858 f   libucrt:wcsncpy_s.obj
 0001:0002393c       wcscspn                    000000018002493c f   libucrt:wcscspn.obj
 0001:0002397c       wcspbrk                    000000018002497c f   libucrt:wcspbrk.obj
 0001:00024164       __acrt_get_qualified_locale 0000000180025164 f   libucrt:get_qualified_locale.obj
 0001:00024b98       __acrt_get_qualified_locale_downlevel 0000000180025b98 f   libucrt:getqloc_downlevel.obj
 0001:00024e18       _query_new_mode            0000000180025e18 f   libucrt:new_mode.obj
 0001:00024f08       __acrt_DownlevelLCIDToLocaleName 0000000180025f08 f   libucrt:lcidtoname_downlevel.obj
 0001:00024ffc       __acrt_DownlevelLocaleNameToLCID 0000000180025ffc f   libucrt:lcidtoname_downlevel.obj
[...]
 0004:00001f74       $pdata$__acrt_DownlevelLCIDToLocaleName 0000000180049f74     libucrt:lcidtoname_downlevel.obj
 0004:00001f80       $pdata$__acrt_DownlevelLocaleNameToLCID 0000000180049f80     libucrt:lcidtoname_downlevel.obj
 0004:00001f8c       $pdata$__acrt_lowio_create_handle_array 0000000180049f8c     libucrt:osfinfo.obj
 0004:00001f98       $pdata$__acrt_lowio_destroy_handle_array 0000000180049f98     libucrt:osfinfo.obj
 0004:00001fa4       $pdata$__acrt_lowio_ensure_fh_exists 0000000180049fa4     libucrt:osfinfo.obj
 0004:00001fb0       $pdata$_free_osfhnd        0000000180049fb0     libucrt:osfinfo.obj
 0004:00001fbc       $pdata$_get_osfhandle      0000000180049fbc     libucrt:osfinfo.obj
 0004:00001fc8       $pdata$?__mbrtowc_utf8@__crt_mbstring@@YA_KPEA_WPEBD_KPEAU_Mbstatet@@@Z 0000000180049fc8     libucrt:mbrtowc.obj
 0004:00001fd4       $pdata$?__mbsrtowcs_utf8@__crt_mbstring@@YA_KPEA_WPEAPEBD_KPEAU_Mbstatet@@@Z 0000000180049fd4     libucrt:mbrtowc.obj
 0004:00001fe0       $pdata$?__c32rtomb_utf8@__crt_mbstring@@YA_KPEAD_UPEAU_Mbstatet@@@Z 0000000180049fe0     libucrt:c32rtomb.obj
 0004:00001fec       $pdata$__acrt_fp_strflt_to_string 0000000180049fec     libucrt:_fptostr.obj
 0004:00001ff8       $pdata$__acrt_fltout       0000000180049ff8     libucrt:cfout.obj
 0004:00002004       $pdata$_isatty             000000018004a004     libucrt:isatty.obj
 0004:00002010       $pdata$__acrt_fenv_set_control 000000018004a010     libucrt:_fenvutils.obj
 0004:0000201c       $pdata$_putwch_nolock      000000018004a01c     libucrt:putwch.obj
 0004:00002028       $pdata$?__wcsrtombs_utf8@__crt_mbstring@@YA_KPEADPEAPEB_W_KPEAU_Mbstatet@@@Z 000000018004a028     libucrt:wcrtomb.obj
 0004:00002034       $pdata$strncpy_s           000000018004a034     libucrt:strncpy_s.obj
 0004:0000204c       $pdata$_call_matherr       000000018004a04c     libucrt:libm_error.obj
 0004:00002058       $pdata$_exception_enabled  000000018004a058     libucrt:libm_error.obj
 0004:00002064       $pdata$_handle_error       000000018004a064     libucrt:libm_error.obj
 0004:00002070       $pdata$_handle_errorf      000000018004a070     libucrt:libm_error.obj
 0004:0000207c       $pdata$_towlower_l         000000018004a07c     libucrt:towlower.obj
 0004:00002088       $pdata$qsort               000000018004a088     libucrt:qsort.obj
 0004:00002094       $pdata$4$qsort             000000018004a094     libucrt:qsort.obj
 0004:000020a0       $pdata$5$qsort             000000018004a0a0     libucrt:qsort.obj
 0004:000020ac       $pdata$fallbackMethod      000000018004a0ac     libucrt:strpbrk.obj
 0004:000020b8       $pdata$strpbrk             000000018004a0b8     libucrt:strpbrk.obj
 0004:000020c4       $pdata$_mbsdec_l           000000018004a0c4     libucrt:mbsdec.obj
 0004:000020d0       $pdata$?initialize_multibyte@@YAHXZ 000000018004a0d0     libucrt:multibyte_initializer.obj
 0004:000020dc       $pdata$_msize_base         000000018004a0dc     libucrt:msize.obj
 0004:000020e8       $pdata$??$common_xtox@K_W@@YAHKQEA_W_KI_N@Z 000000018004a0e8     libucrt:xtoa.obj
 0004:000020f4       $pdata$??$common_xtox_s@K_W@@YAHKQEA_W_KI_N@Z 000000018004a0f4     libucrt:xtoa.obj
 0004:00002100       $pdata$_itow_s             000000018004a100     libucrt:xtoa.obj
 0004:0000210c       $pdata$_wcsnicmp           000000018004a10c     libucrt:wcsnicmp.obj
 0004:00002118       $pdata$_wcsnicmp_l         000000018004a118     libucrt:wcsnicmp.obj
 0004:00002124       $pdata$?__mbrtoc32_utf8@__crt_mbstring@@YA_KPEA_UPEBD_KPEAU_Mbstatet@@@Z 000000018004a124     libucrt:mbrtoc32.obj
 0004:00002130       $pdata$fegetenv            000000018004a130     libucrt:fegetenv.obj
 0004:0000213c       $pdata$fesetenv            000000018004a13c     libucrt:fesetenv.obj
 0004:00002148       $pdata$feholdexcept        000000018004a148     libucrt:feholdexcept.obj
 0004:00002160       $pdata$__dcrt_lowio_ensure_console_output_initialized 000000018004a160     libucrt:initcon.obj
 0004:0000216c       $pdata$__dcrt_terminate_console_output 000000018004a16c     libucrt:initcon.obj
 0004:00002178       $pdata$__dcrt_write_console 000000018004a178     libucrt:initcon.obj
 0004:00002184       $pdata$?__c16rtomb_utf8@__crt_mbstring@@YA_KPEAD_SPEAU_Mbstatet@@@Z 000000018004a184     libucrt:c16rtomb.obj
 0004:00002190       $pdata$__acrt_LCMapStringW 000000018004a190     libucrt:lcmapstringw.obj
 0004:0000219c       $pdata$_clearfp            000000018004a19c     libucrt:ieee.obj
 0004:000021a8       $pdata$_log10_special      000000018004a1a8     libucrt:log_special.obj
 0004:000021b4       $pdata$_log_special_common 000000018004a1b4     libucrt:log_special.obj
 0004:000021c0       $pdata$?DloadAcquireSectionWriteAccess@@YAXXZ 000000018004a1c0     DelayImp:delayhlp.obj
 0004:000021cc       $pdata$?DloadGetSRWLockFunctionPointers@@YAEXZ 000000018004a1cc     DelayImp:delayhlp.obj
 0004:000021d8       $pdata$?DloadMakePermanentImageCommit@@YAXPEAX_K@Z 000000018004a1d8     DelayImp:delayhlp.obj
 0004:000021e4       $pdata$?DloadObtainSection@@YAPEAXPEAK0@Z 000000018004a1e4     DelayImp:delayhlp.obj
 0004:000021f0       $pdata$?DloadProtectSection@@YAXKPEAK@Z 000000018004a1f0     DelayImp:delayhlp.obj
 0004:000021fc       $pdata$?DloadReleaseSectionWriteAccess@@YAXXZ 000000018004a1fc     DelayImp:delayhlp.obj
 0004:00002208       $pdata$__delayLoadHelper2  000000018004a208     DelayImp:delayhlp.obj
 0004:00002214       $pdata$_IsNonwritableInCurrentImage 000000018004a214     LIBCMT:pesect.obj
 0004:00002220       $pdata$_local_unwind       000000018004a220     libvcruntime:jmpuwind.obj
 0004:0000222c       $pdata$strrchr             000000018004a22c     libvcruntime:strrchr.obj
 0004:00002238       $pdata$wcschr              000000018004a238     libvcruntime:wcschr.obj
 0004:00002244       $pdata$sqrt                000000018004a244     libucrt:sqrt.obj
 0004:0000225c       $pdata$?catch$0@?0??Message@Error@Napi@@QEBAAEBV?$basic_string@DU?$char_traits@D@std@@V?$allocator@D@2@@std@@XZ@4HA 000000018004a25c     binding.obj
 0004:00002268       $pdata$?catch$0@?0???$WrapCallback@V<lambda_8c7377a71108815b2eee34f099f4cb99>@@@details@Napi@@YAPEAUnapi_value__@@V<lambda_8c7377a71108815b2eee34f099f4cb99>@@@Z@4HA 000000018004a268     binding.obj
 0004:00002274       $pdata$?catch$0@?0???$WrapCallback@V<lambda_e6caea6a30259f96669eebf304adf243>@@@details@Napi@@YAPEAUnapi_value__@@V<lambda_e6caea6a30259f96669eebf304adf243>@@@Z@4HA 000000018004a274     binding.obj
 0004:00002280       $pdata$?dtor$0@?0???0?$basic_ostream@DU?$char_traits@D@std@@@std@@QEAA@PEAV?$basic_streambuf@DU?$char_traits@D@std@@@1@_N@Z@4HA 000000018004a280     libcpmt:cout.obj
 0004:0000228c       $pdata$?dtor$0@?0??_Getcat@?$codecvt@DDU_Mbstatet@@@std@@SA_KPEAPEBVfacet@locale@2@PEBV42@@Z@4HA 000000018004a28c     libcpmt:cout.obj
 0004:00002298       $pdata$__scrt_is_nonwritable_in_current_image$filt$0 000000018004a298     LIBCMT:utility.obj
 0004:000022a4       $pdata$?fin$0@?0??dllmain_crt_process_attach@@YAHQEAUHINSTANCE__@@QEAX@Z@4HA 000000018004a2a4     LIBCMT:dll_dllmain.obj
 0004:000022b0       $pdata$?fin$0@?0??dllmain_crt_process_detach@@YAH_N@Z@4HA 000000018004a2b0     LIBCMT:dll_dllmain.obj
 0004:000022bc       $pdata$?filt$0@?0??dllmain_dispatch@@YAHQEAUHINSTANCE__@@KQEAX@Z@4HA 000000018004a2bc     LIBCMT:dll_dllmain.obj
 0004:000022c8       $pdata$?filt$0@?0???$_CallSETranslator@V__FrameHandler3@@@@YAHPEAUEHExceptionRecord@@PEA_KPEAU_CONTEXT@@PEAU_xDISPATCHER_CONTEXT@@PEBU_s_FuncInfo@@K1@Z@4HA 000000018004a2c8     libvcruntime:risctrnsctrl.obj
 0004:000022d4       $pdata$__DestructExceptionObject$filt$0 000000018004a2d4     libvcruntime:ehhelpers.obj
 0004:000022e0       $pdata$?filt$0@?0??CxxCallCatchBlock@__FrameHandler3@@SAPEAXPEAU_EXCEPTION_RECORD@@@Z@4HA 000000018004a2e0     libvcruntime:frame.obj
 0004:000022ec       $pdata$?fin$1@?0??CxxCallCatchBlock@__FrameHandler3@@SAPEAXPEAU_EXCEPTION_RECORD@@@Z@4HA 000000018004a2ec     libvcruntime:frame.obj
 0004:000022f8       $pdata$?filt$0@?0??FrameUnwindToState@__FrameHandler3@@SAXPEA_KPEAU_xDISPATCHER_CONTEXT@@PEBU_s_FuncInfo@@H@Z@4HA 000000018004a2f8     libvcruntime:frame.obj
 0004:00002304       $pdata$?fin$1@?0??FrameUnwindToState@__FrameHandler3@@SAXPEA_KPEAU_xDISPATCHER_CONTEXT@@PEBU_s_FuncInfo@@H@Z@4HA 000000018004a304     libvcruntime:frame.obj
 0004:00002310       $pdata$?fin$0@?0???$?RV<lambda_450d765d439847d4c735a33c368b5fc0>@@AEAV<lambda_44731a7d0e6d81c3e6aa82d741081786>@@V<lambda_601a2a7da3b7a96e9554ac7215c4b07c>@@@?$__crt_seh_guarded_call@P6AXH@Z@@QEAAP6AXH@Z$$QEAV<lambda_450d765d439847d4c735a33c368b5fc0>@@AEAV<lambda_44731a7d0e6d81c3e6aa82d741081786>@@$$QEAV<lambda_601a2a7da3b7a96e9554ac7215c4b07c>@@@Z@4HA 000000018004a310     libucrt:signal.obj
 0004:00002310       $pdata$?fin$0@?0???$?RV<lambda_2d41944a1d46af3157314b8a01080d33>@@AEAV<lambda_8f455de75cd7d7f24b4096f044d8b9e6>@@V<lambda_aa500f224e6afead328df44964fe2772>@@@?$__crt_seh_guarded_call@X@@QEAAX$$QEAV<lambda_2d41944a1d46af3157314b8a01080d33>@@AEAV<lambda_8f455de75cd7d7f24b4096f044d8b9e6>@@$$QEAV<lambda_aa500f224e6afead328df44964fe2772>@@@Z@4HA 000000018004a310     libucrt:per_thread_data.obj
 0004:00002310       $pdata$?fin$0@?0???$?RV<lambda_d80eeec6fff315bfe5c115232f3240e3>@@AEAV<lambda_6e4b09c48022b2350581041d5f6b0c4c>@@V<lambda_2358e3775559c9db80273638284d5e45>@@@?$__crt_seh_guarded_call@X@@QEAAX$$QEAV<lambda_d80eeec6fff315bfe5c115232f3240e3>@@AEAV<lambda_6e4b09c48022b2350581041d5f6b0c4c>@@$$QEAV<lambda_2358e3775559c9db80273638284d5e45>@@@Z@4HA 000000018004a310     libucrt:exit.obj
 0004:00002310       $pdata$?fin$0@?0???$?RV<lambda_1d892b297fdedeee07ed8124eeb2f2fa>@@AEAV<lambda_ffc046909424fd52df0ac47e64813305>@@V<lambda_01a7098693036236037e7cdb9bca3d73>@@@?$__crt_seh_guarded_call@X@@QEAAX$$QEAV<lambda_1d892b297fdedeee07ed8124eeb2f2fa>@@AEAV<lambda_ffc046909424fd52df0ac47e64813305>@@$$QEAV<lambda_01a7098693036236037e7cdb9bca3d73>@@@Z@4HA 000000018004a310     libucrt:wsetlocale.obj
 0004:00002310       $pdata$?fin$0@?0???$?RV<lambda_7777bce6b2f8c936911f934f8298dc43>@@AEAV<lambda_f03950bc5685219e0bcd2087efbe011e>@@V<lambda_3883c3dff614d5e0c5f61bb1ac94921c>@@@?$__crt_seh_guarded_call@H@@QEAAH$$QEAV<lambda_7777bce6b2f8c936911f934f8298dc43>@@AEAV<lambda_f03950bc5685219e0bcd2087efbe011e>@@$$QEAV<lambda_3883c3dff614d5e0c5f61bb1ac94921c>@@@Z@4HA 000000018004a310     libucrt:onexit.obj
 0004:00002310       $pdata$?fin$0@?0???$?RV<lambda_efdfa57d1f175319df784efa44bb7b81>@@AEAV<lambda_5f0a4c1567f8adc6734073e5d1e1b35c>@@V<lambda_2e8a7d3640ea6ccb4c2413664c2db6fd>@@@?$__crt_seh_guarded_call@X@@QEAAX$$QEAV<lambda_efdfa57d1f175319df784efa44bb7b81>@@AEAV<lambda_5f0a4c1567f8adc6734073e5d1e1b35c>@@$$QEAV<lambda_2e8a7d3640ea6ccb4c2413664c2db6fd>@@@Z@4HA 000000018004a310     libucrt:mbctype.obj
 0004:00002310       $pdata$?fin$0@?0???$?RV<lambda_9bd929c17696992ce54f1d748594fc62>@@AEAV<lambda_082c17da81b0962e08c0587ee0fac50c>@@V<lambda_9c08ac857f4975304d44e9f601d9b878>@@@?$__crt_seh_guarded_call@PEAD@@QEAAPEAD$$QEAV<lambda_9bd929c17696992ce54f1d748594fc62>@@AEAV<lambda_082c17da81b0962e08c0587ee0fac50c>@@$$QEAV<lambda_9c08ac857f4975304d44e9f601d9b878>@@@Z@4HA 000000018004a310     libucrt:setlocale.obj
 0004:00002310       $pdata$?fin$0@?0???$?RV<lambda_638799b9deba96c50f710eeac98168cd>@@AEAV<lambda_22ebabd17bc4fa466a2aca6d8deb888d>@@V<lambda_a6f7d7db0129f75315ebf26d50c089f1>@@@?$__crt_seh_guarded_call@H@@QEAAH$$QEAV<lambda_638799b9deba96c50f710eeac98168cd>@@AEAV<lambda_22ebabd17bc4fa466a2aca6d8deb888d>@@$$QEAV<lambda_a6f7d7db0129f75315ebf26d50c089f1>@@@Z@4HA 000000018004a310     libucrt:onexit.obj
 0004:00002310       $pdata$?fin$0@?0???$?RV<lambda_0ae27a3a962d80f24befdcbee591983d>@@AEAV<lambda_8d0ee55de4b1038c4002e0adecdf1839>@@V<lambda_dc504788e8f1664fe9b84e20bfb512f2>@@@?$__crt_seh_guarded_call@X@@QEAAX$$QEAV<lambda_0ae27a3a962d80f24befdcbee591983d>@@AEAV<lambda_8d0ee55de4b1038c4002e0adecdf1839>@@$$QEAV<lambda_dc504788e8f1664fe9b84e20bfb512f2>@@@Z@4HA 000000018004a310     libucrt:per_thread_data.obj
 0004:00002310       $pdata$?fin$0@?0???$?RV<lambda_bd00b5aa228bd7e7e5b2b5db5fd2933b>@@AEAV<lambda_777d11615145f89ee95b9466d285deeb>@@V<lambda_6e5e48fbd24f9f8f81b203eb3d877683>@@@?$__crt_seh_guarded_call@H@@QEAAH$$QEAV<lambda_bd00b5aa228bd7e7e5b2b5db5fd2933b>@@AEAV<lambda_777d11615145f89ee95b9466d285deeb>@@$$QEAV<lambda_6e5e48fbd24f9f8f81b203eb3d877683>@@@Z@4HA 000000018004a310     libucrt:winapi_thunks.obj
 0004:00002310       $pdata$?fin$0@?0???$?RV<lambda_aa87e3671a710a21b5dc78c0bdf72e11>@@AEAV<lambda_92619d2358a28f41a33ba319515a20b9>@@V<lambda_6992ecaafeb10aed2b74cb1fae11a551>@@@?$__crt_seh_guarded_call@X@@QEAAX$$QEAV<lambda_aa87e3671a710a21b5dc78c0bdf72e11>@@AEAV<lambda_92619d2358a28f41a33ba319515a20b9>@@$$QEAV<lambda_6992ecaafeb10aed2b74cb1fae11a551>@@@Z@4HA 000000018004a310     libucrt:per_thread_data.obj
 0004:00002310       $pdata$?fin$0@?0???$?RV<lambda_f2e299630e499de9f9a165e60fcd3db5>@@AEAV<lambda_2ae9d31cdba2644fcbeaf08da7c24588>@@V<lambda_40d01ff24d0e7b3814fdbdcee8eab3c7>@@@?$__crt_seh_guarded_call@X@@QEAAX$$QEAV<lambda_f2e299630e499de9f9a165e60fcd3db5>@@AEAV<lambda_2ae9d31cdba2644fcbeaf08da7c24588>@@$$QEAV<lambda_40d01ff24d0e7b3814fdbdcee8eab3c7>@@@Z@4HA 000000018004a310     libucrt:per_thread_data.obj
 0004:0000231c       $pdata$?filt$0@?0???R<lambda_6e4b09c48022b2350581041d5f6b0c4c>@@QEBA@XZ@4HA 000000018004a31c     libucrt:exit.obj
 0004:00002328       $pdata$?fin$0@?0???$?RV<lambda_84ec643ea9557e2f7dc01bb0e9624395>@@AEAV<lambda_ca71763b3c0644891230e4f79ea54fa6>@@V<lambda_439a761618c59b0600e24586724d733b>@@@?$__crt_seh_guarded_call@H@@QEAAH$$QEAV<lambda_84ec643ea9557e2f7dc01bb0e9624395>@@AEAV<lambda_ca71763b3c0644891230e4f79ea54fa6>@@$$QEAV<lambda_439a761618c59b0600e24586724d733b>@@@Z@4HA 000000018004a328     libucrt:setvbuf.obj
 0004:00002328       $pdata$?fin$0@?0???$?RV<lambda_a62c933ada0517137acf5807a1eeac1f>@@AEAV<lambda_a31071773b9a94e445cbd5d04ef99106>@@V<lambda_56065050dbf3ada7e59a83db45153de3>@@@?$__crt_seh_guarded_call@H@@QEAAH$$QEAV<lambda_a62c933ada0517137acf5807a1eeac1f>@@AEAV<lambda_a31071773b9a94e445cbd5d04ef99106>@@$$QEAV<lambda_56065050dbf3ada7e59a83db45153de3>@@@Z@4HA 000000018004a328     libucrt:output.obj
 0004:00002328       $pdata$?fin$0@?0???$?RV<lambda_c376a267cfb53b6959b3b692ec76b120>@@AEAV<lambda_9a32fed5bf61b6b509b2d3f6003082a1>@@V<lambda_572fbb9fa0ab338edf41edfd4b5fcc8d>@@@?$__crt_seh_guarded_call@H@@QEAAH$$QEAV<lambda_c376a267cfb53b6959b3b692ec76b120>@@AEAV<lambda_9a32fed5bf61b6b509b2d3f6003082a1>@@$$QEAV<lambda_572fbb9fa0ab338edf41edfd4b5fcc8d>@@@Z@4HA 000000018004a328     libucrt:fflush.obj
 0004:00002328       $pdata$?fin$0@?0???$?RV<lambda_842d9ff0dc9ef11c61343bbaebe7f885>@@AEAV<lambda_c5860995281e5c4ce005b3de8f5874ee>@@V<lambda_d90129c13df834fdcbf8d2b88dafcf2d>@@@?$__crt_seh_guarded_call@X@@QEAAX$$QEAV<lambda_842d9ff0dc9ef11c61343bbaebe7f885>@@AEAV<lambda_c5860995281e5c4ce005b3de8f5874ee>@@$$QEAV<lambda_d90129c13df834fdcbf8d2b88dafcf2d>@@@Z@4HA 000000018004a328     libucrt:fflush.obj
 0004:00002328       $pdata$?fin$0@?0???$?RV<lambda_bdbcead8b570fa3d5ec6d9679862a6e5>@@AEAV<lambda_96f4279ff90247a4c5c5d9824f56f8c1>@@V<lambda_4606be27f17b5e5579e09050fab91818>@@@?$__crt_seh_guarded_call@_K@@QEAA_K$$QEAV<lambda_bdbcead8b570fa3d5ec6d9679862a6e5>@@AEAV<lambda_96f4279ff90247a4c5c5d9824f56f8c1>@@$$QEAV<lambda_4606be27f17b5e5579e09050fab91818>@@@Z@4HA 000000018004a328     libucrt:fwrite.obj
 0004:00002334       $pdata$?fin$0@?0??common_fseek@@YAHV__crt_stdio_stream@@_JH@Z@4HA 000000018004a334     libucrt:fseek.obj
 0004:00002334       $pdata$?fin$0@?0???$common_ftell@_J@@YA_JV__crt_stdio_stream@@@Z@4HA 000000018004a334     libucrt:ftell.obj
 0004:00002334       $pdata$fclose$fin$0        000000018004a334     libucrt:fclose.obj
 0004:00002340       $pdata$?fin$0@?0???$?RV<lambda_886d6c58226a84441f68b9f2b8217b83>@@AEAV<lambda_ab61a845afdef5b7c387490eaf3616ee>@@V<lambda_f7f22ab5edc0698d5f6905b0d3f44752>@@@?$__crt_seh_guarded_call@X@@QEAAX$$QEAV<lambda_886d6c58226a84441f68b9f2b8217b83>@@AEAV<lambda_ab61a845afdef5b7c387490eaf3616ee>@@$$QEAV<lambda_f7f22ab5edc0698d5f6905b0d3f44752>@@@Z@4HA 000000018004a340     libucrt:fflush.obj
 0004:0000234c       $pdata$fgetc$fin$0         000000018004a34c     libucrt:fgetc.obj
 0004:00002358       $pdata$fputc$fin$0         000000018004a358     libucrt:fputc.obj
 0004:00002364       $pdata$fread_s$fin$0       000000018004a364     libucrt:fread.obj
 0004:00002370       $pdata$ungetc$fin$0        000000018004a370     libucrt:ungetc.obj
 0004:0000237c       $pdata$_query_new_handler$fin$0 000000018004a37c     libucrt:new_handler.obj
 0004:00002388       $pdata$raise$fin$0         000000018004a388     libucrt:signal.obj
 0004:00002394       $pdata$?fin$0@?0???$?RV<lambda_410d79af7f07d98d83a3f525b3859a53>@@AEAV<lambda_3e16ef9562a7dcce91392c22ab16ea36>@@V<lambda_38119f0e861e05405d8a144b9b982f0a>@@@?$__crt_seh_guarded_call@X@@QEAAX$$QEAV<lambda_410d79af7f07d98d83a3f525b3859a53>@@AEAV<lambda_3e16ef9562a7dcce91392c22ab16ea36>@@$$QEAV<lambda_38119f0e861e05405d8a144b9b982f0a>@@@Z@4HA 000000018004a394     libucrt:wsetlocale.obj
 0004:000023a0       $pdata$?fin$0@?0???$?RV<lambda_7f2adfce497ff2baa965cd4f576ecfd1>@@AEAV<lambda_2a444430fde8c29194d880d93eed5e8f>@@AEAV<lambda_8dff2cf36a5417162780cd64fa2883ef>@@@?$__crt_seh_guarded_call@X@@QEAAX$$QEAV<lambda_7f2adfce497ff2baa965cd4f576ecfd1>@@AEAV<lambda_2a444430fde8c29194d880d93eed5e8f>@@AEAV<lambda_8dff2cf36a5417162780cd64fa2883ef>@@@Z@4HA 000000018004a3a0     libucrt:wsetlocale.obj
 0004:000023ac       $pdata$_fcloseall$fin$0    000000018004a3ac     libucrt:closeall.obj
 0004:000023b8       $pdata$__acrt_initialize_lowio$fin$0 000000018004a3b8     libucrt:ioinit.obj
 0004:000023b8       $pdata$__acrt_lowio_ensure_fh_exists$fin$0 000000018004a3b8     libucrt:osfinfo.obj
 0004:000023c4       $pdata$?fin$0@?0???$?RV<lambda_a37b2b86f63e897a80ea819b0eb08c01>@@AEAV<lambda_38ce7e780aa69e748d6df282ebc68efe>@@V<lambda_99fb1378e971ab6e7edea83e3a7a83a2>@@@?$__crt_seh_guarded_call@H@@QEAAH$$QEAV<lambda_a37b2b86f63e897a80ea819b0eb08c01>@@AEAV<lambda_38ce7e780aa69e748d6df282ebc68efe>@@$$QEAV<lambda_99fb1378e971ab6e7edea83e3a7a83a2>@@@Z@4HA 000000018004a3c4     libucrt:commit.obj
 0004:000023c4       $pdata$?fin$0@?0???$?RV<lambda_751a882b2c74d4b022dec766aa51a29a>@@AEAV<lambda_628dfdc04ba53c8bfc02c9951375f3f5>@@V<lambda_f6c7be5f7998530c34de24c7437d6b54>@@@?$__crt_seh_guarded_call@H@@QEAAH$$QEAV<lambda_751a882b2c74d4b022dec766aa51a29a>@@AEAV<lambda_628dfdc04ba53c8bfc02c9951375f3f5>@@$$QEAV<lambda_f6c7be5f7998530c34de24c7437d6b54>@@@Z@4HA 000000018004a3c4     libucrt:close.obj
 0004:000023d0       $pdata$?fin$0@?0???$common_lseek@_J@@YA_JH_JH@Z@4HA 000000018004a3d0     libucrt:lseek.obj
 0004:000023d0       $pdata$_write$fin$0        000000018004a3d0     libucrt:write.obj
 0004:000023dc       $pdata$_read$fin$0         000000018004a3dc     libucrt:read.obj
 0004:000023e8       $pdata$_ctrlfp$filt$0      000000018004a3e8     libucrt:fpctrl.obj
 0004:000023f4       $pdata$?fin$0@?0??update_thread_multibyte_data_internal@@YAPEAU__crt_multibyte_data@@QEAU__acrt_ptd@@QEAPEAU1@@Z@4HA 000000018004a3f4     libucrt:mbctype.obj
 0004:00002400       $pdata$__acrt_update_thread_locale_data$fin$0 000000018004a400     libucrt:locale_refcounting.obj
 0004:0000240c       $pdata$_IsNonwritableInCurrentImage$filt$0 000000018004a40c     LIBCMT:pesect.obj
 0004:00002418       $pdata$??__Fcout@std@@YAXXZ 000000018004a418     libcpmt:cout.obj
 0004:00002424       $pdata$??__Fclassic_locale@std@@YAXXZ 000000018004a424     libcpmt:locale0.obj
 0004:00002430       $pdata$??__Finit_atexit@@YAXXZ 000000018004a430     libcpmt:iosptrs.obj
 0005:00000060       $R000000                   000000018004b060     * linker generated manifest res *

 Exports

  ordinal    name

        1    _register_AgLite_
